Component: ARM Compiler 5.06 update 1 (build 61) Tool: armlink [4d35a8]

==============================================================================

Section Cross References

    main.o(i.main) refers to autonetapis.o(.text) for Initial
    main.o(i.main) refers to stm32f0xx_it.o(.text) for setTimer
    main.o(i.main) refers to txrx.o(.text) for RF_Tx
    txrx.o(.text) refers to us2400apis.o(.text) for Us2400Tx
    txrx.o(.text) refers to rt_memcpy.o(.text) for __aeabi_memcpy
    txrx.o(.text) refers to st.o(.data) for TimObj
    txrx.o(.text) refers to txrx.o(.data) for TimeoutFlag
    txrx.o(.text) refers to txrx.o(.bss) for Data
    txrx.o(.text) refers to autonetapis.o(.bss) for pRxData
    stm32f0xx_it.o(.text) refers to stm32f0xx_usart.o(.text) for USART_GetITStatus
    stm32f0xx_it.o(.text) refers to rt_memcpy.o(.text) for __aeabi_memcpy
    stm32f0xx_it.o(.text) refers to stm32f0xx_it.o(.data) for timer_period_Beacon
    stm32f0xx_it.o(.text) refers to stm32f0xx_it.o(.bss) for timer_period
    stm32f0xx_it.o(.text) refers to st.o(.data) for TimObj
    stm32f0xx_it.o(.text) refers to autonetapis.o(.bss) for TimForTable
    stm32f0xx_it.o(.text) refers to com.o(.bss) for UartRxBuffer
    stm32f0xx_it.o(.text) refers to com.o(.data) for UartRxCount
    stm32f0xx_it.o(.text) refers to mcp2120apis.o(.bss) for CommandRxBuffer
    stm32f0xx_it.o(.text) refers to mcp2120apis.o(.data) for CommandRxBufferLen
    stm32f0xx_it.o(.text) refers to stm32f0xx_exti.o(.text) for EXTI_GetITStatus
    stm32f0xx_it.o(.text) refers to us2400apis.o(.text) for Us2400ReadShortReg
    stm32f0xx_it.o(.text) refers to stm32f0xx_i2c.o(.text) for I2C_GetITStatus
    stm32f0xx_it.o(.text) refers to txrx.o(.data) for RFTxState
    autonetapis.o(.text) refers to stm32f0xx_it.o(.text) for Timer_Beacon
    autonetapis.o(.text) refers to config.o(.text) for GPIO_Configuration
    autonetapis.o(.text) refers to st.o(.text) for ST_Configuration
    autonetapis.o(.text) refers to com.o(.text) for COM1_Configuration
    autonetapis.o(.text) refers to spi.o(.text) for SPI_Configuration
    autonetapis.o(.text) refers to i2c.o(.text) for I2C_Configuration
    autonetapis.o(.text) refers to stm32f0xx_lp_modes.o(.text) for SleepMode_config
    autonetapis.o(.text) refers to us2400apis.o(.text) for Us2400Init
    autonetapis.o(.text) refers to sensor.o(.text) for Sensor_Configuration
    autonetapis.o(.text) refers to txrx.o(.text) for RF_Tx
    autonetapis.o(.text) refers to tmp75apis.o(.text) for Tmp75ReadTemperature
    autonetapis.o(.text) refers to fflti.o(.text) for __aeabi_ui2f
    autonetapis.o(.text) refers to f2d.o(.text) for __aeabi_f2d
    autonetapis.o(.text) refers to dmul.o(.text) for __aeabi_dmul
    autonetapis.o(.text) refers to d2f.o(.text) for __aeabi_d2f
    autonetapis.o(.text) refers to autonetapis.o(.data) for BeaconEnabled
    autonetapis.o(.text) refers to autonetapis.o(.bss) for table
    autonetapis.o(.text) refers to sensor.o(.data) for Lat_deg
    autonetapis.o(.text) refers to dflti.o(.text) for __aeabi_ui2d
    autonetapis.o(.text) refers to daddsub.o(.text) for __aeabi_dadd
    autonetapis.o(.text) refers to dfixui.o(.text) for __aeabi_d2uiz
    autonetapis.o(.text) refers to mcp2120apis.o(.text) for IR_broadcast_read
    autonetapis.o(.text) refers to mcp2120apis.o(.bss) for CommandRxBuffer_BC
    autonetapis.o(.text) refers to mcp2120apis.o(.data) for CommandRxBufferLen_BC
    autonetapis.o(.text) refers to txrx.o(.data) for RSSI_BC
    autonetapis.o(.text) refers to stm32f0xx_it.o(.data) for BeaconTimerFlag
    autonetapis.o(.text) refers to feqf.o(x$fpl$feqf) for __aeabi_cfcmpeq
    autonetapis.o(.text) refers to faddsub.o(x$fpl$fsub) for __aeabi_fsub
    autonetapis.o(.text) refers to ffixi.o(.text) for __aeabi_f2iz
    autonetapis.o(.text) refers to flef.o(x$fpl$fleqf) for __aeabi_cfcmple
    autonetapis.o(.text) refers to frlef.o(x$fpl$frleqf) for __aeabi_cfrcmple
    autonetapis.o(.text) refers to st.o(.data) for TimObj
    autonetapis.o(.text) refers to dlef.o(x$fpl$dleqf) for __aeabi_cdcmple
    autonetapis.o(.text) refers to autonetapis.o(i.__ARM_common_switch8) for __ARM_common_switch8
    autonetapis.o(.text) refers to strlen.o(.text) for strlen
    autonetapis.o(.text) refers to rt_memclr.o(.text) for __aeabi_memclr
    stm32f0xx_i2c.o(.text) refers to stm32f0xx_rcc.o(.text) for RCC_APB1PeriphResetCmd
    stm32f0xx_usart.o(.text) refers to stm32f0xx_rcc.o(.text) for RCC_APB2PeriphResetCmd
    stm32f0xx_usart.o(.text) refers to aeabi_sdiv.o(.text) for __aeabi_uidivmod
    config.o(.text) refers to stm32f0xx_rcc.o(.text) for RCC_AHBPeriphClockCmd
    config.o(.text) refers to stm32f0xx_gpio.o(.text) for GPIO_Init
    config.o(.text) refers to stm32f0xx_syscfg.o(.text) for SYSCFG_EXTILineConfig
    config.o(.text) refers to stm32f0xx_exti.o(.text) for EXTI_Init
    config.o(.text) refers to stm32f0xx_misc.o(.text) for NVIC_Init
    config.o(.text) refers to st.o(.text) for Delay
[...]
    ScanIRTableByAddress                     0x08000f0b   Thumb Code   122  autonetapis.o(.text)
    IR_receive                               0x08000f85   Thumb Code   170  autonetapis.o(.text)
    ResetDeviceTimerInTable                  0x0800102f   Thumb Code    38  autonetapis.o(.text)
    setTable                                 0x08001055   Thumb Code   328  autonetapis.o(.text)
    ScanTableByAddress                       0x0800119d   Thumb Code    58  autonetapis.o(.text)
    packet_receive                           0x080011d7   Thumb Code    86  autonetapis.o(.text)
    update_group_info                        0x0800122d   Thumb Code   412  autonetapis.o(.text)
    RFSleepThenWakeUp                        0x080013c9   Thumb Code    40  autonetapis.o(.text)
    RF_Sleep                                 0x080013f1   Thumb Code     8  autonetapis.o(.text)
    IR_BufferClean                           0x080013f9   Thumb Code    34  autonetapis.o(.text)
    Group_Diff                               0x0800141b   Thumb Code   582  autonetapis.o(.text)
    GroupByType                              0x08001661   Thumb Code    78  autonetapis.o(.text)
    getDeviceByRSSI                          0x080016af   Thumb Code    94  autonetapis.o(.text)
    getDeviceByIR                            0x0800170d   Thumb Code   124  autonetapis.o(.text)
    get_LOS_device                           0x08001789   Thumb Code   158  autonetapis.o(.text)
    Group_Distance                           0x08001827   Thumb Code   322  autonetapis.o(.text)
    data_fetch                               0x08001969   Thumb Code    52  autonetapis.o(.text)
    getSrcAddr                               0x0800199d   Thumb Code    24  autonetapis.o(.text)
    getDestAddr                              0x080019b5   Thumb Code    24  autonetapis.o(.text)
    getSrcPanID                              0x080019cd   Thumb Code    24  autonetapis.o(.text)
    getDestPanID                             0x080019e5   Thumb Code    24  autonetapis.o(.text)
    getSeqNum                                0x080019fd   Thumb Code    20  autonetapis.o(.text)
    getFrameControl                          0x08001a11   Thumb Code    24  autonetapis.o(.text)
    getPayload                               0x08001a29   Thumb Code    36  autonetapis.o(.text)
    getPayloadLength                         0x08001a4d   Thumb Code     6  autonetapis.o(.text)
    EXTI_DeInit                              0x08001a79   Thumb Code    20  stm32f0xx_exti.o(.text)
    EXTI_Init                                0x08001a8d   Thumb Code   132  stm32f0xx_exti.o(.text)
    EXTI_StructInit                          0x08001b11   Thumb Code    16  stm32f0xx_exti.o(.text)
    EXTI_GenerateSWInterrupt                 0x08001b21   Thumb Code    12  stm32f0xx_exti.o(.text)
    EXTI_GetFlagStatus                       0x08001b2d   Thumb Code    22  stm32f0xx_exti.o(.text)
    EXTI_ClearFlag                           0x08001b43   Thumb Code     6  stm32f0xx_exti.o(.text)
    EXTI_GetITStatus                         0x08001b49   Thumb Code    22  stm32f0xx_exti.o(.text)
    EXTI_ClearITPendingBit                   0x08001b5f   Thumb Code     6  stm32f0xx_exti.o(.text)
    I2C_DeInit                               0x08001b71   Thumb Code    50  stm32f0xx_i2c.o(.text)
    I2C_Init                                 0x08001ba3   Thumb Code    98  stm32f0xx_i2c.o(.text)
    I2C_StructInit                           0x08001c05   Thumb Code    24  stm32f0xx_i2c.o(.text)
    I2C_Cmd                                  0x08001c1d   Thumb Code    24  stm32f0xx_i2c.o(.text)
    I2C_SoftwareResetCmd                     0x08001c35   Thumb Code    20  stm32f0xx_i2c.o(.text)
    I2C_ITConfig                             0x08001c49   Thumb Code    20  stm32f0xx_i2c.o(.text)
    I2C_StretchClockCmd                      0x08001c5d   Thumb Code    28  stm32f0xx_i2c.o(.text)
    I2C_StopModeCmd                          0x08001c79   Thumb Code    28  stm32f0xx_i2c.o(.text)
    I2C_DualAddressCmd                       0x08001c95   Thumb Code    28  stm32f0xx_i2c.o(.text)
    I2C_OwnAddress2Config                    0x08001cb1   Thumb Code    32  stm32f0xx_i2c.o(.text)
    I2C_GeneralCallCmd                       0x08001cd1   Thumb Code    28  stm32f0xx_i2c.o(.text)
    I2C_SlaveByteControlCmd                  0x08001ced   Thumb Code    28  stm32f0xx_i2c.o(.text)
    I2C_SlaveAddressConfig                   0x08001d09   Thumb Code    20  stm32f0xx_i2c.o(.text)
    I2C_10BitAddressingModeCmd               0x08001d1d   Thumb Code    28  stm32f0xx_i2c.o(.text)
    I2C_AutoEndCmd                           0x08001d39   Thumb Code    28  stm32f0xx_i2c.o(.text)
    I2C_ReloadCmd                            0x08001d55   Thumb Code    28  stm32f0xx_i2c.o(.text)
    I2C_NumberOfBytesConfig                  0x08001d71   Thumb Code    28  stm32f0xx_i2c.o(.text)
    I2C_MasterRequestConfig                  0x08001d8d   Thumb Code    28  stm32f0xx_i2c.o(.text)
    I2C_GenerateSTART                        0x08001da9   Thumb Code    28  stm32f0xx_i2c.o(.text)
    I2C_GenerateSTOP                         0x08001dc5   Thumb Code    28  stm32f0xx_i2c.o(.text)
    I2C_10BitAddressHeaderCmd                0x08001de1   Thumb Code    28  stm32f0xx_i2c.o(.text)
    I2C_AcknowledgeConfig                    0x08001dfd   Thumb Code    28  stm32f0xx_i2c.o(.text)
    I2C_GetAddressMatched                    0x08001e19   Thumb Code    14  stm32f0xx_i2c.o(.text)
    I2C_GetTransferDirection                 0x08001e27   Thumb Code    30  stm32f0xx_i2c.o(.text)
    I2C_TransferHandling                     0x08001e45   Thumb Code    38  stm32f0xx_i2c.o(.text)
    I2C_SMBusAlertCmd                        0x08001e6b   Thumb Code    28  stm32f0xx_i2c.o(.text)
    I2C_ClockTimeoutCmd                      0x08001e87   Thumb Code    28  stm32f0xx_i2c.o(.text)
    I2C_ExtendedClockTimeoutCmd              0x08001ea3   Thumb Code    26  stm32f0xx_i2c.o(.text)
    I2C_IdleClockTimeoutCmd                  0x08001ebd   Thumb Code    28  stm32f0xx_i2c.o(.text)
    I2C_TimeoutAConfig                       0x08001ed9   Thumb Code    20  stm32f0xx_i2c.o(.text)
    I2C_TimeoutBConfig                       0x08001eed   Thumb Code    26  stm32f0xx_i2c.o(.text)
    I2C_CalculatePEC                         0x08001f07   Thumb Code    28  stm32f0xx_i2c.o(.text)
    I2C_PECRequestCmd                        0x08001f23   Thumb Code    28  stm32f0xx_i2c.o(.text)
    I2C_GetPEC                               0x08001f3f   Thumb Code     8  stm32f0xx_i2c.o(.text)
    I2C_ReadRegister                         0x08001f47   Thumb Code    46  stm32f0xx_i2c.o(.text)
    I2C_SendData                             0x08001f75   Thumb Code     4  stm32f0xx_i2c.o(.text)
    I2C_ReceiveData                          0x08001f79   Thumb Code     8  stm32f0xx_i2c.o(.text)
    I2C_DMACmd                               0x08001f81   Thumb Code    20  stm32f0xx_i2c.o(.text)
    I2C_GetFlagStatus                        0x08001f95   Thumb Code    28  stm32f0xx_i2c.o(.text)
    I2C_ClearFlag                            0x08001fb1   Thumb Code     4  stm32f0xx_i2c.o(.text)
    I2C_GetITStatus                          0x08001fb5   Thumb Code    78  stm32f0xx_i2c.o(.text)
    I2C_ClearITPendingBit                    0x08002003   Thumb Code     4  stm32f0xx_i2c.o(.text)
    USART_DeInit                             0x08002009   Thumb Code    56  stm32f0xx_usart.o(.text)
    USART_Init                               0x08002041   Thumb Code   202  stm32f0xx_usart.o(.text)
    USART_StructInit                         0x0800210b   Thumb Code    24  stm32f0xx_usart.o(.text)
    USART_ClockInit                          0x08002123   Thumb Code    36  stm32f0xx_usart.o(.text)
    USART_ClockStructInit                    0x08002147   Thumb Code    12  stm32f0xx_usart.o(.text)
    USART_Cmd                                0x08002153   Thumb Code    24  stm32f0xx_usart.o(.text)
    USART_DirectionModeCmd                   0x0800216b   Thumb Code    20  stm32f0xx_usart.o(.text)
    USART_OverSampling8Cmd                   0x0800217f   Thumb Code    28  stm32f0xx_usart.o(.text)
    USART_OneBitMethodCmd                    0x0800219b   Thumb Code    28  stm32f0xx_usart.o(.text)
    USART_MSBFirstCmd                        0x080021b7   Thumb Code    28  stm32f0xx_usart.o(.text)
    USART_DataInvCmd                         0x080021d3   Thumb Code    28  stm32f0xx_usart.o(.text)
    USART_InvPinCmd                          0x080021ef   Thumb Code    20  stm32f0xx_usart.o(.text)
    USART_SWAPPinCmd                         0x08002203   Thumb Code    28  stm32f0xx_usart.o(.text)
    USART_ReceiverTimeOutCmd                 0x0800221f   Thumb Code    28  stm32f0xx_usart.o(.text)
    USART_SetReceiverTimeOut                 0x0800223b   Thumb Code    16  stm32f0xx_usart.o(.text)
    USART_SetPrescaler                       0x0800224b   Thumb Code    18  stm32f0xx_usart.o(.text)
    USART_STOPModeCmd                        0x0800225d   Thumb Code    24  stm32f0xx_usart.o(.text)
    USART_StopModeWakeUpSourceConfig         0x08002275   Thumb Code    18  stm32f0xx_usart.o(.text)
    USART_AutoBaudRateCmd                    0x08002287   Thumb Code    28  stm32f0xx_usart.o(.text)
    USART_AutoBaudRateConfig                 0x080022a3   Thumb Code    18  stm32f0xx_usart.o(.text)
    USART_SendData                           0x080022b5   Thumb Code     8  stm32f0xx_usart.o(.text)
    USART_ReceiveData                        0x080022bd   Thumb Code    10  stm32f0xx_usart.o(.text)
    USART_SetAddress                         0x080022c7   Thumb Code    18  stm32f0xx_usart.o(.text)
    USART_MuteModeCmd                        0x080022d9   Thumb Code    28  stm32f0xx_usart.o(.text)
    USART_MuteModeWakeUpConfig               0x080022f5   Thumb Code    18  stm32f0xx_usart.o(.text)
    USART_AddressDetectionConfig             0x08002307   Thumb Code    16  stm32f0xx_usart.o(.text)
    USART_LINBreakDetectLengthConfig         0x08002317   Thumb Code    16  stm32f0xx_usart.o(.text)
    USART_LINCmd                             0x08002327   Thumb Code    28  stm32f0xx_usart.o(.text)
    USART_HalfDuplexCmd                      0x08002343   Thumb Code    24  stm32f0xx_usart.o(.text)
    USART_SetGuardTime                       0x0800235b   Thumb Code    16  stm32f0xx_usart.o(.text)
    USART_SmartCardCmd                       0x0800236b   Thumb Code    24  stm32f0xx_usart.o(.text)
    USART_SmartCardNACKCmd                   0x08002383   Thumb Code    24  stm32f0xx_usart.o(.text)
    USART_SetAutoRetryCount                  0x0800239b   Thumb Code    20  stm32f0xx_usart.o(.text)
    USART_SetBlockLength                     0x080023af   Thumb Code    18  stm32f0xx_usart.o(.text)
    USART_IrDAConfig                         0x080023c1   Thumb Code    16  stm32f0xx_usart.o(.text)
    USART_IrDACmd                            0x080023d1   Thumb Code    40  stm32f0xx_usart.o(.text)
    USART_DECmd                              0x080023f9   Thumb Code    28  stm32f0xx_usart.o(.text)
    USART_DEPolarityConfig                   0x08002415   Thumb Code    18  stm32f0xx_usart.o(.text)
    USART_SetDEAssertionTime                 0x08002427   Thumb Code    20  stm32f0xx_usart.o(.text)
    USART_SetDEDeassertionTime               0x0800243b   Thumb Code    20  stm32f0xx_usart.o(.text)
    USART_DMACmd                             0x0800244f   Thumb Code    20  stm32f0xx_usart.o(.text)
    USART_DMAReceptionErrorConfig            0x08002463   Thumb Code    18  stm32f0xx_usart.o(.text)
    USART_ITConfig                           0x08002475   Thumb Code    66  stm32f0xx_usart.o(.text)
    USART_RequestCmd                         0x080024b7   Thumb Code    20  stm32f0xx_usart.o(.text)
    USART_OverrunDetectionConfig             0x080024cb   Thumb Code    18  stm32f0xx_usart.o(.text)
    USART_GetFlagStatus                      0x080024dd   Thumb Code    20  stm32f0xx_usart.o(.text)
    USART_ClearFlag                          0x080024f1   Thumb Code     4  stm32f0xx_usart.o(.text)
    USART_GetITStatus                        0x080024f5   Thumb Code    78  stm32f0xx_usart.o(.text)
    USART_ClearITPendingBit                  0x08002543   Thumb Code    18  stm32f0xx_usart.o(.text)
    EXTI_Configuration                       0x08002555   Thumb Code    98  config.o(.text)
    GPIO_Configuration                       0x080025b7   Thumb Code   208  config.o(.text)
    RF_WakeUp                                0x08002687   Thumb Code    24  config.o(.text)
    SPI_Configuration                        0x080026a9   Thumb Code   222  spi.o(.text)
    SPI_Proc                                 0x08002787   Thumb Code   214  spi.o(.text)
    I2C_Configuration                        0x0800286d   Thumb Code   136  i2c.o(.text)
    I2C_Read                                 0x080028f5   Thumb Code   234  i2c.o(.text)
    I2C_Write                                0x080029df   Thumb Code   240  i2c.o(.text)
    ST_Configuration                         0x08002add   Thumb Code    64  st.o(.text)
    ST_Proc                                  0x08002b1d   Thumb Code     2  st.o(.text)
    Delay                                    0x08002b1f   Thumb Code    20  st.o(.text)
    COM1_Configuration                       0x08002bb5   Thumb Code   150  com.o(.text)
    COM1_Tx                                  0x08002c4b   Thumb Code    68  com.o(.text)
    COM2_Configuration                       0x08002c8f   Thumb Code   150  com.o(.text)
    COM2_Tx                                  0x08002d25   Thumb Code    68  com.o(.text)
    COM_Configuration                        0x08002d69   Thumb Code   150  com.o(.text)
    COM_Tx                                   0x08002dff   Thumb Code    68  com.o(.text)
    Us2400WriteShortReg                      0x08002e65   Thumb Code    46  us2400apis.o(.text)
    Us2400WriteLongReg                       0x08002e93   Thumb Code    66  us2400apis.o(.text)
    Us2400ReadLongReg                        0x08002ed5   Thumb Code    66  us2400apis.o(.text)
    Us2400ReadShortReg                       0x08002f17   Thumb Code    44  us2400apis.o(.text)
    Us2400Init                               0x08002f43   Thumb Code   474  us2400apis.o(.text)
    Us2400Tx                                 0x080031bb   Thumb Code   238  us2400apis.o(.text)
    Us2400Rx                                 0x080032a9   Thumb Code    88  us2400apis.o(.text)
    Us2400RxFIFODump                         0x08003301   Thumb Code    46  us2400apis.o(.text)
    Us2400IntoDeepSleep                      0x08003363   Thumb Code   104  us2400apis.o(.text)
    Us2400Resume                             0x080033cb   Thumb Code    64  us2400apis.o(.text)
    Us2400SetTxPower                         0x0800340b   Thumb Code    80  us2400apis.o(.text)
    Us2400SingleTone                         0x0800345b   Thumb Code    76  us2400apis.o(.text)
    Us2400ContinueWave                       0x080034a7   Thumb Code   134  us2400apis.o(.text)
    SleepMode_config                         0x0800353d   Thumb Code    30  stm32f0xx_lp_modes.o(.text)
    StopMode_Measure                         0x0800355b   Thumb Code   314  stm32f0xx_lp_modes.o(.text)
    StandbyMode_Measure                      0x08003695   Thumb Code    38  stm32f0xx_lp_modes.o(.text)
    StandbyRTCMode_Measure                   0x080036bb   Thumb Code   176  stm32f0xx_lp_modes.o(.text)
    Sensor_Configuration                     0x08003781   Thumb Code    46  sensor.o(.text)
    get_brightness                           0x080037af   Thumb Code    30  sensor.o(.text)
    get_temperature                          0x080037cd   Thumb Code    68  sensor.o(.text)
    get_gps_value                            0x08003811   Thumb Code    46  sensor.o(.text)
    Pir_StatusCheck                          0x0800383f   Thumb Code    20  sensor.o(.text)
    get_motion_status                        0x08003853   Thumb Code     8  sensor.o(.text)
    Mag_flatsurface                          0x0800385b   Thumb Code   128  sensor.o(.text)
    Mag_Error_Handle                         0x080038db   Thumb Code   966  sensor.o(.text)
    get_direction                            0x08003ca1   Thumb Code   278  sensor.o(.text)
    getcompasscourse                         0x08003db7   Thumb Code   504  sensor.o(.text)
    updateGPS                                0x08003faf   Thumb Code   124  sensor.o(.text)
    get_velocity                             0x0800402b   Thumb Code     6  sensor.o(.text)
    Tmp75Init                                0x080040b1   Thumb Code    22  tmp75apis.o(.text)
    Tmp75ReadTemperature                     0x080040c7   Thumb Code    48  tmp75apis.o(.text)
    Mcp2120Init                              0x080040f9   Thumb Code     2  mcp2120apis.o(.text)
    Mcp2120Tx                                0x0800411d   Thumb Code   106  mcp2120apis.o(.text)
    IR_write                                 0x08004187   Thumb Code   106  mcp2120apis.o(.text)
    IR_broadcast                             0x080041f1   Thumb Code   102  mcp2120apis.o(.text)
    Mcp2120Proc                              0x08004257   Thumb Code   158  mcp2120apis.o(.text)
    IRheaderCheck_AutoNet                    0x080042f5   Thumb Code    22  mcp2120apis.o(.text)
    IR_read                                  0x0800430b   Thumb Code   196  mcp2120apis.o(.text)
    IR_broadcast_read                        0x080043cf   Thumb Code   200  mcp2120apis.o(.text)
    DMA_DeInit                               0x080044c9   Thumb Code   152  stm32f0xx_dma.o(.text)
    DMA_Init                                 0x08004561   Thumb Code    58  stm32f0xx_dma.o(.text)
    DMA_StructInit                           0x0800459b   Thumb Code    26  stm32f0xx_dma.o(.text)
    DMA_Cmd                                  0x080045b5   Thumb Code    24  stm32f0xx_dma.o(.text)
    DMA_SetCurrDataCounter                   0x080045cd   Thumb Code     4  stm32f0xx_dma.o(.text)
    DMA_GetCurrDataCounter                   0x080045d1   Thumb Code     8  stm32f0xx_dma.o(.text)
    DMA_ITConfig                             0x080045d9   Thumb Code    20  stm32f0xx_dma.o(.text)
    DMA_GetFlagStatus                        0x080045ed   Thumb Code    24  stm32f0xx_dma.o(.text)
    DMA_ClearFlag                            0x08004605   Thumb Code     8  stm32f0xx_dma.o(.text)
    DMA_GetITStatus                          0x0800460d   Thumb Code    24  stm32f0xx_dma.o(.text)
    DMA_ClearITPendingBit                    0x08004625   Thumb Code     8  stm32f0xx_dma.o(.text)
    GPIO_DeInit                              0x08004639   Thumb Code   132  stm32f0xx_gpio.o(.text)
    GPIO_Init                                0x080046bd   Thumb Code   144  stm32f0xx_gpio.o(.text)
    GPIO_StructInit                          0x0800474d   Thumb Code    20  stm32f0xx_gpio.o(.text)
    GPIO_PinLockConfig                       0x08004761   Thumb Code    34  stm32f0xx_gpio.o(.text)
    GPIO_ReadInputDataBit                    0x08004783   Thumb Code    20  stm32f0xx_gpio.o(.text)
    GPIO_ReadInputData                       0x08004797   Thumb Code     6  stm32f0xx_gpio.o(.text)
    GPIO_ReadOutputDataBit                   0x0800479d   Thumb Code    20  stm32f0xx_gpio.o(.text)
    GPIO_ReadOutputData                      0x080047b1   Thumb Code     6  stm32f0xx_gpio.o(.text)
    GPIO_SetBits                             0x080047b7   Thumb Code     4  stm32f0xx_gpio.o(.text)
    GPIO_ResetBits                           0x080047bb   Thumb Code     4  stm32f0xx_gpio.o(.text)
    GPIO_WriteBit                            0x080047bf   Thumb Code    12  stm32f0xx_gpio.o(.text)
    GPIO_Write                               0x080047cb   Thumb Code     4  stm32f0xx_gpio.o(.text)
    GPIO_PinAFConfig                         0x080047cf   Thumb Code    68  stm32f0xx_gpio.o(.text)
    NVIC_Init                                0x08004829   Thumb Code   106  stm32f0xx_misc.o(.text)
    NVIC_SystemLPConfig                      0x08004893   Thumb Code    28  stm32f0xx_misc.o(.text)
    SysTick_CLKSourceConfig                  0x080048af   Thumb Code    32  stm32f0xx_misc.o(.text)
    PWR_DeInit                               0x080048dd   Thumb Code    22  stm32f0xx_pwr.o(.text)
    PWR_BackupAccessCmd                      0x080048f3   Thumb Code    36  stm32f0xx_pwr.o(.text)
    PWR_PVDLevelConfig                       0x08004917   Thumb Code    28  stm32f0xx_pwr.o(.text)
    PWR_PVDCmd                               0x08004933   Thumb Code    32  stm32f0xx_pwr.o(.text)
    PWR_WakeUpPinCmd                         0x08004953   Thumb Code    28  stm32f0xx_pwr.o(.text)
    PWR_EnterSleepMode                       0x0800496f   Thumb Code    24  stm32f0xx_pwr.o(.text)
    PWR_EnterSTOPMode                        0x08004987   Thumb Code    60  stm32f0xx_pwr.o(.text)
    PWR_EnterSTANDBYMode                     0x080049c3   Thumb Code    40  stm32f0xx_pwr.o(.text)
    PWR_GetFlagStatus                        0x080049eb   Thumb Code    22  stm32f0xx_pwr.o(.text)
    PWR_ClearFlag                            0x08004a01   Thumb Code    14  stm32f0xx_pwr.o(.text)
    RCC_DeInit                               0x08004a19   Thumb Code   104  stm32f0xx_rcc.o(.text)
    RCC_HSEConfig                            0x08004a81   Thumb Code    12  stm32f0xx_rcc.o(.text)
    RCC_GetFlagStatus                        0x08004a8d   Thumb Code    68  stm32f0xx_rcc.o(.text)
    RCC_WaitForHSEStartUp                    0x08004ad1   Thumb Code    60  stm32f0xx_rcc.o(.text)
    RCC_AdjustHSICalibrationValue            0x08004b0d   Thumb Code    26  stm32f0xx_rcc.o(.text)
    RCC_HSICmd                               0x08004b27   Thumb Code    32  stm32f0xx_rcc.o(.text)
    RCC_AdjustHSI14CalibrationValue          0x08004b47   Thumb Code    26  stm32f0xx_rcc.o(.text)
    RCC_HSI14Cmd                             0x08004b61   Thumb Code    32  stm32f0xx_rcc.o(.text)
    RCC_HSI14ADCRequestCmd                   0x08004b81   Thumb Code    32  stm32f0xx_rcc.o(.text)
    RCC_LSEConfig                            0x08004ba1   Thumb Code    34  stm32f0xx_rcc.o(.text)
    RCC_LSEDriveConfig                       0x08004bc3   Thumb Code    22  stm32f0xx_rcc.o(.text)
    RCC_LSICmd                               0x08004bd9   Thumb Code    32  stm32f0xx_rcc.o(.text)
    RCC_PLLConfig                            0x08004bf9   Thumb Code    30  stm32f0xx_rcc.o(.text)
    RCC_PLLCmd                               0x08004c17   Thumb Code    36  stm32f0xx_rcc.o(.text)
    RCC_PREDIV1Config                        0x08004c3b   Thumb Code    24  stm32f0xx_rcc.o(.text)
    RCC_ClockSecuritySystemCmd               0x08004c53   Thumb Code    36  stm32f0xx_rcc.o(.text)
    RCC_MCOConfig                            0x08004c77   Thumb Code     6  stm32f0xx_rcc.o(.text)
    RCC_SYSCLKConfig                         0x08004c7d   Thumb Code    24  stm32f0xx_rcc.o(.text)
    RCC_GetSYSCLKSource                      0x08004c95   Thumb Code    10  stm32f0xx_rcc.o(.text)
    RCC_HCLKConfig                           0x08004c9f   Thumb Code    28  stm32f0xx_rcc.o(.text)
    RCC_PCLKConfig                           0x08004cbb   Thumb Code    30  stm32f0xx_rcc.o(.text)
    RCC_ADCCLKConfig                         0x08004cd9   Thumb Code    52  stm32f0xx_rcc.o(.text)
    RCC_CECCLKConfig                         0x08004d0d   Thumb Code    22  stm32f0xx_rcc.o(.text)
    RCC_I2CCLKConfig                         0x08004d23   Thumb Code    22  stm32f0xx_rcc.o(.text)
    RCC_USARTCLKConfig                       0x08004d39   Thumb Code    22  stm32f0xx_rcc.o(.text)
    RCC_GetClocksFreq                        0x08004d4f   Thumb Code   368  stm32f0xx_rcc.o(.text)
    RCC_RTCCLKConfig                         0x08004ebf   Thumb Code    12  stm32f0xx_rcc.o(.text)
    RCC_RTCCLKCmd                            0x08004ecb   Thumb Code    36  stm32f0xx_rcc.o(.text)
    RCC_BackupResetCmd                       0x08004eef   Thumb Code    36  stm32f0xx_rcc.o(.text)
    RCC_AHBPeriphClockCmd                    0x08004f13   Thumb Code    28  stm32f0xx_rcc.o(.text)
    RCC_APB2PeriphClockCmd                   0x08004f2f   Thumb Code    28  stm32f0xx_rcc.o(.text)
    RCC_APB1PeriphClockCmd                   0x08004f4b   Thumb Code    28  stm32f0xx_rcc.o(.text)
    RCC_AHBPeriphResetCmd                    0x08004f67   Thumb Code    28  stm32f0xx_rcc.o(.text)
    RCC_APB2PeriphResetCmd                   0x08004f83   Thumb Code    28  stm32f0xx_rcc.o(.text)
    RCC_APB1PeriphResetCmd                   0x08004f9f   Thumb Code    28  stm32f0xx_rcc.o(.text)
    RCC_ITConfig                             0x08004fbb   Thumb Code    28  stm32f0xx_rcc.o(.text)
    RCC_ClearFlag                            0x08004fd7   Thumb Code    16  stm32f0xx_rcc.o(.text)
    RCC_GetITStatus                          0x08004fe7   Thumb Code    22  stm32f0xx_rcc.o(.text)
    RCC_ClearITPendingBit                    0x08004ffd   Thumb Code     6  stm32f0xx_rcc.o(.text)
    RTC_WaitForSynchro                       0x08005011   Thumb Code   104  stm32f0xx_rtc.o(.text)
    RTC_EnterInitMode                        0x08005079   Thumb Code    82  stm32f0xx_rtc.o(.text)
    RTC_DeInit                               0x080050cb   Thumb Code    94  stm32f0xx_rtc.o(.text)
    RTC_ExitInitMode                         0x08005129   Thumb Code    14  stm32f0xx_rtc.o(.text)
    RTC_Init                                 0x08005137   Thumb Code    84  stm32f0xx_rtc.o(.text)
    RTC_StructInit                           0x0800518b   Thumb Code    14  stm32f0xx_rtc.o(.text)
    RTC_WriteProtectionCmd                   0x08005199   Thumb Code    24  stm32f0xx_rtc.o(.text)
    RTC_RefClockCmd                          0x080051b1   Thumb Code    72  stm32f0xx_rtc.o(.text)
    RTC_BypassShadowCmd                      0x080051f9   Thumb Code    48  stm32f0xx_rtc.o(.text)
    RTC_SetTime                              0x0800525f   Thumb Code   208  stm32f0xx_rtc.o(.text)
    RTC_TimeStructInit                       0x0800532f   Thumb Code    12  stm32f0xx_rtc.o(.text)
    RTC_GetTime                              0x0800533b   Thumb Code    84  stm32f0xx_rtc.o(.text)
    RTC_GetSubSecond                         0x0800538f   Thumb Code    10  stm32f0xx_rtc.o(.text)
    RTC_SetDate                              0x08005399   Thumb Code   216  stm32f0xx_rtc.o(.text)
    RTC_DateStructInit                       0x08005471   Thumb Code    14  stm32f0xx_rtc.o(.text)
    RTC_GetDate                              0x0800547f   Thumb Code    88  stm32f0xx_rtc.o(.text)
    RTC_SetAlarm                             0x080054d7   Thumb Code   210  stm32f0xx_rtc.o(.text)
    RTC_AlarmStructInit                      0x080055a9   Thumb Code    22  stm32f0xx_rtc.o(.text)
    RTC_GetAlarm                             0x080055bf   Thumb Code   112  stm32f0xx_rtc.o(.text)
    RTC_AlarmCmd                             0x0800562f   Thumb Code   106  stm32f0xx_rtc.o(.text)
    RTC_AlarmSubSecondConfig                 0x08005699   Thumb Code    34  stm32f0xx_rtc.o(.text)
    RTC_GetAlarmSubSecond                    0x080056bb   Thumb Code    16  stm32f0xx_rtc.o(.text)
    RTC_DayLightSavingConfig                 0x080056cb   Thumb Code    44  stm32f0xx_rtc.o(.text)
    RTC_GetStoreOperation                    0x080056f7   Thumb Code    12  stm32f0xx_rtc.o(.text)
    RTC_OutputConfig                         0x08005703   Thumb Code    44  stm32f0xx_rtc.o(.text)
    RTC_CalibOutputCmd                       0x0800572f   Thumb Code    52  stm32f0xx_rtc.o(.text)
    RTC_CalibOutputConfig                    0x08005763   Thumb Code    38  stm32f0xx_rtc.o(.text)
    RTC_SmoothCalibConfig                    0x08005789   Thumb Code    92  stm32f0xx_rtc.o(.text)
    RTC_TimeStampCmd                         0x080057e5   Thumb Code    74  stm32f0xx_rtc.o(.text)
    RTC_GetTimeStamp                         0x0800582f   Thumb Code   152  stm32f0xx_rtc.o(.text)
    RTC_GetTimeStampSubSecond                0x080058c7   Thumb Code     6  stm32f0xx_rtc.o(.text)
    RTC_TamperTriggerConfig                  0x080058cd   Thumb Code    40  stm32f0xx_rtc.o(.text)
    RTC_TamperCmd                            0x080058f5   Thumb Code    36  stm32f0xx_rtc.o(.text)
    RTC_TamperFilterConfig                   0x08005919   Thumb Code    28  stm32f0xx_rtc.o(.text)
    RTC_TamperSamplingFreqConfig             0x08005935   Thumb Code    28  stm32f0xx_rtc.o(.text)
    RTC_TamperPinsPrechargeDuration          0x08005951   Thumb Code    28  stm32f0xx_rtc.o(.text)
    RTC_TimeStampOnTamperDetectionCmd        0x0800596d   Thumb Code    40  stm32f0xx_rtc.o(.text)
    RTC_TamperPullUpCmd                      0x08005995   Thumb Code    44  stm32f0xx_rtc.o(.text)
    RTC_WriteBackupRegister                  0x080059c1   Thumb Code    26  stm32f0xx_rtc.o(.text)
    RTC_ReadBackupRegister                   0x080059db   Thumb Code    28  stm32f0xx_rtc.o(.text)
    RTC_OutputTypeConfig                     0x080059f7   Thumb Code    28  stm32f0xx_rtc.o(.text)
    RTC_SynchroShiftConfig                   0x08005a13   Thumb Code   118  stm32f0xx_rtc.o(.text)
    RTC_ITConfig                             0x08005a89   Thumb Code    94  stm32f0xx_rtc.o(.text)
    RTC_GetFlagStatus                        0x08005ae7   Thumb Code    34  stm32f0xx_rtc.o(.text)
    RTC_ClearFlag                            0x08005b09   Thumb Code    26  stm32f0xx_rtc.o(.text)
    RTC_GetITStatus                          0x08005b23   Thumb Code    70  stm32f0xx_rtc.o(.text)
    RTC_ClearITPendingBit                    0x08005b69   Thumb Code    30  stm32f0xx_rtc.o(.text)
    SPI_I2S_DeInit                           0x08005b99   Thumb Code    52  stm32f0xx_spi.o(.text)
    SPI_StructInit                           0x08005bcd   Thumb Code    30  stm32f0xx_spi.o(.text)
    SPI_Init                                 0x08005beb   Thumb Code    76  stm32f0xx_spi.o(.text)
    I2S_StructInit                           0x08005c37   Thumb Code    20  stm32f0xx_spi.o(.text)
    I2S_Init                                 0x08005c4b   Thumb Code   228  stm32f0xx_spi.o(.text)
    SPI_Cmd                                  0x08005d2f   Thumb Code    26  stm32f0xx_spi.o(.text)
    SPI_TIModeCmd                            0x08005d49   Thumb Code    26  stm32f0xx_spi.o(.text)
    I2S_Cmd                                  0x08005d63   Thumb Code    26  stm32f0xx_spi.o(.text)
    SPI_DataSizeConfig                       0x08005d7d   Thumb Code    20  stm32f0xx_spi.o(.text)
    SPI_RxFIFOThresholdConfig                0x08005d91   Thumb Code    16  stm32f0xx_spi.o(.text)
    SPI_BiDirectionalLineConfig              0x08005da1   Thumb Code    28  stm32f0xx_spi.o(.text)
    SPI_NSSInternalSoftwareConfig            0x08005dbd   Thumb Code    32  stm32f0xx_spi.o(.text)
    SPI_SSOutputCmd                          0x08005ddd   Thumb Code    24  stm32f0xx_spi.o(.text)
    SPI_NSSPulseModeCmd                      0x08005df5   Thumb Code    26  stm32f0xx_spi.o(.text)
    SPI_SendData8                            0x08005e0f   Thumb Code    10  stm32f0xx_spi.o(.text)
    SPI_I2S_SendData16                       0x08005e19   Thumb Code     4  stm32f0xx_spi.o(.text)
    SPI_ReceiveData8                         0x08005e1d   Thumb Code    12  stm32f0xx_spi.o(.text)
    SPI_I2S_ReceiveData16                    0x08005e29   Thumb Code     6  stm32f0xx_spi.o(.text)
    SPI_CRCLengthConfig                      0x08005e2f   Thumb Code    16  stm32f0xx_spi.o(.text)
    SPI_CalculateCRC                         0x08005e3f   Thumb Code    26  stm32f0xx_spi.o(.text)
    SPI_TransmitCRC                          0x08005e59   Thumb Code    12  stm32f0xx_spi.o(.text)
    SPI_GetCRC                               0x08005e65   Thumb Code    16  stm32f0xx_spi.o(.text)
    SPI_GetCRCPolynomial                     0x08005e75   Thumb Code     6  stm32f0xx_spi.o(.text)
    SPI_I2S_DMACmd                           0x08005e7b   Thumb Code    20  stm32f0xx_spi.o(.text)
    SPI_LastDMATransferCmd                   0x08005e8f   Thumb Code    16  stm32f0xx_spi.o(.text)
    SPI_I2S_ITConfig                         0x08005e9f   Thumb Code    34  stm32f0xx_spi.o(.text)
    SPI_GetTransmissionFIFOStatus            0x08005ec1   Thumb Code    12  stm32f0xx_spi.o(.text)
    SPI_GetReceptionFIFOStatus               0x08005ecd   Thumb Code    12  stm32f0xx_spi.o(.text)
    SPI_I2S_GetFlagStatus                    0x08005ed9   Thumb Code    20  stm32f0xx_spi.o(.text)
    SPI_I2S_ClearFlag                        0x08005eed   Thumb Code     6  stm32f0xx_spi.o(.text)
    SPI_I2S_GetITStatus                      0x08005ef3   Thumb Code    56  stm32f0xx_spi.o(.text)
    SYSCFG_DeInit                            0x08005f55   Thumb Code    40  stm32f0xx_syscfg.o(.text)
    SYSCFG_MemoryRemapConfig                 0x08005f7d   Thumb Code    24  stm32f0xx_syscfg.o(.text)
    SYSCFG_DMAChannelRemapConfig             0x08005f95   Thumb Code    28  stm32f0xx_syscfg.o(.text)
    SYSCFG_I2CFastModePlusConfig             0x08005fb1   Thumb Code    28  stm32f0xx_syscfg.o(.text)
    SYSCFG_EXTILineConfig                    0x08005fcd   Thumb Code    66  stm32f0xx_syscfg.o(.text)
    SYSCFG_BreakConfig                       0x0800600f   Thumb Code    12  stm32f0xx_syscfg.o(.text)
    SYSCFG_GetFlagStatus                     0x0800601b   Thumb Code    26  stm32f0xx_syscfg.o(.text)
    SYSCFG_ClearFlag                         0x08006035   Thumb Code    12  stm32f0xx_syscfg.o(.text)
    Mpu6050Init                              0x08006045   Thumb Code   120  mpu6050apis.o(.text)
    Mpu6050ReadAccel                         0x080060bd   Thumb Code   136  mpu6050apis.o(.text)
    meansensors                              0x08006145   Thumb Code   140  mpu6050apis.o(.text)
    calibration                              0x080061d1   Thumb Code   190  mpu6050apis.o(.text)
    loop                                     0x0800628f   Thumb Code    70  mpu6050apis.o(.text)
    Calculate_Speed                          0x080062d5   Thumb Code   562  mpu6050apis.o(.text)
    kalmanFilter                             0x08006507   Thumb Code    86  mpu6050apis.o(.text)
    Mpu6050ReadGyro                          0x0800655d   Thumb Code   112  mpu6050apis.o(.text)
    Estimate_State                           0x080065cd   Thumb Code    90  mpu6050apis.o(.text)
    Mpu6050ReadTemp                          0x08006627   Thumb Code    82  mpu6050apis.o(.text)
    Lea6SInit                                0x08006691   Thumb Code     2  lea6sapis.o(.text)
    Lea6SRead                                0x08006693   Thumb Code   458  lea6sapis.o(.text)
    Lea6SRead_C                              0x0800685d   Thumb Code   300  lea6sapis.o(.text)
    Bh1750fviInit                            0x080069b9   Thumb Code     2  bh1750fviapis.o(.text)
    Bh1750fviReadLx                          0x080069bb   Thumb Code    80  bh1750fviapis.o(.text)
    Ak8975Init                               0x08006a15   Thumb Code    66  ak8975apis.o(.text)
    Ak8975ReadMag                            0x08006a57   Thumb Code   170  ak8975apis.o(.text)
    __2sprintf                               0x08006b01   Thumb Code    36  noretval__2sprintf.o(.text)
    __printf                                 0x08006b29   Thumb Code   108  __printf.o(.text)
    _printf_str                              0x08006b95   Thumb Code    82  _printf_str.o(.text)
    strstr                                   0x08006be7   Thumb Code    40  strstr.o(.text)
    memcmp                                   0x08006c0f   Thumb Code    90  memcmp.o(.text)
    strlen                                   0x08006c69   Thumb Code    62  strlen.o(.text)
    __aeabi_memcpy                           0x08006cad   Thumb Code   130  rt_memcpy.o(.text)
    __rt_memcpy                              0x08006cad   Thumb Code     0  rt_memcpy.o(.text)
    _memset_w                                0x08006d2f   Thumb Code    26  rt_memclr.o(.text)
    _memset                                  0x08006d49   Thumb Code    30  rt_memclr.o(.text)
    __aeabi_memclr                           0x08006d67   Thumb Code     4  rt_memclr.o(.text)
    __rt_memclr                              0x08006d67   Thumb Code     0  rt_memclr.o(.text)
    __aeabi_memclr4                          0x08006d6b   Thumb Code     0  rt_memclr.o(.text)
    __aeabi_memclr8                          0x08006d6b   Thumb Code     0  rt_memclr.o(.text)
    __rt_memclr_w                            0x08006d6b   Thumb Code     4  rt_memclr.o(.text)
    __aeabi_uidiv                            0x08006d6f   Thumb Code     0  aeabi_sdiv.o(.text)
    __aeabi_uidivmod                         0x08006d6f   Thumb Code    20  aeabi_sdiv.o(.text)
    __aeabi_idiv                             0x08006d83   Thumb Code     0  aeabi_sdiv.o(.text)
    __aeabi_idivmod                          0x08006d83   Thumb Code   326  aeabi_sdiv.o(.text)
    __aeabi_d2f                              0x08006ec9   Thumb Code     0  d2f.o(.text)
    _d2f                                     0x08006ec9   Thumb Code   120  d2f.o(.text)
    __aeabi_dadd                             0x0800723d   Thumb Code     0  daddsub.o(.text)
    _dadd                                    0x0800723d   Thumb Code    26  daddsub.o(.text)
    __aeabi_dsub                             0x08007257   Thumb Code     0  daddsub.o(.text)
    _dsub                                    0x08007257   Thumb Code    22  daddsub.o(.text)
    __aeabi_drsub                            0x0800726d   Thumb Code     0  daddsub.o(.text)
    _drsb                                    0x0800726d   Thumb Code    28  daddsub.o(.text)
    __aeabi_ddiv                             0x0800729d   Thumb Code     0  ddiv.o(.text)
    _ddiv                                    0x0800729d   Thumb Code  1072  ddiv.o(.text)
    _drdiv                                   0x080076cd   Thumb Code    20  ddiv.o(.text)
    __aeabi_d2iz                             0x080076e5   Thumb Code     0  dfixi.o(.text)
    _dfix                                    0x080076e5   Thumb Code    98  dfixi.o(.text)
    __aeabi_d2uiz                            0x08007751   Thumb Code     0  dfixui.o(.text)
    _dfixu                                   0x08007751   Thumb Code    68  dfixui.o(.text)
    __aeabi_i2d_normalise                    0x08007799   Thumb Code    66  dflti.o(.text)
    __aeabi_i2d                              0x080077db   Thumb Code    16  dflti.o(.text)
    _dflt                                    0x080077db   Thumb Code     0  dflti.o(.text)
    __aeabi_ui2d                             0x080077eb   Thumb Code     6  dflti.o(.text)
    _dfltu                                   0x080077eb   Thumb Code     0  dflti.o(.text)
    __aeabi_dmul                             0x080077f1   Thumb Code     0  dmul.o(.text)
    _dmul                                    0x080077f1   Thumb Code   558  dmul.o(.text)
    __aeabi_f2d                              0x08007a39   Thumb Code     0  f2d.o(.text)
    _f2d                                     0x08007a39   Thumb Code    80  f2d.o(.text)
    __aeabi_fdiv                             0x08007a8d   Thumb Code     0  fdiv.o(.text)
    _fdiv                                    0x08007a8d   Thumb Code   334  fdiv.o(.text)
    _frdiv                                   0x08007bdb   Thumb Code     8  fdiv.o(.text)
    __aeabi_f2iz                             0x08007bed   Thumb Code     0  ffixi.o(.text)
    _ffix                                    0x08007bed   Thumb Code    76  ffixi.o(.text)
    __aeabi_i2f_normalise                    0x08007c39   Thumb Code    72  fflti.o(.text)
    __aeabi_i2f                              0x08007c81   Thumb Code    16  fflti.o(.text)
    _fflt                                    0x08007c81   Thumb Code     0  fflti.o(.text)
    __aeabi_ui2f                             0x08007c91   Thumb Code     6  fflti.o(.text)
    _ffltu                                   0x08007c91   Thumb Code     0  fflti.o(.text)
    __read_errno                             0x08007c97   Thumb Code    10  _rserrno.o(.text)
    __set_errno                              0x08007ca1   Thumb Code    12  _rserrno.o(.text)
    _printf_char_common                      0x08007cb7   Thumb Code    32  _printf_char_common.o(.text)
    _sputc                                   0x08007cdd   Thumb Code    10  _sputc.o(.text)
    _printf_cs_common                        0x08007ce7   Thumb Code    22  _printf_char.o(.text)
    _printf_char                             0x08007cfd   Thumb Code    16  _printf_char.o(.text)
    _printf_string                           0x08007d0d   Thumb Code     8  _printf_char.o(.text)
    __fpl_dcmp_InfNaN                        0x08007d15   Thumb Code   140  dcmpin.o(.text)
    __ARM_scalbn                             0x08007da5   Thumb Code    84  dscalbn.o(.text)
    _dsqrt                                   0x08007e05   Thumb Code   248  dsqrt.o(.text)
    __fpl_fcmp_InfNaN                        0x08007f05   Thumb Code    96  fcmpin.o(.text)
    __aeabi_errno_addr                       0x08007f69   Thumb Code     8  rt_errno_addr_intlibspace.o(.text)
    __errno$intlibspace                      0x08007f69   Thumb Code     0  rt_errno_addr_intlibspace.o(.text)
    __rt_errno_addr$intlibspace              0x08007f69   Thumb Code     0  rt_errno_addr_intlibspace.o(.text)
    __fpl_cmpreturn                          0x08007f71   Thumb Code    46  cmpret.o(.text)
    __fpl_dcheck_NaN2                        0x08007fa1   Thumb Code    14  dnan2.o(.text)
    __fpl_fcheck_NaN2                        0x08007fb5   Thumb Code    10  fnan2.o(.text)
    __user_libspace                          0x08007fc5   Thumb Code     8  libspace.o(.text)
    __user_perproc_libspace                  0x08007fc5   Thumb Code     0  libspace.o(.text)
    __user_perthread_libspace                0x08007fc5   Thumb Code     0  libspace.o(.text)
    __user_setup_stackheap                   0x08007fcd   Thumb Code    62  sys_stackheap_outer.o(.text)
    exit                                     0x0800800b   Thumb Code    16  exit.o(.text)
    __fpl_return_NaN                         0x0800801b   Thumb Code    94  retnan.o(.text)
    Reset_Handler                            0x08008079   Thumb Code     8  startup_stm32f0xx.o(.text)
    ADC1_COMP_IRQHandler                     0x0800808b   Thumb Code     0  startup_stm32f0xx.o(.text)
    CEC_IRQHandler                           0x0800808b   Thumb Code     0  startup_stm32f0xx.o(.text)
    DMA1_Channel1_IRQHandler                 0x0800808b   Thumb Code     0  startup_stm32f0xx.o(.text)
    DMA1_Channel2_3_IRQHandler               0x0800808b   Thumb Code     0  startup_stm32f0xx.o(.text)
    DMA1_Channel4_5_IRQHandler               0x0800808b   Thumb Code     0  startup_stm32f0xx.o(.text)
    EXTI0_1_IRQHandler                       0x0800808b   Thumb Code     0  startup_stm32f0xx.o(.text)
    EXTI2_3_IRQHandler                       0x0800808b   Thumb Code     0  startup_stm32f0xx.o(.text)
    FLASH_IRQHandler                         0x0800808b   Thumb Code     0  startup_stm32f0xx.o(.text)
    I2C1_IRQHandler                          0x0800808b   Thumb Code     0  startup_stm32f0xx.o(.text)
    PVD_IRQHandler                           0x0800808b   Thumb Code     0  startup_stm32f0xx.o(.text)
    RCC_IRQHandler                           0x0800808b   Thumb Code     0  startup_stm32f0xx.o(.text)
    RTC_IRQHandler                           0x0800808b   Thumb Code     0  startup_stm32f0xx.o(.text)
    SPI1_IRQHandler                          0x0800808b   Thumb Code     0  startup_stm32f0xx.o(.text)
    SPI2_IRQHandler                          0x0800808b   Thumb Code     0  startup_stm32f0xx.o(.text)
    TIM14_IRQHandler                         0x0800808b   Thumb Code     0  startup_stm32f0xx.o(.text)
    TIM15_IRQHandler                         0x0800808b   Thumb Code     0  startup_stm32f0xx.o(.text)
    TIM16_IRQHandler                         0x0800808b   Thumb Code     0  startup_stm32f0xx.o(.text)
    TIM17_IRQHandler                         0x0800808b   Thumb Code     0  startup_stm32f0xx.o(.text)
    TIM1_BRK_UP_TRG_COM_IRQHandler           0x0800808b   Thumb Code     0  startup_stm32f0xx.o(.text)
    TIM1_CC_IRQHandler                       0x0800808b   Thumb Code     0  startup_stm32f0xx.o(.text)
    TIM2_IRQHandler                          0x0800808b   Thumb Code     0  startup_stm32f0xx.o(.text)
    TIM3_IRQHandler                          0x0800808b   Thumb Code     0  startup_stm32f0xx.o(.text)
    TIM6_DAC_IRQHandler                      0x0800808b   Thumb Code     0  startup_stm32f0xx.o(.text)
    TS_IRQHandler                            0x0800808b   Thumb Code     0  startup_stm32f0xx.o(.text)
    WWDG_IRQHandler                          0x0800808b   Thumb Code     0  startup_stm32f0xx.o(.text)
    __user_initial_stackheap                 0x0800808d   Thumb Code     0  startup_stm32f0xx.o(.text)
    SetSysClock                              0x080080b1   Thumb Code   206  system_stm32f0xx.o(.text)
    SystemInit                               0x0800817f   Thumb Code   110  system_stm32f0xx.o(.text)
    SystemCoreClockUpdate                    0x080081ed   Thumb Code   154  system_stm32f0xx.o(.text)
    _sys_exit                                0x080082a9   Thumb Code     8  sys_exit.o(.text)
    __use_two_region_memory                  0x080082b5   Thumb Code     2  heapauxi.o(.text)
    __rt_heap_escrow$2region                 0x080082b7   Thumb Code     2  heapauxi.o(.text)
    __rt_heap_expand$2region                 0x080082b9   Thumb Code     2  heapauxi.o(.text)
    __I$use$semihosting                      0x080082bb   Thumb Code     0  use_no_semi.o(.text)
    __use_no_semihosting_swi                 0x080082bb   Thumb Code     2  use_no_semi.o(.text)
    __decompress                             0x080082bd   Thumb Code     0  __dczerorl2.o(.text)
    __decompress1                            0x080082bd   Thumb Code    86  __dczerorl2.o(.text)
    __semihosting_library_function           0x080082bd   Thumb Code     0  indicate_semi.o(.text)
    __ARM_common_ll_muluu                    0x08008313   Thumb Code    50  rred.o(i.__ARM_common_ll_muluu)
    __ARM_common_switch8                     0x08008345   Thumb Code    28  autonetapis.o(i.__ARM_common_switch8)
    __ARM_fpclassify                         0x08008361   Thumb Code    40  fpclassify.o(i.__ARM_fpclassify)
    __ieee754_rem_pio2                       0x0800838d   Thumb Code   838  rred.o(i.__ieee754_rem_pio2)
    __kernel_cos                             0x08008729   Thumb Code   224  cos_i.o(i.__kernel_cos)
    __kernel_poly                            0x0800881d   Thumb Code   172  poly.o(i.__kernel_poly)
    __kernel_sin                             0x080088c9   Thumb Code   222  sin_i.o(i.__kernel_sin)
    __mathlib_dbl_divzero                    0x080089b5   Thumb Code    16  dunder.o(i.__mathlib_dbl_divzero)
    __mathlib_dbl_infnan                     0x080089c9   Thumb Code    10  dunder.o(i.__mathlib_dbl_infnan)
    __mathlib_dbl_infnan2                    0x080089d3   Thumb Code     8  dunder.o(i.__mathlib_dbl_infnan2)
    __mathlib_dbl_invalid                    0x080089db   Thumb Code    16  dunder.o(i.__mathlib_dbl_invalid)
    __mathlib_dbl_overflow                   0x080089ed   Thumb Code    16  dunder.o(i.__mathlib_dbl_overflow)
    __mathlib_dbl_underflow                  0x08008a01   Thumb Code    14  dunder.o(i.__mathlib_dbl_underflow)
    atan                                     0x08008a15   Thumb Code   472  atan.o(i.atan)
    atan2                                    0x08008c31   Thumb Code   334  atan2.o(i.atan2)
    cos                                      0x08008da9   Thumb Code   142  cos.o(i.cos)
    main                                     0x08008e41   Thumb Code    88  main.o(i.main)
    pow                                      0x08008e99   Thumb Code  2548  pow.o(i.pow)
    sin                                      0x08009895   Thumb Code   146  sin.o(i.sin)
    sqrt                                     0x08009931   Thumb Code    66  sqrt.o(i.sqrt)
    __aeabi_cdcmple                          0x08009979   Thumb Code     0  dlef.o(x$fpl$dleqf)
    _dcmple                                  0x08009979   Thumb Code    94  dlef.o(x$fpl$dleqf)
    __aeabi_cdrcmple                         0x080099dd   Thumb Code     0  drlef.o(x$fpl$drleqf)
    _drcmple                                 0x080099dd   Thumb Code   100  drlef.o(x$fpl$drleqf)
    __aeabi_fadd                             0x08009a45   Thumb Code     0  faddsub.o(x$fpl$fadd)
    _fadd                                    0x08009a45   Thumb Code   134  faddsub.o(x$fpl$fadd)
    __aeabi_cfcmpeq                          0x08009ad1   Thumb Code     0  feqf.o(x$fpl$feqf)
    _fcmpeq                                  0x08009ad1   Thumb Code    78  feqf.o(x$fpl$feqf)
    __aeabi_cfcmple                          0x08009b25   Thumb Code     0  flef.o(x$fpl$fleqf)
    _fcmple                                  0x08009b25   Thumb Code    78  flef.o(x$fpl$fleqf)
    __aeabi_fmul                             0x08009b79   Thumb Code     0  fmul.o(x$fpl$fmul)
    _fmul                                    0x08009b79   Thumb Code   172  fmul.o(x$fpl$fmul)
    __aeabi_cfrcmple                         0x08009c29   Thumb Code     0  frlef.o(x$fpl$frleqf)
    _frcmple                                 0x08009c29   Thumb Code    84  frlef.o(x$fpl$frleqf)
    __aeabi_fsub                             0x08009c81   Thumb Code     0  faddsub.o(x$fpl$fsub)
    _fsub                                    0x08009c81   Thumb Code   204  faddsub.o(x$fpl$fsub)
    __I$use$fp                               0x08009d50   Number         0  usenofp.o(x$fpl$usenofp)
    __mathlib_zero                           0x08009f60   Data           8  qnan.o(.constdata)
    Region$$Table$$Base                      0x0800a058   Number         0  anon$$obj.o(Region$$Table)
    Region$$Table$$Limit                     0x0800a078   Number         0  anon$$obj.o(Region$$Table)
    DataLen                                  0x20000000   Data           1  txrx.o(.data)
    DataLen_BC                               0x20000001   Data           1  txrx.o(.data)
    RFTxOccupied                             0x20000002   Data           1  txrx.o(.data)
    RFRxOccupied                             0x20000003   Data           1  txrx.o(.data)
    RFLqi                                    0x20000004   Data           1  txrx.o(.data)
    RSSI                                     0x20000005   Data           1  txrx.o(.data)
    RSSI_BC                                  0x20000006   Data           1  txrx.o(.data)
    RFRssi_temp                              0x20000007   Data           1  txrx.o(.data)
    rssi                                     0x20000008   Data           1  txrx.o(.data)
    RFTxState                                0x20000009   Data           1  txrx.o(.data)
    RFRxState                                0x2000000a   Data           1  txrx.o(.data)
    RFReceived                               0x2000000b   Data           1  txrx.o(.data)
    RFReceivedAutoNet                        0x2000000c   Data           1  txrx.o(.data)
    RFSleepState                             0x2000000d   Data           1  txrx.o(.data)
    TimeoutFlag                              0x2000000e   Data           1  txrx.o(.data)
    lightState                               0x2000000f   Data           1  txrx.o(.data)
    DataLen_temp                             0x20000010   Data           1  txrx.o(.data)
    function                                 0x20000014   Data           4  stm32f0xx_it.o(.data)
    Timer_Connect_Flag_Beacon                0x20000018   Data           4  stm32f0xx_it.o(.data)
    timer_ticks_Beacon                       0x2000001c   Data           4  stm32f0xx_it.o(.data)
    timer_period_Beacon                      0x20000020   Data           4  stm32f0xx_it.o(.data)
    BeaconTimerFlag                          0x20000024   Data           4  stm32f0xx_it.o(.data)
    Timer_Connect_Flag_IR_Beacon             0x20000028   Data           4  stm32f0xx_it.o(.data)
    timer_ticks_IR_Beacon                    0x2000002c   Data           4  stm32f0xx_it.o(.data)
    timer_period_IR_Beacon                   0x20000030   Data           4  stm32f0xx_it.o(.data)
    IR_BeaconTimerFlag                       0x20000034   Data           4  stm32f0xx_it.o(.data)
    timer_flag                               0x20000038   Data           8  stm32f0xx_it.o(.data)
    numOfIR                                  0x20000040   Data           1  autonetapis.o(.data)
    CommanderID                              0x20000041   Data           1  autonetapis.o(.data)
    _Addr                                    0x20000042   Data           2  autonetapis.o(.data)
    _Type                                    0x20000044   Data           1  autonetapis.o(.data)
    _radioChannel                            0x20000045   Data           1  autonetapis.o(.data)
    _radioPanID                              0x20000046   Data           2  autonetapis.o(.data)
    BeaconEnabled                            0x20000048   Data           4  autonetapis.o(.data)
    num                                      0x2000004c   Data           4  autonetapis.o(.data)
    i                                        0x20000050   Data           4  autonetapis.o(.data)
    j                                        0x20000054   Data           4  autonetapis.o(.data)
    k                                        0x20000058   Data           4  autonetapis.o(.data)
    gps_m                                    0x2000005c   Data           4  autonetapis.o(.data)
    CheckTime                                0x20000060   Data           4  autonetapis.o(.data)
    ConfirmGroupTime                         0x20000064   Data           4  autonetapis.o(.data)
    TimObj                                   0x20000068   Data          36  st.o(.data)
    NbrOfDataToTransfer                      0x2000008c   Data           1  com.o(.data)
    NbrOfDataToRead                          0x2000008d   Data           1  com.o(.data)
    UartTxCount                              0x2000008e   Data           1  com.o(.data)
    UartRxCount                              0x20000090   Data           2  com.o(.data)
    UartRxCount2                             0x20000092   Data           2  com.o(.data)
    UartTxState                              0x20000094   Data           1  com.o(.data)
    UartRxState                              0x20000095   Data           1  com.o(.data)
    BufferLen                                0x20000096   Data           2  us2400apis.o(.data)
    SerialNumber                             0x20000098   Data           1  us2400apis.o(.data)
    GPS_ResetFlag                            0x200000a0   Data           1  sensor.o(.data)
    GPS_ResetCount                           0x200000a1   Data           1  sensor.o(.data)
    GPS_ResetMax                             0x200000a2   Data           1  sensor.o(.data)
    sum_MagX                                 0x200000a3   Data           1  sensor.o(.data)
    Speed                                    0x200000a4   Data           2  sensor.o(.data)
    AK8975MagX                               0x200000a6   Data           2  sensor.o(.data)
    AK8975MagY                               0x200000a8   Data           2  sensor.o(.data)
    AK8975MagZ                               0x200000aa   Data           2  sensor.o(.data)
    MPU6050AccX                              0x200000ac   Data           2  sensor.o(.data)
    MPU6050AccY                              0x200000ae   Data           2  sensor.o(.data)
    MPU6050AccZ                              0x200000b0   Data           2  sensor.o(.data)
    MPU6050GyroX                             0x200000b2   Data           2  sensor.o(.data)
    MPU6050GyroY                             0x200000b4   Data           2  sensor.o(.data)
    MPU6050GyroZ                             0x200000b6   Data           2  sensor.o(.data)
    Mag3110MagX                              0x200000b8   Data           2  sensor.o(.data)
    Mag3110MagY                              0x200000ba   Data           2  sensor.o(.data)
    Mag3110MagZ                              0x200000bc   Data           2  sensor.o(.data)
    buffer_MagX                              0x200000be   Data           2  sensor.o(.data)
    max_x                                    0x200000c0   Data           2  sensor.o(.data)
    min_x                                    0x200000c2   Data           2  sensor.o(.data)
    max_y                                    0x200000c4   Data           2  sensor.o(.data)
    min_y                                    0x200000c6   Data           2  sensor.o(.data)
    max_z                                    0x200000c8   Data           2  sensor.o(.data)
    min_z                                    0x200000ca   Data           2  sensor.o(.data)
    time                                     0x200000cc   Data           4  sensor.o(.data)
    flat_heading                             0x200000d0   Data           4  sensor.o(.data)
    tilt_heading                             0x200000d4   Data           4  sensor.o(.data)
    Speed_x                                  0x200000d8   Data           4  sensor.o(.data)
    Speed_y                                  0x200000dc   Data           4  sensor.o(.data)
    Speed_z                                  0x200000e0   Data           4  sensor.o(.data)
    PI                                       0x200000e8   Data           8  sensor.o(.data)
    flat_headingH                            0x200000f0   Data           1  sensor.o(.data)
    flat_headingL                            0x200000f1   Data           1  sensor.o(.data)
    RealspeedH                               0x200000f2   Data           1  sensor.o(.data)
    RealspeedL                               0x200000f3   Data           1  sensor.o(.data)
    Lat                                      0x200000f4   Data           1  sensor.o(.data)
    Long                                     0x200000f5   Data           1  sensor.o(.data)
    Lat_deg                                  0x200000f6   Data           1  sensor.o(.data)
    Lat_min                                  0x200000f7   Data           1  sensor.o(.data)
    Lat_sec                                  0x200000f8   Data           1  sensor.o(.data)
    Lat_dir                                  0x200000f9   Data           1  sensor.o(.data)
    Long_deg                                 0x200000fa   Data           1  sensor.o(.data)
    Long_min                                 0x200000fb   Data           1  sensor.o(.data)
    Long_sec                                 0x200000fc   Data           1  sensor.o(.data)
    Long_dir                                 0x200000fd   Data           1  sensor.o(.data)
    CommandTxBuffer                          0x200000fe   Data          64  mcp2120apis.o(.data)
    CommandTxBuffer_BC                       0x2000013e   Data          64  mcp2120apis.o(.data)
    CommandRxBufferLen                       0x2000017e   Data           1  mcp2120apis.o(.data)
    CommandRxBufferLen2                      0x2000017f   Data           1  mcp2120apis.o(.data)
    CommandRxBufferLen_BC                    0x20000180   Data           1  mcp2120apis.o(.data)
    CommandRxBufferLen2_BC                   0x20000181   Data           1  mcp2120apis.o(.data)
    IRTxState                                0x20000182   Data           1  mcp2120apis.o(.data)
    IRRxState                                0x20000183   Data           1  mcp2120apis.o(.data)
    count                                    0x20000184   Data           1  mcp2120apis.o(.data)
    alive_flag_MPU6050                       0x20000198   Data           1  mpu6050apis.o(.data)
    true_x                                   0x2000019c   Data           4  mpu6050apis.o(.data)
    true_y                                   0x200001a0   Data           4  mpu6050apis.o(.data)
    true_z                                   0x200001a4   Data           4  mpu6050apis.o(.data)
    ax_offset                                0x200001a8   Data           2  mpu6050apis.o(.data)
    ay_offset                                0x200001aa   Data           2  mpu6050apis.o(.data)
    az_offset                                0x200001ac   Data           2  mpu6050apis.o(.data)
    mean_ax                                  0x200001ae   Data           2  mpu6050apis.o(.data)
    mean_ay                                  0x200001b0   Data           2  mpu6050apis.o(.data)
    mean_az                                  0x200001b2   Data           2  mpu6050apis.o(.data)
    initial                                  0x200001b4   Data           4  mpu6050apis.o(.data)
    state                                    0x200001b8   Data           4  mpu6050apis.o(.data)
    buffersize                               0x200001bc   Data           4  mpu6050apis.o(.data)
    acel_deadzone                            0x200001c0   Data           4  mpu6050apis.o(.data)
    Temp                                     0x200001c4   Data           1  lea6sapis.o(.data)
    TempBufferCount                          0x200001c5   Data           1  lea6sapis.o(.data)
    GPSDataReady                             0x200001c6   Data           1  lea6sapis.o(.data)
    p                                        0x200001c8   Data           4  lea6sapis.o(.data)
    SystemCoreClock                          0x200001cc   Data           4  system_stm32f0xx.o(.data)
    AHBPrescTable                            0x200001d0   Data          16  system_stm32f0xx.o(.data)
    RxData                                   0x200001e0   Data         128  txrx.o(.bss)
    Data                                     0x20000260   Data         128  txrx.o(.bss)
    RFTxBuffer                               0x200002e0   Data         255  txrx.o(.bss)
    Timer_Connect_Flag                       0x200003e0   Data          32  stm32f0xx_it.o(.bss)
    timer_ticks                              0x20000400   Data          32  stm32f0xx_it.o(.bss)
    timer_period                             0x20000420   Data          32  stm32f0xx_it.o(.bss)
    table                                    0x20000440   Data         480  autonetapis.o(.bss)
    IR_table                                 0x20000620   Data         192  autonetapis.o(.bss)
    myAttribute                              0x200006e0   Data          30  autonetapis.o(.bss)
    myReadableAttribute                      0x20000700   Data          12  autonetapis.o(.bss)
    readabletable                            0x2000070c   Data         192  autonetapis.o(.bss)
    TimForTable                              0x200007d0   Data          80  autonetapis.o(.bss)
    TimForIRTable                            0x20000820   Data         160  autonetapis.o(.bss)
    Group                                    0x200008c0   Data          16  autonetapis.o(.bss)
    pTxData                                  0x200008d0   Data         128  autonetapis.o(.bss)
    pRxData                                  0x20000950   Data         128  autonetapis.o(.bss)
    UartTxBuffer                             0x200009d0   Data          64  com.o(.bss)
    UartRxBuffer                             0x20000a10   Data          64  com.o(.bss)
    UartRxBuffer2                            0x20000a50   Data          64  com.o(.bss)
    Buffer                                   0x20000a90   Data         256  us2400apis.o(.bss)
    Value                                    0x20000b90   Data         256  us2400apis.o(.bss)
    TxBuff                                   0x20000c90   Data         256  us2400apis.o(.bss)
    RxBuff                                   0x20000d90   Data         256  us2400apis.o(.bss)
    TxTempBuff                               0x20000e90   Data         256  us2400apis.o(.bss)
    CommandRxBuffer                          0x20000f90   Data          64  mcp2120apis.o(.bss)
    CommandRxBuffer2                         0x20000fd0   Data          64  mcp2120apis.o(.bss)
    CommandRxBuffer_BC                       0x20001010   Data          64  mcp2120apis.o(.bss)
    CommandRxBuffer2_BC                      0x20001050   Data          64  mcp2120apis.o(.bss)
    TempBuffer                               0x20001090   Data          64  lea6sapis.o(.bss)
    __libspace_start                         0x200010d0   Data          96  libspace.o(.bss)
    __temporary_stack_top$libspace           0x20001130   Data           0  libspace.o(.bss)



==============================================================================

Memory Map of the image

  Image Entry point : 0x080000c1

  Load Region LR_IROM1 (Base: 0x08000000, Size: 0x0000a258, Max: 0x00010000, ABSOLUTE, COMPRESSED[0x0000a0d8])

    Execution Region ER_IROM1 (Base: 0x08000000, Size: 0x0000a078, Max: 0x00010000, ABSOLUTE)

    Base Addr    Size         Type   Attr      Idx    E Section Name        Object

    0x08000000   0x000000c0   Data   RO         1337    RESET               AutoNet.lib(startup_stm32f0xx.o)
    0x080000c0   0x00000008   Code   RO         1131  * !!!main             c_p.l(__main.o)
    0x080000c8   0x0000003c   Code   RO         1499    !!!scatter          c_p.l(__scatter.o)
    0x08000104   0x0000001c   Code   RO         1501    !!handler_zi        c_p.l(__scatter_zi.o)
    0x08000120   0x00000002   Code   RO         1114    .ARM.Collect$$_printf_percent$$00000000  c_p.l(_printf_percent.o)
    0x08000122   0x0000000a   Code   RO         1113    .ARM.Collect$$_printf_percent$$00000013  c_p.l(_printf_c.o)
    0x0800012c   0x00000004   Code   RO         1228    .ARM.Collect$$_printf_percent$$00000017  c_p.l(_printf_percent_end.o)
    0x08000130   0x00000002   Code   RO         1332    .ARM.Collect$$libinit$$00000000  c_p.l(libinit.o)
    0x08000132   0x00000000   Code   RO         1352    .ARM.Collect$$libinit$$00000002  c_p.l(libinit2.o)
    0x08000132   0x00000000   Code   RO         1354    .ARM.Collect$$libinit$$00000004  c_p.l(libinit2.o)
    0x08000132   0x00000000   Code   RO         1357    .ARM.Collect$$libinit$$0000000A  c_p.l(libinit2.o)
    0x08000132   0x00000000   Code   RO         1359    .ARM.Collect$$libinit$$0000000C  c_p.l(libinit2.o)
    0x08000132   0x00000000   Code   RO         1361    .ARM.Collect$$libinit$$0000000E  c_p.l(libinit2.o)
    0x08000132   0x00000000   Code   RO         1364    .ARM.Collect$$libinit$$00000011  c_p.l(libinit2.o)
    0x08000132   0x00000000   Code   RO         1366    .ARM.Collect$$libinit$$00000013  c_p.l(libinit2.o)
    0x08000132   0x00000000   Code   RO         1368    .ARM.Collect$$libinit$$00000015  c_p.l(libinit2.o)
    0x08000132   0x00000000   Code   RO         1370    .ARM.Collect$$libinit$$00000017  c_p.l(libinit2.o)
    0x08000132   0x00000000   Code   RO         1372    .ARM.Collect$$libinit$$00000019  c_p.l(libinit2.o)
    0x08000132   0x00000000   Code   RO         1374    .ARM.Collect$$libinit$$0000001B  c_p.l(libinit2.o)
    0x08000132   0x00000000   Code   RO         1376    .ARM.Collect$$libinit$$0000001D  c_p.l(libinit2.o)
    0x08000132   0x00000000   Code   RO         1378    .ARM.Collect$$libinit$$0000001F  c_p.l(libinit2.o)
    0x08000132   0x00000000   Code   RO         1380    .ARM.Collect$$libinit$$00000021  c_p.l(libinit2.o)
    0x08000132   0x00000000   Code   RO         1382    .ARM.Collect$$libinit$$00000023  c_p.l(libinit2.o)
    0x08000132   0x00000000   Code   RO         1384    .ARM.Collect$$libinit$$00000025  c_p.l(libinit2.o)
    0x08000132   0x00000000   Code   RO         1388    .ARM.Collect$$libinit$$0000002C  c_p.l(libinit2.o)
    0x08000132   0x00000000   Code   RO         1390    .ARM.Collect$$libinit$$0000002E  c_p.l(libinit2.o)
    0x08000132   0x00000000   Code   RO         1392    .ARM.Collect$$libinit$$00000030  c_p.l(libinit2.o)
    0x08000132   0x00000000   Code   RO         1394    .ARM.Collect$$libinit$$00000032  c_p.l(libinit2.o)
    0x08000132   0x00000002   Code   RO         1395    .ARM.Collect$$libinit$$00000033  c_p.l(libinit2.o)
    0x08000134   0x00000002   Code   RO         1454    .ARM.Collect$$libshutdown$$00000000  c_p.l(libshutdown.o)
    0x08000136   0x00000000   Code   RO         1480    .ARM.Collect$$libshutdown$$00000002  c_p.l(libshutdown2.o)
    0x08000136   0x00000000   Code   RO         1482    .ARM.Collect$$libshutdown$$00000004  c_p.l(libshutdown2.o)
    0x08000136   0x00000000   Code   RO         1485    .ARM.Collect$$libshutdown$$00000007  c_p.l(libshutdown2.o)
    0x08000136   0x00000000   Code   RO         1488    .ARM.Collect$$libshutdown$$0000000A  c_p.l(libshutdown2.o)
    0x08000136   0x00000000   Code   RO         1490    .ARM.Collect$$libshutdown$$0000000C  c_p.l(libshutdown2.o)
    0x08000136   0x00000000   Code   RO         1493    .ARM.Collect$$libshutdown$$0000000F  c_p.l(libshutdown2.o)
    0x08000136   0x00000002   Code   RO         1494    .ARM.Collect$$libshutdown$$00000010  c_p.l(libshutdown2.o)
    0x08000138   0x00000000   Code   RO         1215    .ARM.Collect$$rtentry$$00000000  c_p.l(__rtentry.o)
    0x08000138   0x00000000   Code   RO         1286    .ARM.Collect$$rtentry$$00000002  c_p.l(__rtentry2.o)
    0x08000138   0x00000006   Code   RO         1298    .ARM.Collect$$rtentry$$00000004  c_p.l(__rtentry4.o)
    0x0800013e   0x00000000   Code   RO         1288    .ARM.Collect$$rtentry$$00000009  c_p.l(__rtentry2.o)
    0x0800013e   0x00000004   Code   RO         1289    .ARM.Collect$$rtentry$$0000000A  c_p.l(__rtentry2.o)
    0x08000142   0x00000000   Code   RO         1291    .ARM.Collect$$rtentry$$0000000C  c_p.l(__rtentry2.o)
    0x08000142   0x00000008   Code   RO         1292    .ARM.Collect$$rtentry$$0000000D  c_p.l(__rtentry2.o)
    0x0800014a   0x00000002   Code   RO         1343    .ARM.Collect$$rtexit$$00000000  c_p.l(rtexit.o)
    0x0800014c   0x00000000   Code   RO         1425    .ARM.Collect$$rtexit$$00000002  c_p.l(rtexit2.o)
    0x0800014c   0x00000004   Code   RO         1426    .ARM.Collect$$rtexit$$00000003  c_p.l(rtexit2.o)
    0x08000150   0x00000006   Code   RO         1427    .ARM.Collect$$rtexit$$00000004  c_p.l(rtexit2.o)
    0x08000156   0x00000002   PAD
    0x08000158   0x00000038   Code   RO         1121    .emb_text           c_p.l(rt_memcpy.o)
    0x08000190   0x000002f0   Code   RO          191    .text               AutoNet.lib(txrx.o)
    0x08000480   0x00000610   Code   RO          325    .text               AutoNet.lib(stm32f0xx_it.o)
    0x08000a90   0x00000fe8   Code   RO          415    .text               AutoNet.lib(autonetapis.o)
    0x08001a78   0x000000f8   Code   RO          483    .text               AutoNet.lib(stm32f0xx_exti.o)
    0x08001b70   0x00000496   Code   RO          503    .text               AutoNet.lib(stm32f0xx_i2c.o)
    0x08002006   0x00000002   PAD
    0x08002008   0x0000054c   Code   RO          523    .text               AutoNet.lib(stm32f0xx_usart.o)
    0x08002554   0x00000154   Code   RO          543    .text               AutoNet.lib(config.o)
    0x080026a8   0x000001c4   Code   RO          567    .text               AutoNet.lib(spi.o)
    0x0800286c   0x00000270   Code   RO          590    .text               AutoNet.lib(i2c.o)
    0x08002adc   0x000000d8   Code   RO          613    .text               AutoNet.lib(st.o)
    0x08002bb4   0x000002b0   Code   RO          639    .text               AutoNet.lib(com.o)
    0x08002e64   0x000006d8   Code   RO          663    .text               AutoNet.lib(us2400apis.o)
    0x0800353c   0x00000244   Code   RO          703    .text               AutoNet.lib(stm32f0xx_lp_modes.o)
    0x08003780   0x00000930   Code   RO          726    .text               AutoNet.lib(sensor.o)
    0x080040b0   0x00000046   Code   RO          753    .text               AutoNet.lib(tmp75apis.o)
    0x080040f6   0x00000002   PAD
    0x080040f8   0x000003d0   Code   RO          779    .text               AutoNet.lib(mcp2120apis.o)
    0x080044c8   0x00000170   Code   RO          810    .text               AutoNet.lib(stm32f0xx_dma.o)
    0x08004638   0x000001f0   Code   RO          830    .text               AutoNet.lib(stm32f0xx_gpio.o)
    0x08004828   0x000000b4   Code   RO          850    .text               AutoNet.lib(stm32f0xx_misc.o)
    0x080048dc   0x0000013c   Code   RO          870    .text               AutoNet.lib(stm32f0xx_pwr.o)
    0x08004a18   0x000005f8   Code   RO          890    .text               AutoNet.lib(stm32f0xx_rcc.o)
    0x08005010   0x00000b88   Code   RO          912    .text               AutoNet.lib(stm32f0xx_rtc.o)
    0x08005b98   0x000003bc   Code   RO          932    .text               AutoNet.lib(stm32f0xx_spi.o)
    0x08005f54   0x000000f0   Code   RO          952    .text               AutoNet.lib(stm32f0xx_syscfg.o)
    0x08006044   0x0000064c   Code   RO          972    .text               AutoNet.lib(mpu6050apis.o)
    0x08006690   0x00000328   Code   RO         1002    .text               AutoNet.lib(lea6sapis.o)
    0x080069b8   0x0000005c   Code   RO         1033    .text               AutoNet.lib(bh1750fviapis.o)
    0x08006a14   0x000000ec   Code   RO         1059    .text               AutoNet.lib(ak8975apis.o)
    0x08006b00   0x00000028   Code   RO         1087    .text               c_p.l(noretval__2sprintf.o)
    0x08006b28   0x0000006c   Code   RO         1089    .text               c_p.l(__printf.o)
    0x08006b94   0x00000052   Code   RO         1091    .text               c_p.l(_printf_str.o)
    0x08006be6   0x00000028   Code   RO         1115    .text               c_p.l(strstr.o)
    0x08006c0e   0x0000005a   Code   RO         1117    .text               c_p.l(memcmp.o)
    0x08006c68   0x00000044   Code   RO         1119    .text               c_p.l(strlen.o)
    0x08006cac   0x00000082   Code   RO         1122    .text               c_p.l(rt_memcpy.o)
    0x08006d2e   0x00000040   Code   RO         1125    .text               c_p.l(rt_memclr.o)
    0x08006d6e   0x0000015a   Code   RO         1127    .text               c_p.l(aeabi_sdiv.o)
    0x08006ec8   0x0000007c   Code   RO         1133    .text               fz_ps.l(d2f.o)
    0x08006f44   0x00000358   Code   RO         1135    .text               fz_ps.l(daddsub.o)
    0x0800729c   0x00000448   Code   RO         1137    .text               fz_ps.l(ddiv.o)
    0x080076e4   0x0000006c   Code   RO         1140    .text               fz_ps.l(dfixi.o)
    0x08007750   0x00000048   Code   RO         1142    .text               fz_ps.l(dfixui.o)
    0x08007798   0x00000058   Code   RO         1144    .text               fz_ps.l(dflti.o)
    0x080077f0   0x00000248   Code   RO         1148    .text               fz_ps.l(dmul.o)
    0x08007a38   0x00000054   Code   RO         1150    .text               fz_ps.l(f2d.o)
    0x08007a8c   0x00000160   Code   RO         1158    .text               fz_ps.l(fdiv.o)
    0x08007bec   0x0000004c   Code   RO         1163    .text               fz_ps.l(ffixi.o)
    0x08007c38   0x0000005e   Code   RO         1165    .text               fz_ps.l(fflti.o)
    0x08007c96   0x00000016   Code   RO         1220    .text               c_p.l(_rserrno.o)
    0x08007cac   0x00000030   Code   RO         1222    .text               c_p.l(_printf_char_common.o)
    0x08007cdc   0x0000000a   Code   RO         1224    .text               c_p.l(_sputc.o)
    0x08007ce6   0x0000002e   Code   RO         1226    .text               c_p.l(_printf_char.o)
    0x08007d14   0x00000090   Code   RO         1229    .text               fz_ps.l(dcmpin.o)
    0x08007da4   0x00000060   Code   RO         1233    .text               fz_ps.l(dscalbn.o)
    0x08007e04   0x00000100   Code   RO         1235    .text               fz_ps.l(dsqrt.o)
    0x08007f04   0x00000064   Code   RO         1237    .text               fz_ps.l(fcmpin.o)
    0x08007f68   0x00000008   Code   RO         1305    .text               c_p.l(rt_errno_addr_intlibspace.o)
    0x08007f70   0x0000002e   Code   RO         1309    .text               fz_ps.l(cmpret.o)
    0x08007f9e   0x00000002   PAD
    0x08007fa0   0x00000014   Code   RO         1311    .text               fz_ps.l(dnan2.o)
    0x08007fb4   0x00000010   Code   RO         1313    .text               fz_ps.l(fnan2.o)
    0x08007fc4   0x00000008   Code   RO         1315    .text               c_p.l(libspace.o)
    0x08007fcc   0x0000003e   Code   RO         1318    .text               c_p.l(sys_stackheap_outer.o)
    0x0800800a   0x00000010   Code   RO         1321    .text               c_p.l(exit.o)
    0x0800801a   0x0000005e   Code   RO         1333    .text               fz_ps.l(retnan.o)
    0x08008078   0x00000038   Code   RO         1338    .text               AutoNet.lib(startup_stm32f0xx.o)
    0x080080b0   0x000001f8   Code   RO         1398    .text               AutoNet.lib(system_stm32f0xx.o)
    0x080082a8   0x0000000c   Code   RO         1422    .text               c_p.l(sys_exit.o)
    0x080082b4   0x00000006   Code   RO         1435    .text               c_p.l(heapauxi.o)
    0x080082ba   0x00000002   Code   RO         1443    .text               c_p.l(use_no_semi.o)
    0x080082bc   0x00000000   Code   RO         1445    .text               c_p.l(indicate_semi.o)
    0x080082bc   0x00000056   Code   RO         1497    .text               c_p.l(__dczerorl2.o)
    0x08008312   0x00000032   Code   RO         1277    i.__ARM_common_ll_muluu  m_ps.l(rred.o)
    0x08008344   0x0000001c   Code   RO          434    i.__ARM_common_switch8  AutoNet.lib(autonetapis.o)
    0x08008360   0x0000002c   Code   RO         1267    i.__ARM_fpclassify  m_ps.l(fpclassify.o)
    0x0800838c   0x0000039c   Code   RO         1272    i.__ieee754_rem_pio2  m_ps.l(rred.o)
    0x08008728   0x000000f4   Code   RO         1250    i.__kernel_cos      m_ps.l(cos_i.o)
    0x0800881c   0x000000ac   Code   RO         1269    i.__kernel_poly     m_ps.l(poly.o)
    0x080088c8   0x000000ec   Code   RO         1279    i.__kernel_sin      m_ps.l(sin_i.o)
    0x080089b4   0x00000014   Code   RO         1253    i.__mathlib_dbl_divzero  m_ps.l(dunder.o)
    0x080089c8   0x0000000a   Code   RO         1254    i.__mathlib_dbl_infnan  m_ps.l(dunder.o)
    0x080089d2   0x00000008   Code   RO         1255    i.__mathlib_dbl_infnan2  m_ps.l(dunder.o)
    0x080089da   0x00000010   Code   RO         1256    i.__mathlib_dbl_invalid  m_ps.l(dunder.o)
    0x080089ea   0x00000002   PAD
    0x080089ec   0x00000014   Code   RO         1257    i.__mathlib_dbl_overflow  m_ps.l(dunder.o)
    0x08008a00   0x00000014   Code   RO         1259    i.__mathlib_dbl_underflow  m_ps.l(dunder.o)
    0x08008a14   0x0000021c   Code   RO         1241    i.atan              m_ps.l(atan.o)
    0x08008c30   0x00000178   Code   RO         1174    i.atan2             m_ps.l(atan2.o)
    0x08008da8   0x00000098   Code   RO         1182    i.cos               m_ps.l(cos.o)
    0x08008e40   0x00000058   Code   RO            3    i.main              main.o
    0x08008e98   0x000009fc   Code   RO         1190    i.pow               m_ps.l(pow.o)
    0x08009894   0x0000009c   Code   RO         1200    i.sin               m_ps.l(sin.o)
    0x08009930   0x00000048   Code   RO         1208    i.sqrt              m_ps.l(sqrt.o)
    0x08009978   0x00000064   Code   RO         1146    x$fpl$dleqf         fz_ps.l(dlef.o)
    0x080099dc   0x00000068   Code   RO         1231    x$fpl$drleqf        fz_ps.l(drlef.o)
    0x08009a44   0x0000008c   Code   RO         1152    x$fpl$fadd          fz_ps.l(faddsub.o)
    0x08009ad0   0x00000054   Code   RO         1161    x$fpl$feqf          fz_ps.l(feqf.o)
    0x08009b24   0x00000054   Code   RO         1167    x$fpl$fleqf         fz_ps.l(flef.o)
    0x08009b78   0x000000b0   Code   RO         1169    x$fpl$fmul          fz_ps.l(fmul.o)
    0x08009c28   0x00000058   Code   RO         1171    x$fpl$frleqf        fz_ps.l(frlef.o)
    0x08009c80   0x000000d0   Code   RO         1154    x$fpl$fsub          fz_ps.l(faddsub.o)
    0x08009d50   0x00000000   Code   RO         1239    x$fpl$usenofp       fz_ps.l(usenofp.o)
    0x08009d50   0x00000080   Data   RO         1138    .constdata          fz_ps.l(ddiv.o)
    0x08009dd0   0x00000040   Data   RO         1159    .constdata          fz_ps.l(fdiv.o)
    0x08009e10   0x00000088   Data   RO         1191    .constdata          m_ps.l(pow.o)
    0x08009e98   0x00000098   Data   RO         1242    .constdata          m_ps.l(atan.o)
    0x08009f30   0x00000030   Data   RO         1251    .constdata          m_ps.l(cos_i.o)
    0x08009f60   0x00000008   Data   RO         1271    .constdata          m_ps.l(qnan.o)
    0x08009f68   0x000000c8   Data   RO         1274    .constdata          m_ps.l(rred.o)
    0x0800a030   0x00000028   Data   RO         1280    .constdata          m_ps.l(sin_i.o)
    0x0800a058   0x00000020   Data   RO         1495    Region$$Table       anon$$obj.o


    Execution Region RW_IRAM1 (Base: 0x20000000, Size: 0x00001730, Max: 0x00002000, ABSOLUTE, COMPRESSED[0x00000060])

    Base Addr    Size         Type   Attr      Idx    E Section Name        Object

    0x20000000   0x00000011   Data   RW          193    .data               AutoNet.lib(txrx.o)
    0x20000011   0x00000003   PAD
    0x20000014   0x0000002c   Data   RW          327    .data               AutoNet.lib(stm32f0xx_it.o)
    0x20000040   0x00000028   Data   RW          417    .data               AutoNet.lib(autonetapis.o)
    0x20000068   0x00000024   Data   RW          614    .data               AutoNet.lib(st.o)
    0x2000008c   0x0000000a   Data   RW          641    .data               AutoNet.lib(com.o)
    0x20000096   0x00000003   Data   RW          665    .data               AutoNet.lib(us2400apis.o)
    0x20000099   0x00000007   PAD
    0x200000a0   0x0000005e   Data   RW          727    .data               AutoNet.lib(sensor.o)
    0x200000fe   0x00000087   Data   RW          781    .data               AutoNet.lib(mcp2120apis.o)
    0x20000185   0x00000010   Data   RW          891    .data               AutoNet.lib(stm32f0xx_rcc.o)
    0x20000195   0x00000003   PAD
    0x20000198   0x0000002c   Data   RW          973    .data               AutoNet.lib(mpu6050apis.o)
    0x200001c4   0x00000008   Data   RW         1004    .data               AutoNet.lib(lea6sapis.o)
    0x200001cc   0x00000014   Data   RW         1399    .data               AutoNet.lib(system_stm32f0xx.o)
    0x200001e0   0x000001ff   Zero   RW          192    .bss                AutoNet.lib(txrx.o)
    0x200003df   0x00000001   PAD
    0x200003e0   0x00000060   Zero   RW          326    .bss                AutoNet.lib(stm32f0xx_it.o)
    0x20000440   0x00000590   Zero   RW          416    .bss                AutoNet.lib(autonetapis.o)
    0x200009d0   0x000000c0   Zero   RW          640    .bss                AutoNet.lib(com.o)
    0x20000a90   0x00000500   Zero   RW          664    .bss                AutoNet.lib(us2400apis.o)
    0x20000f90   0x00000100   Zero   RW          780    .bss                AutoNet.lib(mcp2120apis.o)
    0x20001090   0x00000040   Zero   RW         1003    .bss                AutoNet.lib(lea6sapis.o)
    0x200010d0   0x00000060   Zero   RW         1316    .bss                c_p.l(libspace.o)
    0x20001130   0x00000200   Zero   RW         1336    HEAP                AutoNet.lib(startup_stm32f0xx.o)
    0x20001330   0x00000400   Zero   RW         1335    STACK               AutoNet.lib(startup_stm32f0xx.o)


==============================================================================

Image component sizes


      Code (inc. data)   RO Data    RW Data    ZI Data      Debug   Object Name

        88          0          0          0          0       5255   main.o

    ----------------------------------------------------------------------
        88          0         32          0          0       5255   Object Totals
         0          0         32          0          0          0   (incl. Generated)
         0          0          0          0          0          0   (incl. Padding)

    ----------------------------------------------------------------------

      Code (inc. data)   RO Data    RW Data    ZI Data      Debug   Library Member Name

       236          0          0          0          0        859   ak8975apis.o
      4100        292          0         40       1424     102395   autonetapis.o
        92         10          0          0          0        812   bh1750fviapis.o
       688         34          0         10        192       3056   com.o
       340         10          0          0          0       1042   config.o
       624         14          0          0          0       2035   i2c.o
       808         48          0          8         64       2724   lea6sapis.o
       976         50          0        135        256       4549   mcp2120apis.o
      1612        104          0         44          0       4402   mpu6050apis.o
      2352        160          0         94          0       6322   sensor.o
       452         16          0          0          0       1277   spi.o
       216         20          0         36          0       7110   st.o
        56         26        192          0       1536        708   startup_stm32f0xx.o
       368         12          0          0          0       3454   stm32f0xx_dma.o
       248         12          0          0          0       2239   stm32f0xx_exti.o
       496         22          0          0          0       3709   stm32f0xx_gpio.o
      1174         24          0          0          0       9838   stm32f0xx_i2c.o
      1552        170          0         44         96       5251   stm32f0xx_it.o
       580         22          0          0          0       1827   stm32f0xx_lp_modes.o
       180         14          0          0          0       1392   stm32f0xx_misc.o
       316         10          0          0          0       2166   stm32f0xx_pwr.o
      1528         42          0         16          0       8522   stm32f0xx_rcc.o
      2952         52          0          0          0      12964   stm32f0xx_rtc.o
       956         42          0          0          0       7635   stm32f0xx_spi.o
       240          4          0          0          0       2010   stm32f0xx_syscfg.o
      1356         16          0          0          0      11838   stm32f0xx_usart.o
       504         34          0         20          0       1595   system_stm32f0xx.o
        70          0          0          0          0       1149   tmp75apis.o
       752         68          0         17        511     151090   txrx.o
      1752         48          0          3       1280       5101   us2400apis.o
        86          0          0          0          0          0   __dczerorl2.o
         8          0          0          0          0         68   __main.o
       108          0          0          0          0         76   __printf.o
         0          0          0          0          0          0   __rtentry.o
        12          0          0          0          0          0   __rtentry2.o
         6          0          0          0          0          0   __rtentry4.o
        60          8          0          0          0          0   __scatter.o
        28          0          0          0          0          0   __scatter_zi.o
        10          0          0          0          0          0   _printf_c.o
        46          0          0          0          0        100   _printf_char.o
        48          6          0          0          0         88   _printf_char_common.o
         2          0          0          0          0          0   _printf_percent.o
         4          0          0          0          0          0   _printf_percent_end.o
        82          0          0          0          0         72   _printf_str.o
        22          0          0          0          0         92   _rserrno.o
        10          0          0          0          0         60   _sputc.o
       346          0          0          0          0         92   aeabi_sdiv.o
        16          0          0          0          0         68   exit.o
         6          0          0          0          0        136   heapauxi.o
         0          0          0          0          0          0   indicate_semi.o
         2          0          0          0          0          0   libinit.o
         2          0          0          0          0          0   libinit2.o
         2          0          0          0          0          0   libshutdown.o
         2          0          0          0          0          0   libshutdown2.o
         8          4          0          0         96         68   libspace.o
        90          0          0          0          0         68   memcmp.o
        40          4          0          0          0         84   noretval__2sprintf.o
         8          4          0          0          0         68   rt_errno_addr_intlibspace.o
        64          0          0          0          0        108   rt_memclr.o
       186          0          0          0          0        144   rt_memcpy.o
         2          0          0          0          0          0   rtexit.o
        10          0          0          0          0          0   rtexit2.o
        68          6          0          0          0         72   strlen.o
        40          0          0          0          0         72   strstr.o
        12          4          0          0          0         60   sys_exit.o
        62          0          0          0          0         80   sys_stackheap_outer.o
         2          0          0          0          0         68   use_no_semi.o
        46          0          0          0          0         60   cmpret.o
       124          4          0          0          0         72   d2f.o
       856         20          0          0          0        208   daddsub.o
       144          4          0          0          0         76   dcmpin.o
      1096         26        128          0          0        112   ddiv.o
       108         10          0          0          0         72   dfixi.o
        72          4          0          0          0         68   dfixui.o
        88          0          0          0          0         92   dflti.o
       100          4          0          0          0         92   dlef.o
       584         26          0          0          0         84   dmul.o
        20          6          0          0          0         68   dnan2.o
       104          4          0          0          0        104   drlef.o
        96         12          0          0          0         72   dscalbn.o
       256          8          0          0          0         76   dsqrt.o
        84          4          0          0          0         60   f2d.o
       348          8          0          0          0        160   faddsub.o
       100          4          0          0          0         68   fcmpin.o
       352         10         64          0          0         92   fdiv.o
        84          4          0          0          0         76   feqf.o
        76          0          0          0          0         68   ffixi.o
        94          0          0          0          0         92   fflti.o
        84          4          0          0          0         76   flef.o
       176          4          0          0          0         80   fmul.o
        16          6          0          0          0         68   fnan2.o
        88          4          0          0          0         76   frlef.o
        94          0          0          0          0         68   retnan.o
         0          0          0          0          0          0   usenofp.o
       540         68        152          0          0        112   atan.o
       376         42          0          0          0        144   atan2.o
       152         10          0          0          0        104   cos.o
       244         20         48          0          0         92   cos_i.o
        94         14          0          0          0        408   dunder.o
        44          4          0          0          0         60   fpclassify.o
       172          0          0          0          0         76   poly.o
      2556        196        136          0          0        240   pow.o
         0          0          8          0          0          0   qnan.o
       974         86        200          0          0        200   rred.o
       156         10          0          0          0        104   sin.o
       236         14         40          0          0        100   sin_i.o
        72          6          0          0          0         76   sqrt.o

    ----------------------------------------------------------------------
     39992       2058        968        480       5456     374771   Library Totals
        10          0          0         13          1          0   (incl. Padding)

    ----------------------------------------------------------------------

      Code (inc. data)   RO Data    RW Data    ZI Data      Debug   Library Name

     27576       1376        192        467       5359     369071   AutoNet.lib
      1500         36          0          0         96       1744   c_p.l
      5290        176        192          0          0       2240   fz_ps.l
      5616        470        584          0          0       1716   m_ps.l

    ----------------------------------------------------------------------
     39992       2058        968        480       5456     374771   Library Totals

    ----------------------------------------------------------------------

==============================================================================


      Code (inc. data)   RO Data    RW Data    ZI Data      Debug   

     40080       2058       1000        480       5456     374570   Grand Totals
     40080       2058       1000         96       5456     374570   ELF Image Totals (compressed)
     40080       2058       1000         96          0          0   ROM Totals

==============================================================================

    Total RO  Size (Code + RO Data)                41080 (  40.12kB)
    Total RW  Size (RW Data + ZI Data)              5936 (   5.80kB)
    Total ROM Size (Code + RO Data + RW Data)      41176 (  40.21kB)

==============================================================================

