Component: ARM Compiler 5.06 update 1 (build 61) Tool: armlink [4d35a8]

==============================================================================

Section Cross References

    main.o(i.main) refers to autonetapis.o(.text) for Initial
    main.o(i.main) refers to txrx.o(.text) for RF_Rx
    main.o(i.main) refers to gpio.o(.text) for setGPIO
    txrx.o(.text) refers to us2400apis.o(.text) for Us2400Tx
    txrx.o(.text) refers to rt_memcpy.o(.text) for __aeabi_memcpy
    txrx.o(.text) refers to st.o(.data) for TimObj
    txrx.o(.text) refers to txrx.o(.data) for TimeoutFlag
    txrx.o(.text) refers to txrx.o(.bss) for Data
    txrx.o(.text) refers to autonetapis.o(.bss) for pRxData
    gpio.o(.text) refers to gpio.o(i.__ARM_common_switch8) for __ARM_common_switch8
    gpio.o(.text) refers to stm32f0xx_gpio.o(.text) for GPIO_ReadInputDataBit
    autonetapis.o(.text) refers to stm32f0xx_it.o(.text) for Timer_Beacon
    autonetapis.o(.text) refers to config.o(.text) for GPIO_Configuration
    autonetapis.o(.text) refers to st.o(.text) for ST_Configuration
    autonetapis.o(.text) refers to com.o(.text) for COM1_Configuration
    autonetapis.o(.text) refers to spi.o(.text) for SPI_Configuration
    autonetapis.o(.text) refers to i2c.o(.text) for I2C_Configuration
    autonetapis.o(.text) refers to stm32f0xx_lp_modes.o(.text) for SleepMode_config
    autonetapis.o(.text) refers to us2400apis.o(.text) for Us2400Init
    autonetapis.o(.text) refers to sensor.o(.text) for Sensor_Configuration
    autonetapis.o(.text) refers to txrx.o(.text) for RF_Tx
    autonetapis.o(.text) refers to tmp75apis.o(.text) for Tmp75ReadTemperature
    autonetapis.o(.text) refers to fflti.o(.text) for __aeabi_ui2f
    autonetapis.o(.text) refers to f2d.o(.text) for __aeabi_f2d
    autonetapis.o(.text) refers to dmul.o(.text) for __aeabi_dmul
    autonetapis.o(.text) refers to d2f.o(.text) for __aeabi_d2f
    autonetapis.o(.text) refers to autonetapis.o(.data) for BeaconEnabled
    autonetapis.o(.text) refers to autonetapis.o(.bss) for table
    autonetapis.o(.text) refers to sensor.o(.data) for Lat_deg
    autonetapis.o(.text) refers to dflti.o(.text) for __aeabi_ui2d
    autonetapis.o(.text) refers to daddsub.o(.text) for __aeabi_dadd
    autonetapis.o(.text) refers to dfixui.o(.text) for __aeabi_d2uiz
    autonetapis.o(.text) refers to mcp2120apis.o(.text) for IR_broadcast_read
    autonetapis.o(.text) refers to mcp2120apis.o(.bss) for CommandRxBuffer_BC
    autonetapis.o(.text) refers to mcp2120apis.o(.data) for CommandRxBufferLen_BC
    autonetapis.o(.text) refers to txrx.o(.data) for RSSI_BC
    autonetapis.o(.text) refers to stm32f0xx_it.o(.data) for BeaconTimerFlag
    autonetapis.o(.text) refers to feqf.o(x$fpl$feqf) for __aeabi_cfcmpeq
    autonetapis.o(.text) refers to faddsub.o(x$fpl$fsub) for __aeabi_fsub
    autonetapis.o(.text) refers to ffixi.o(.text) for __aeabi_f2iz
    autonetapis.o(.text) refers to flef.o(x$fpl$fleqf) for __aeabi_cfcmple
    autonetapis.o(.text) refers to frlef.o(x$fpl$frleqf) for __aeabi_cfrcmple
    autonetapis.o(.text) refers to st.o(.data) for TimObj
    autonetapis.o(.text) refers to dlef.o(x$fpl$dleqf) for __aeabi_cdcmple
    autonetapis.o(.text) refers to gpio.o(i.__ARM_common_switch8) for __ARM_common_switch8
    autonetapis.o(.text) refers to strlen.o(.text) for strlen
    autonetapis.o(.text) refers to rt_memclr.o(.text) for __aeabi_memclr
    stm32f0xx_gpio.o(.text) refers to stm32f0xx_rcc.o(.text) for RCC_AHBPeriphResetCmd
    config.o(.text) refers to stm32f0xx_rcc.o(.text) for RCC_AHBPeriphClockCmd
    config.o(.text) refers to stm32f0xx_gpio.o(.text) for GPIO_Init
    config.o(.text) refers to stm32f0xx_syscfg.o(.text) for SYSCFG_EXTILineConfig
    config.o(.text) refers to stm32f0xx_exti.o(.text) for EXTI_Init
    config.o(.text) refers to stm32f0xx_misc.o(.text) for NVIC_Init
    config.o(.text) refers to st.o(.text) for Delay
    spi.o(.text) refers to stm32f0xx_rcc.o(.text) for RCC_AHBPeriphClockCmd
    spi.o(.text) refers to stm32f0xx_gpio.o(.text) for GPIO_Init
    spi.o(.text) refers to stm32f0xx_spi.o(.text) for SPI_Init
    spi.o(.text) refers to stm32f0xx_dma.o(.text) for DMA_DeInit
    i2c.o(.text) refers to stm32f0xx_misc.o(.text) for NVIC_Init
    i2c.o(.text) refers to stm32f0xx_rcc.o(.text) for RCC_AHBPeriphClockCmd
    i2c.o(.text) refers to stm32f0xx_gpio.o(.text) for GPIO_Init
    i2c.o(.text) refers to stm32f0xx_i2c.o(.text) for I2C_Init
    st.o(.text) refers to stm32f0xx_rcc.o(.text) for RCC_GetClocksFreq
    st.o(.text) refers to aeabi_sdiv.o(.text) for __aeabi_uidivmod
    st.o(.text) refers to st.o(.data) for TimObj
    com.o(.text) refers to stm32f0xx_misc.o(.text) for NVIC_Init
    com.o(.text) refers to stm32f0xx_usart.o(.text) for USART_DeInit
    com.o(.text) refers to stm32f0xx_rcc.o(.text) for RCC_AHBPeriphClockCmd
    com.o(.text) refers to stm32f0xx_gpio.o(.text) for GPIO_PinAFConfig
    com.o(.text) refers to rt_memcpy.o(.text) for __aeabi_memcpy
[...]
    data_fetch                               0x08001445   Thumb Code    52  autonetapis.o(.text)
    getSrcAddr                               0x08001479   Thumb Code    24  autonetapis.o(.text)
    getDestAddr                              0x08001491   Thumb Code    24  autonetapis.o(.text)
    getSrcPanID                              0x080014a9   Thumb Code    24  autonetapis.o(.text)
    getDestPanID                             0x080014c1   Thumb Code    24  autonetapis.o(.text)
    getSeqNum                                0x080014d9   Thumb Code    20  autonetapis.o(.text)
    getFrameControl                          0x080014ed   Thumb Code    24  autonetapis.o(.text)
    getPayload                               0x08001505   Thumb Code    36  autonetapis.o(.text)
    getPayloadLength                         0x08001529   Thumb Code     6  autonetapis.o(.text)
    GPIO_DeInit                              0x08001555   Thumb Code   132  stm32f0xx_gpio.o(.text)
    GPIO_Init                                0x080015d9   Thumb Code   144  stm32f0xx_gpio.o(.text)
    GPIO_StructInit                          0x08001669   Thumb Code    20  stm32f0xx_gpio.o(.text)
    GPIO_PinLockConfig                       0x0800167d   Thumb Code    34  stm32f0xx_gpio.o(.text)
    GPIO_ReadInputDataBit                    0x0800169f   Thumb Code    20  stm32f0xx_gpio.o(.text)
    GPIO_ReadInputData                       0x080016b3   Thumb Code     6  stm32f0xx_gpio.o(.text)
    GPIO_ReadOutputDataBit                   0x080016b9   Thumb Code    20  stm32f0xx_gpio.o(.text)
    GPIO_ReadOutputData                      0x080016cd   Thumb Code     6  stm32f0xx_gpio.o(.text)
    GPIO_SetBits                             0x080016d3   Thumb Code     4  stm32f0xx_gpio.o(.text)
    GPIO_ResetBits                           0x080016d7   Thumb Code     4  stm32f0xx_gpio.o(.text)
    GPIO_WriteBit                            0x080016db   Thumb Code    12  stm32f0xx_gpio.o(.text)
    GPIO_Write                               0x080016e7   Thumb Code     4  stm32f0xx_gpio.o(.text)
    GPIO_PinAFConfig                         0x080016eb   Thumb Code    68  stm32f0xx_gpio.o(.text)
    EXTI_Configuration                       0x08001745   Thumb Code    98  config.o(.text)
    GPIO_Configuration                       0x080017a7   Thumb Code   208  config.o(.text)
    RF_WakeUp                                0x08001877   Thumb Code    24  config.o(.text)
    SPI_Configuration                        0x08001899   Thumb Code   222  spi.o(.text)
    SPI_Proc                                 0x08001977   Thumb Code   214  spi.o(.text)
    I2C_Configuration                        0x08001a5d   Thumb Code   136  i2c.o(.text)
    I2C_Read                                 0x08001ae5   Thumb Code   234  i2c.o(.text)
    I2C_Write                                0x08001bcf   Thumb Code   240  i2c.o(.text)
    ST_Configuration                         0x08001ccd   Thumb Code    64  st.o(.text)
    ST_Proc                                  0x08001d0d   Thumb Code     2  st.o(.text)
    Delay                                    0x08001d0f   Thumb Code    20  st.o(.text)
    COM1_Configuration                       0x08001da5   Thumb Code   150  com.o(.text)
    COM1_Tx                                  0x08001e3b   Thumb Code    68  com.o(.text)
    COM2_Configuration                       0x08001e7f   Thumb Code   150  com.o(.text)
    COM2_Tx                                  0x08001f15   Thumb Code    68  com.o(.text)
    COM_Configuration                        0x08001f59   Thumb Code   150  com.o(.text)
    COM_Tx                                   0x08001fef   Thumb Code    68  com.o(.text)
    Timer_Beacon                             0x08002055   Thumb Code    22  stm32f0xx_it.o(.text)
    Timer_IR_Beacon                          0x0800206b   Thumb Code    22  stm32f0xx_it.o(.text)
    setTimer                                 0x08002081   Thumb Code    82  stm32f0xx_it.o(.text)
    checkTimer                               0x080020d3   Thumb Code    24  stm32f0xx_it.o(.text)
    NMI_Handler                              0x080020eb   Thumb Code     2  stm32f0xx_it.o(.text)
    HardFault_Handler                        0x080020ed   Thumb Code     4  stm32f0xx_it.o(.text)
    SVC_Handler                              0x080020f1   Thumb Code     2  stm32f0xx_it.o(.text)
    PendSV_Handler                           0x080020f3   Thumb Code     2  stm32f0xx_it.o(.text)
    SysTick_Handler                          0x080020f5   Thumb Code   538  stm32f0xx_it.o(.text)
    USART1_IRQHandler                        0x0800230f   Thumb Code   214  stm32f0xx_it.o(.text)
    USART2_IRQHandler                        0x080023e5   Thumb Code   338  stm32f0xx_it.o(.text)
    EXTI4_15_IRQHandler                      0x08002537   Thumb Code    84  stm32f0xx_it.o(.text)
    I2C2_IRQHandler                          0x0800258b   Thumb Code   168  stm32f0xx_it.o(.text)
    Us2400WriteShortReg                      0x08002665   Thumb Code    46  us2400apis.o(.text)
    Us2400WriteLongReg                       0x08002693   Thumb Code    66  us2400apis.o(.text)
    Us2400ReadLongReg                        0x080026d5   Thumb Code    66  us2400apis.o(.text)
    Us2400ReadShortReg                       0x08002717   Thumb Code    44  us2400apis.o(.text)
    Us2400Init                               0x08002743   Thumb Code   474  us2400apis.o(.text)
    Us2400Tx                                 0x080029bb   Thumb Code   238  us2400apis.o(.text)
    Us2400Rx                                 0x08002aa9   Thumb Code    88  us2400apis.o(.text)
    Us2400RxFIFODump                         0x08002b01   Thumb Code    46  us2400apis.o(.text)
    Us2400IntoDeepSleep                      0x08002b63   Thumb Code   104  us2400apis.o(.text)
    Us2400Resume                             0x08002bcb   Thumb Code    64  us2400apis.o(.text)
    Us2400SetTxPower                         0x08002c0b   Thumb Code    80  us2400apis.o(.text)
    Us2400SingleTone                         0x08002c5b   Thumb Code    76  us2400apis.o(.text)
    Us2400ContinueWave                       0x08002ca7   Thumb Code   134  us2400apis.o(.text)
    SleepMode_config                         0x08002d3d   Thumb Code    30  stm32f0xx_lp_modes.o(.text)
    StopMode_Measure                         0x08002d5b   Thumb Code   314  stm32f0xx_lp_modes.o(.text)
    StandbyMode_Measure                      0x08002e95   Thumb Code    38  stm32f0xx_lp_modes.o(.text)
    StandbyRTCMode_Measure                   0x08002ebb   Thumb Code   176  stm32f0xx_lp_modes.o(.text)
    Sensor_Configuration                     0x08002f81   Thumb Code    46  sensor.o(.text)
    get_brightness                           0x08002faf   Thumb Code    30  sensor.o(.text)
    get_temperature                          0x08002fcd   Thumb Code    68  sensor.o(.text)
    get_gps_value                            0x08003011   Thumb Code    46  sensor.o(.text)
    Pir_StatusCheck                          0x0800303f   Thumb Code    20  sensor.o(.text)
    get_motion_status                        0x08003053   Thumb Code     8  sensor.o(.text)
    Mag_flatsurface                          0x0800305b   Thumb Code   128  sensor.o(.text)
    Mag_Error_Handle                         0x080030db   Thumb Code   966  sensor.o(.text)
    get_direction                            0x080034a1   Thumb Code   278  sensor.o(.text)
    getcompasscourse                         0x080035b7   Thumb Code   504  sensor.o(.text)
    updateGPS                                0x080037af   Thumb Code   124  sensor.o(.text)
    get_velocity                             0x0800382b   Thumb Code     6  sensor.o(.text)
    Tmp75Init                                0x080038b1   Thumb Code    22  tmp75apis.o(.text)
    Tmp75ReadTemperature                     0x080038c7   Thumb Code    48  tmp75apis.o(.text)
    Mcp2120Init                              0x080038f9   Thumb Code     2  mcp2120apis.o(.text)
    Mcp2120Tx                                0x0800391d   Thumb Code   106  mcp2120apis.o(.text)
    IR_write                                 0x08003987   Thumb Code   106  mcp2120apis.o(.text)
    IR_broadcast                             0x080039f1   Thumb Code   102  mcp2120apis.o(.text)
    Mcp2120Proc                              0x08003a57   Thumb Code   158  mcp2120apis.o(.text)
    IRheaderCheck_AutoNet                    0x08003af5   Thumb Code    22  mcp2120apis.o(.text)
    IR_read                                  0x08003b0b   Thumb Code   196  mcp2120apis.o(.text)
    IR_broadcast_read                        0x08003bcf   Thumb Code   200  mcp2120apis.o(.text)
    DMA_DeInit                               0x08003cc9   Thumb Code   152  stm32f0xx_dma.o(.text)
    DMA_Init                                 0x08003d61   Thumb Code    58  stm32f0xx_dma.o(.text)
    DMA_StructInit                           0x08003d9b   Thumb Code    26  stm32f0xx_dma.o(.text)
    DMA_Cmd                                  0x08003db5   Thumb Code    24  stm32f0xx_dma.o(.text)
    DMA_SetCurrDataCounter                   0x08003dcd   Thumb Code     4  stm32f0xx_dma.o(.text)
    DMA_GetCurrDataCounter                   0x08003dd1   Thumb Code     8  stm32f0xx_dma.o(.text)
    DMA_ITConfig                             0x08003dd9   Thumb Code    20  stm32f0xx_dma.o(.text)
    DMA_GetFlagStatus                        0x08003ded   Thumb Code    24  stm32f0xx_dma.o(.text)
    DMA_ClearFlag                            0x08003e05   Thumb Code     8  stm32f0xx_dma.o(.text)
    DMA_GetITStatus                          0x08003e0d   Thumb Code    24  stm32f0xx_dma.o(.text)
    DMA_ClearITPendingBit                    0x08003e25   Thumb Code     8  stm32f0xx_dma.o(.text)
    EXTI_DeInit                              0x08003e39   Thumb Code    20  stm32f0xx_exti.o(.text)
    EXTI_Init                                0x08003e4d   Thumb Code   132  stm32f0xx_exti.o(.text)
    EXTI_StructInit                          0x08003ed1   Thumb Code    16  stm32f0xx_exti.o(.text)
    EXTI_GenerateSWInterrupt                 0x08003ee1   Thumb Code    12  stm32f0xx_exti.o(.text)
    EXTI_GetFlagStatus                       0x08003eed   Thumb Code    22  stm32f0xx_exti.o(.text)
    EXTI_ClearFlag                           0x08003f03   Thumb Code     6  stm32f0xx_exti.o(.text)
    EXTI_GetITStatus                         0x08003f09   Thumb Code    22  stm32f0xx_exti.o(.text)
    EXTI_ClearITPendingBit                   0x08003f1f   Thumb Code     6  stm32f0xx_exti.o(.text)
    I2C_DeInit                               0x08003f31   Thumb Code    50  stm32f0xx_i2c.o(.text)
    I2C_Init                                 0x08003f63   Thumb Code    98  stm32f0xx_i2c.o(.text)
    I2C_StructInit                           0x08003fc5   Thumb Code    24  stm32f0xx_i2c.o(.text)
    I2C_Cmd                                  0x08003fdd   Thumb Code    24  stm32f0xx_i2c.o(.text)
    I2C_SoftwareResetCmd                     0x08003ff5   Thumb Code    20  stm32f0xx_i2c.o(.text)
    I2C_ITConfig                             0x08004009   Thumb Code    20  stm32f0xx_i2c.o(.text)
    I2C_StretchClockCmd                      0x0800401d   Thumb Code    28  stm32f0xx_i2c.o(.text)
    I2C_StopModeCmd                          0x08004039   Thumb Code    28  stm32f0xx_i2c.o(.text)
    I2C_DualAddressCmd                       0x08004055   Thumb Code    28  stm32f0xx_i2c.o(.text)
    I2C_OwnAddress2Config                    0x08004071   Thumb Code    32  stm32f0xx_i2c.o(.text)
    I2C_GeneralCallCmd                       0x08004091   Thumb Code    28  stm32f0xx_i2c.o(.text)
    I2C_SlaveByteControlCmd                  0x080040ad   Thumb Code    28  stm32f0xx_i2c.o(.text)
    I2C_SlaveAddressConfig                   0x080040c9   Thumb Code    20  stm32f0xx_i2c.o(.text)
    I2C_10BitAddressingModeCmd               0x080040dd   Thumb Code    28  stm32f0xx_i2c.o(.text)
    I2C_AutoEndCmd                           0x080040f9   Thumb Code    28  stm32f0xx_i2c.o(.text)
    I2C_ReloadCmd                            0x08004115   Thumb Code    28  stm32f0xx_i2c.o(.text)
    I2C_NumberOfBytesConfig                  0x08004131   Thumb Code    28  stm32f0xx_i2c.o(.text)
    I2C_MasterRequestConfig                  0x0800414d   Thumb Code    28  stm32f0xx_i2c.o(.text)
    I2C_GenerateSTART                        0x08004169   Thumb Code    28  stm32f0xx_i2c.o(.text)
    I2C_GenerateSTOP                         0x08004185   Thumb Code    28  stm32f0xx_i2c.o(.text)
    I2C_10BitAddressHeaderCmd                0x080041a1   Thumb Code    28  stm32f0xx_i2c.o(.text)
    I2C_AcknowledgeConfig                    0x080041bd   Thumb Code    28  stm32f0xx_i2c.o(.text)
    I2C_GetAddressMatched                    0x080041d9   Thumb Code    14  stm32f0xx_i2c.o(.text)
    I2C_GetTransferDirection                 0x080041e7   Thumb Code    30  stm32f0xx_i2c.o(.text)
    I2C_TransferHandling                     0x08004205   Thumb Code    38  stm32f0xx_i2c.o(.text)
    I2C_SMBusAlertCmd                        0x0800422b   Thumb Code    28  stm32f0xx_i2c.o(.text)
    I2C_ClockTimeoutCmd                      0x08004247   Thumb Code    28  stm32f0xx_i2c.o(.text)
    I2C_ExtendedClockTimeoutCmd              0x08004263   Thumb Code    26  stm32f0xx_i2c.o(.text)
    I2C_IdleClockTimeoutCmd                  0x0800427d   Thumb Code    28  stm32f0xx_i2c.o(.text)
    I2C_TimeoutAConfig                       0x08004299   Thumb Code    20  stm32f0xx_i2c.o(.text)
    I2C_TimeoutBConfig                       0x080042ad   Thumb Code    26  stm32f0xx_i2c.o(.text)
    I2C_CalculatePEC                         0x080042c7   Thumb Code    28  stm32f0xx_i2c.o(.text)
    I2C_PECRequestCmd                        0x080042e3   Thumb Code    28  stm32f0xx_i2c.o(.text)
    I2C_GetPEC                               0x080042ff   Thumb Code     8  stm32f0xx_i2c.o(.text)
    I2C_ReadRegister                         0x08004307   Thumb Code    46  stm32f0xx_i2c.o(.text)
    I2C_SendData                             0x08004335   Thumb Code     4  stm32f0xx_i2c.o(.text)
    I2C_ReceiveData                          0x08004339   Thumb Code     8  stm32f0xx_i2c.o(.text)
    I2C_DMACmd                               0x08004341   Thumb Code    20  stm32f0xx_i2c.o(.text)
    I2C_GetFlagStatus                        0x08004355   Thumb Code    28  stm32f0xx_i2c.o(.text)
    I2C_ClearFlag                            0x08004371   Thumb Code     4  stm32f0xx_i2c.o(.text)
    I2C_GetITStatus                          0x08004375   Thumb Code    78  stm32f0xx_i2c.o(.text)
    I2C_ClearITPendingBit                    0x080043c3   Thumb Code     4  stm32f0xx_i2c.o(.text)
    NVIC_Init                                0x080043c9   Thumb Code   106  stm32f0xx_misc.o(.text)
    NVIC_SystemLPConfig                      0x08004433   Thumb Code    28  stm32f0xx_misc.o(.text)
    SysTick_CLKSourceConfig                  0x0800444f   Thumb Code    32  stm32f0xx_misc.o(.text)
    PWR_DeInit                               0x0800447d   Thumb Code    22  stm32f0xx_pwr.o(.text)
    PWR_BackupAccessCmd                      0x08004493   Thumb Code    36  stm32f0xx_pwr.o(.text)
    PWR_PVDLevelConfig                       0x080044b7   Thumb Code    28  stm32f0xx_pwr.o(.text)
    PWR_PVDCmd                               0x080044d3   Thumb Code    32  stm32f0xx_pwr.o(.text)
    PWR_WakeUpPinCmd                         0x080044f3   Thumb Code    28  stm32f0xx_pwr.o(.text)
    PWR_EnterSleepMode                       0x0800450f   Thumb Code    24  stm32f0xx_pwr.o(.text)
    PWR_EnterSTOPMode                        0x08004527   Thumb Code    60  stm32f0xx_pwr.o(.text)
    PWR_EnterSTANDBYMode                     0x08004563   Thumb Code    40  stm32f0xx_pwr.o(.text)
    PWR_GetFlagStatus                        0x0800458b   Thumb Code    22  stm32f0xx_pwr.o(.text)
    PWR_ClearFlag                            0x080045a1   Thumb Code    14  stm32f0xx_pwr.o(.text)
    RCC_DeInit                               0x080045b9   Thumb Code   104  stm32f0xx_rcc.o(.text)
    RCC_HSEConfig                            0x08004621   Thumb Code    12  stm32f0xx_rcc.o(.text)
    RCC_GetFlagStatus                        0x0800462d   Thumb Code    68  stm32f0xx_rcc.o(.text)
    RCC_WaitForHSEStartUp                    0x08004671   Thumb Code    60  stm32f0xx_rcc.o(.text)
    RCC_AdjustHSICalibrationValue            0x080046ad   Thumb Code    26  stm32f0xx_rcc.o(.text)
    RCC_HSICmd                               0x080046c7   Thumb Code    32  stm32f0xx_rcc.o(.text)
    RCC_AdjustHSI14CalibrationValue          0x080046e7   Thumb Code    26  stm32f0xx_rcc.o(.text)
    RCC_HSI14Cmd                             0x08004701   Thumb Code    32  stm32f0xx_rcc.o(.text)
    RCC_HSI14ADCRequestCmd                   0x08004721   Thumb Code    32  stm32f0xx_rcc.o(.text)
    RCC_LSEConfig                            0x08004741   Thumb Code    34  stm32f0xx_rcc.o(.text)
    RCC_LSEDriveConfig                       0x08004763   Thumb Code    22  stm32f0xx_rcc.o(.text)
    RCC_LSICmd                               0x08004779   Thumb Code    32  stm32f0xx_rcc.o(.text)
    RCC_PLLConfig                            0x08004799   Thumb Code    30  stm32f0xx_rcc.o(.text)
    RCC_PLLCmd                               0x080047b7   Thumb Code    36  stm32f0xx_rcc.o(.text)
    RCC_PREDIV1Config                        0x080047db   Thumb Code    24  stm32f0xx_rcc.o(.text)
    RCC_ClockSecuritySystemCmd               0x080047f3   Thumb Code    36  stm32f0xx_rcc.o(.text)
    RCC_MCOConfig                            0x08004817   Thumb Code     6  stm32f0xx_rcc.o(.text)
    RCC_SYSCLKConfig                         0x0800481d   Thumb Code    24  stm32f0xx_rcc.o(.text)
    RCC_GetSYSCLKSource                      0x08004835   Thumb Code    10  stm32f0xx_rcc.o(.text)
    RCC_HCLKConfig                           0x0800483f   Thumb Code    28  stm32f0xx_rcc.o(.text)
    RCC_PCLKConfig                           0x0800485b   Thumb Code    30  stm32f0xx_rcc.o(.text)
    RCC_ADCCLKConfig                         0x08004879   Thumb Code    52  stm32f0xx_rcc.o(.text)
    RCC_CECCLKConfig                         0x080048ad   Thumb Code    22  stm32f0xx_rcc.o(.text)
    RCC_I2CCLKConfig                         0x080048c3   Thumb Code    22  stm32f0xx_rcc.o(.text)
    RCC_USARTCLKConfig                       0x080048d9   Thumb Code    22  stm32f0xx_rcc.o(.text)
    RCC_GetClocksFreq                        0x080048ef   Thumb Code   368  stm32f0xx_rcc.o(.text)
    RCC_RTCCLKConfig                         0x08004a5f   Thumb Code    12  stm32f0xx_rcc.o(.text)
    RCC_RTCCLKCmd                            0x08004a6b   Thumb Code    36  stm32f0xx_rcc.o(.text)
    RCC_BackupResetCmd                       0x08004a8f   Thumb Code    36  stm32f0xx_rcc.o(.text)
    RCC_AHBPeriphClockCmd                    0x08004ab3   Thumb Code    28  stm32f0xx_rcc.o(.text)
    RCC_APB2PeriphClockCmd                   0x08004acf   Thumb Code    28  stm32f0xx_rcc.o(.text)
    RCC_APB1PeriphClockCmd                   0x08004aeb   Thumb Code    28  stm32f0xx_rcc.o(.text)
    RCC_AHBPeriphResetCmd                    0x08004b07   Thumb Code    28  stm32f0xx_rcc.o(.text)
    RCC_APB2PeriphResetCmd                   0x08004b23   Thumb Code    28  stm32f0xx_rcc.o(.text)
    RCC_APB1PeriphResetCmd                   0x08004b3f   Thumb Code    28  stm32f0xx_rcc.o(.text)
    RCC_ITConfig                             0x08004b5b   Thumb Code    28  stm32f0xx_rcc.o(.text)
    RCC_ClearFlag                            0x08004b77   Thumb Code    16  stm32f0xx_rcc.o(.text)
    RCC_GetITStatus                          0x08004b87   Thumb Code    22  stm32f0xx_rcc.o(.text)
    RCC_ClearITPendingBit                    0x08004b9d   Thumb Code     6  stm32f0xx_rcc.o(.text)
    RTC_WaitForSynchro                       0x08004bb1   Thumb Code   104  stm32f0xx_rtc.o(.text)
    RTC_EnterInitMode                        0x08004c19   Thumb Code    82  stm32f0xx_rtc.o(.text)
    RTC_DeInit                               0x08004c6b   Thumb Code    94  stm32f0xx_rtc.o(.text)
    RTC_ExitInitMode                         0x08004cc9   Thumb Code    14  stm32f0xx_rtc.o(.text)
    RTC_Init                                 0x08004cd7   Thumb Code    84  stm32f0xx_rtc.o(.text)
    RTC_StructInit                           0x08004d2b   Thumb Code    14  stm32f0xx_rtc.o(.text)
    RTC_WriteProtectionCmd                   0x08004d39   Thumb Code    24  stm32f0xx_rtc.o(.text)
    RTC_RefClockCmd                          0x08004d51   Thumb Code    72  stm32f0xx_rtc.o(.text)
    RTC_BypassShadowCmd                      0x08004d99   Thumb Code    48  stm32f0xx_rtc.o(.text)
    RTC_SetTime                              0x08004dff   Thumb Code   208  stm32f0xx_rtc.o(.text)
    RTC_TimeStructInit                       0x08004ecf   Thumb Code    12  stm32f0xx_rtc.o(.text)
    RTC_GetTime                              0x08004edb   Thumb Code    84  stm32f0xx_rtc.o(.text)
    RTC_GetSubSecond                         0x08004f2f   Thumb Code    10  stm32f0xx_rtc.o(.text)
    RTC_SetDate                              0x08004f39   Thumb Code   216  stm32f0xx_rtc.o(.text)
    RTC_DateStructInit                       0x08005011   Thumb Code    14  stm32f0xx_rtc.o(.text)
    RTC_GetDate                              0x0800501f   Thumb Code    88  stm32f0xx_rtc.o(.text)
    RTC_SetAlarm                             0x08005077   Thumb Code   210  stm32f0xx_rtc.o(.text)
    RTC_AlarmStructInit                      0x08005149   Thumb Code    22  stm32f0xx_rtc.o(.text)
    RTC_GetAlarm                             0x0800515f   Thumb Code   112  stm32f0xx_rtc.o(.text)
    RTC_AlarmCmd                             0x080051cf   Thumb Code   106  stm32f0xx_rtc.o(.text)
    RTC_AlarmSubSecondConfig                 0x08005239   Thumb Code    34  stm32f0xx_rtc.o(.text)
    RTC_GetAlarmSubSecond                    0x0800525b   Thumb Code    16  stm32f0xx_rtc.o(.text)
    RTC_DayLightSavingConfig                 0x0800526b   Thumb Code    44  stm32f0xx_rtc.o(.text)
    RTC_GetStoreOperation                    0x08005297   Thumb Code    12  stm32f0xx_rtc.o(.text)
    RTC_OutputConfig                         0x080052a3   Thumb Code    44  stm32f0xx_rtc.o(.text)
    RTC_CalibOutputCmd                       0x080052cf   Thumb Code    52  stm32f0xx_rtc.o(.text)
    RTC_CalibOutputConfig                    0x08005303   Thumb Code    38  stm32f0xx_rtc.o(.text)
    RTC_SmoothCalibConfig                    0x08005329   Thumb Code    92  stm32f0xx_rtc.o(.text)
    RTC_TimeStampCmd                         0x08005385   Thumb Code    74  stm32f0xx_rtc.o(.text)
    RTC_GetTimeStamp                         0x080053cf   Thumb Code   152  stm32f0xx_rtc.o(.text)
    RTC_GetTimeStampSubSecond                0x08005467   Thumb Code     6  stm32f0xx_rtc.o(.text)
    RTC_TamperTriggerConfig                  0x0800546d   Thumb Code    40  stm32f0xx_rtc.o(.text)
    RTC_TamperCmd                            0x08005495   Thumb Code    36  stm32f0xx_rtc.o(.text)
    RTC_TamperFilterConfig                   0x080054b9   Thumb Code    28  stm32f0xx_rtc.o(.text)
    RTC_TamperSamplingFreqConfig             0x080054d5   Thumb Code    28  stm32f0xx_rtc.o(.text)
    RTC_TamperPinsPrechargeDuration          0x080054f1   Thumb Code    28  stm32f0xx_rtc.o(.text)
    RTC_TimeStampOnTamperDetectionCmd        0x0800550d   Thumb Code    40  stm32f0xx_rtc.o(.text)
    RTC_TamperPullUpCmd                      0x08005535   Thumb Code    44  stm32f0xx_rtc.o(.text)
    RTC_WriteBackupRegister                  0x08005561   Thumb Code    26  stm32f0xx_rtc.o(.text)
    RTC_ReadBackupRegister                   0x0800557b   Thumb Code    28  stm32f0xx_rtc.o(.text)
    RTC_OutputTypeConfig                     0x08005597   Thumb Code    28  stm32f0xx_rtc.o(.text)
    RTC_SynchroShiftConfig                   0x080055b3   Thumb Code   118  stm32f0xx_rtc.o(.text)
    RTC_ITConfig                             0x08005629   Thumb Code    94  stm32f0xx_rtc.o(.text)
    RTC_GetFlagStatus                        0x08005687   Thumb Code    34  stm32f0xx_rtc.o(.text)
    RTC_ClearFlag                            0x080056a9   Thumb Code    26  stm32f0xx_rtc.o(.text)
    RTC_GetITStatus                          0x080056c3   Thumb Code    70  stm32f0xx_rtc.o(.text)
    RTC_ClearITPendingBit                    0x08005709   Thumb Code    30  stm32f0xx_rtc.o(.text)
    SPI_I2S_DeInit                           0x08005739   Thumb Code    52  stm32f0xx_spi.o(.text)
    SPI_StructInit                           0x0800576d   Thumb Code    30  stm32f0xx_spi.o(.text)
    SPI_Init                                 0x0800578b   Thumb Code    76  stm32f0xx_spi.o(.text)
    I2S_StructInit                           0x080057d7   Thumb Code    20  stm32f0xx_spi.o(.text)
    I2S_Init                                 0x080057eb   Thumb Code   228  stm32f0xx_spi.o(.text)
    SPI_Cmd                                  0x080058cf   Thumb Code    26  stm32f0xx_spi.o(.text)
    SPI_TIModeCmd                            0x080058e9   Thumb Code    26  stm32f0xx_spi.o(.text)
    I2S_Cmd                                  0x08005903   Thumb Code    26  stm32f0xx_spi.o(.text)
    SPI_DataSizeConfig                       0x0800591d   Thumb Code    20  stm32f0xx_spi.o(.text)
    SPI_RxFIFOThresholdConfig                0x08005931   Thumb Code    16  stm32f0xx_spi.o(.text)
    SPI_BiDirectionalLineConfig              0x08005941   Thumb Code    28  stm32f0xx_spi.o(.text)
    SPI_NSSInternalSoftwareConfig            0x0800595d   Thumb Code    32  stm32f0xx_spi.o(.text)
    SPI_SSOutputCmd                          0x0800597d   Thumb Code    24  stm32f0xx_spi.o(.text)
    SPI_NSSPulseModeCmd                      0x08005995   Thumb Code    26  stm32f0xx_spi.o(.text)
    SPI_SendData8                            0x080059af   Thumb Code    10  stm32f0xx_spi.o(.text)
    SPI_I2S_SendData16                       0x080059b9   Thumb Code     4  stm32f0xx_spi.o(.text)
    SPI_ReceiveData8                         0x080059bd   Thumb Code    12  stm32f0xx_spi.o(.text)
    SPI_I2S_ReceiveData16                    0x080059c9   Thumb Code     6  stm32f0xx_spi.o(.text)
    SPI_CRCLengthConfig                      0x080059cf   Thumb Code    16  stm32f0xx_spi.o(.text)
    SPI_CalculateCRC                         0x080059df   Thumb Code    26  stm32f0xx_spi.o(.text)
    SPI_TransmitCRC                          0x080059f9   Thumb Code    12  stm32f0xx_spi.o(.text)
    SPI_GetCRC                               0x08005a05   Thumb Code    16  stm32f0xx_spi.o(.text)
    SPI_GetCRCPolynomial                     0x08005a15   Thumb Code     6  stm32f0xx_spi.o(.text)
    SPI_I2S_DMACmd                           0x08005a1b   Thumb Code    20  stm32f0xx_spi.o(.text)
    SPI_LastDMATransferCmd                   0x08005a2f   Thumb Code    16  stm32f0xx_spi.o(.text)
    SPI_I2S_ITConfig                         0x08005a3f   Thumb Code    34  stm32f0xx_spi.o(.text)
    SPI_GetTransmissionFIFOStatus            0x08005a61   Thumb Code    12  stm32f0xx_spi.o(.text)
    SPI_GetReceptionFIFOStatus               0x08005a6d   Thumb Code    12  stm32f0xx_spi.o(.text)
    SPI_I2S_GetFlagStatus                    0x08005a79   Thumb Code    20  stm32f0xx_spi.o(.text)
    SPI_I2S_ClearFlag                        0x08005a8d   Thumb Code     6  stm32f0xx_spi.o(.text)
    SPI_I2S_GetITStatus                      0x08005a93   Thumb Code    56  stm32f0xx_spi.o(.text)
    SYSCFG_DeInit                            0x08005af5   Thumb Code    40  stm32f0xx_syscfg.o(.text)
    SYSCFG_MemoryRemapConfig                 0x08005b1d   Thumb Code    24  stm32f0xx_syscfg.o(.text)
    SYSCFG_DMAChannelRemapConfig             0x08005b35   Thumb Code    28  stm32f0xx_syscfg.o(.text)
    SYSCFG_I2CFastModePlusConfig             0x08005b51   Thumb Code    28  stm32f0xx_syscfg.o(.text)
    SYSCFG_EXTILineConfig                    0x08005b6d   Thumb Code    66  stm32f0xx_syscfg.o(.text)
    SYSCFG_BreakConfig                       0x08005baf   Thumb Code    12  stm32f0xx_syscfg.o(.text)
    SYSCFG_GetFlagStatus                     0x08005bbb   Thumb Code    26  stm32f0xx_syscfg.o(.text)
    SYSCFG_ClearFlag                         0x08005bd5   Thumb Code    12  stm32f0xx_syscfg.o(.text)
    USART_DeInit                             0x08005be5   Thumb Code    56  stm32f0xx_usart.o(.text)
    USART_Init                               0x08005c1d   Thumb Code   202  stm32f0xx_usart.o(.text)
    USART_StructInit                         0x08005ce7   Thumb Code    24  stm32f0xx_usart.o(.text)
    USART_ClockInit                          0x08005cff   Thumb Code    36  stm32f0xx_usart.o(.text)
    USART_ClockStructInit                    0x08005d23   Thumb Code    12  stm32f0xx_usart.o(.text)
    USART_Cmd                                0x08005d2f   Thumb Code    24  stm32f0xx_usart.o(.text)
    USART_DirectionModeCmd                   0x08005d47   Thumb Code    20  stm32f0xx_usart.o(.text)
    USART_OverSampling8Cmd                   0x08005d5b   Thumb Code    28  stm32f0xx_usart.o(.text)
    USART_OneBitMethodCmd                    0x08005d77   Thumb Code    28  stm32f0xx_usart.o(.text)
    USART_MSBFirstCmd                        0x08005d93   Thumb Code    28  stm32f0xx_usart.o(.text)
    USART_DataInvCmd                         0x08005daf   Thumb Code    28  stm32f0xx_usart.o(.text)
    USART_InvPinCmd                          0x08005dcb   Thumb Code    20  stm32f0xx_usart.o(.text)
    USART_SWAPPinCmd                         0x08005ddf   Thumb Code    28  stm32f0xx_usart.o(.text)
    USART_ReceiverTimeOutCmd                 0x08005dfb   Thumb Code    28  stm32f0xx_usart.o(.text)
    USART_SetReceiverTimeOut                 0x08005e17   Thumb Code    16  stm32f0xx_usart.o(.text)
    USART_SetPrescaler                       0x08005e27   Thumb Code    18  stm32f0xx_usart.o(.text)
    USART_STOPModeCmd                        0x08005e39   Thumb Code    24  stm32f0xx_usart.o(.text)
    USART_StopModeWakeUpSourceConfig         0x08005e51   Thumb Code    18  stm32f0xx_usart.o(.text)
    USART_AutoBaudRateCmd                    0x08005e63   Thumb Code    28  stm32f0xx_usart.o(.text)
    USART_AutoBaudRateConfig                 0x08005e7f   Thumb Code    18  stm32f0xx_usart.o(.text)
    USART_SendData                           0x08005e91   Thumb Code     8  stm32f0xx_usart.o(.text)
    USART_ReceiveData                        0x08005e99   Thumb Code    10  stm32f0xx_usart.o(.text)
    USART_SetAddress                         0x08005ea3   Thumb Code    18  stm32f0xx_usart.o(.text)
    USART_MuteModeCmd                        0x08005eb5   Thumb Code    28  stm32f0xx_usart.o(.text)
    USART_MuteModeWakeUpConfig               0x08005ed1   Thumb Code    18  stm32f0xx_usart.o(.text)
    USART_AddressDetectionConfig             0x08005ee3   Thumb Code    16  stm32f0xx_usart.o(.text)
    USART_LINBreakDetectLengthConfig         0x08005ef3   Thumb Code    16  stm32f0xx_usart.o(.text)
    USART_LINCmd                             0x08005f03   Thumb Code    28  stm32f0xx_usart.o(.text)
    USART_HalfDuplexCmd                      0x08005f1f   Thumb Code    24  stm32f0xx_usart.o(.text)
    USART_SetGuardTime                       0x08005f37   Thumb Code    16  stm32f0xx_usart.o(.text)
    USART_SmartCardCmd                       0x08005f47   Thumb Code    24  stm32f0xx_usart.o(.text)
    USART_SmartCardNACKCmd                   0x08005f5f   Thumb Code    24  stm32f0xx_usart.o(.text)
    USART_SetAutoRetryCount                  0x08005f77   Thumb Code    20  stm32f0xx_usart.o(.text)
    USART_SetBlockLength                     0x08005f8b   Thumb Code    18  stm32f0xx_usart.o(.text)
    USART_IrDAConfig                         0x08005f9d   Thumb Code    16  stm32f0xx_usart.o(.text)
    USART_IrDACmd                            0x08005fad   Thumb Code    40  stm32f0xx_usart.o(.text)
    USART_DECmd                              0x08005fd5   Thumb Code    28  stm32f0xx_usart.o(.text)
    USART_DEPolarityConfig                   0x08005ff1   Thumb Code    18  stm32f0xx_usart.o(.text)
    USART_SetDEAssertionTime                 0x08006003   Thumb Code    20  stm32f0xx_usart.o(.text)
    USART_SetDEDeassertionTime               0x08006017   Thumb Code    20  stm32f0xx_usart.o(.text)
    USART_DMACmd                             0x0800602b   Thumb Code    20  stm32f0xx_usart.o(.text)
    USART_DMAReceptionErrorConfig            0x0800603f   Thumb Code    18  stm32f0xx_usart.o(.text)
    USART_ITConfig                           0x08006051   Thumb Code    66  stm32f0xx_usart.o(.text)
    USART_RequestCmd                         0x08006093   Thumb Code    20  stm32f0xx_usart.o(.text)
    USART_OverrunDetectionConfig             0x080060a7   Thumb Code    18  stm32f0xx_usart.o(.text)
    USART_GetFlagStatus                      0x080060b9   Thumb Code    20  stm32f0xx_usart.o(.text)
    USART_ClearFlag                          0x080060cd   Thumb Code     4  stm32f0xx_usart.o(.text)
    USART_GetITStatus                        0x080060d1   Thumb Code    78  stm32f0xx_usart.o(.text)
    USART_ClearITPendingBit                  0x0800611f   Thumb Code    18  stm32f0xx_usart.o(.text)
    Mpu6050Init                              0x08006131   Thumb Code   120  mpu6050apis.o(.text)
    Mpu6050ReadAccel                         0x080061a9   Thumb Code   136  mpu6050apis.o(.text)
    meansensors                              0x08006231   Thumb Code   140  mpu6050apis.o(.text)
    calibration                              0x080062bd   Thumb Code   190  mpu6050apis.o(.text)
    loop                                     0x0800637b   Thumb Code    70  mpu6050apis.o(.text)
    Calculate_Speed                          0x080063c1   Thumb Code   562  mpu6050apis.o(.text)
    kalmanFilter                             0x080065f3   Thumb Code    86  mpu6050apis.o(.text)
    Mpu6050ReadGyro                          0x08006649   Thumb Code   112  mpu6050apis.o(.text)
    Estimate_State                           0x080066b9   Thumb Code    90  mpu6050apis.o(.text)
    Mpu6050ReadTemp                          0x08006713   Thumb Code    82  mpu6050apis.o(.text)
    Lea6SInit                                0x0800677d   Thumb Code     2  lea6sapis.o(.text)
    Lea6SRead                                0x0800677f   Thumb Code   458  lea6sapis.o(.text)
    Lea6SRead_C                              0x08006949   Thumb Code   300  lea6sapis.o(.text)
    Bh1750fviInit                            0x08006aa5   Thumb Code     2  bh1750fviapis.o(.text)
    Bh1750fviReadLx                          0x08006aa7   Thumb Code    80  bh1750fviapis.o(.text)
    Ak8975Init                               0x08006b01   Thumb Code    66  ak8975apis.o(.text)
    Ak8975ReadMag                            0x08006b43   Thumb Code   170  ak8975apis.o(.text)
    __2sprintf                               0x08006bed   Thumb Code    36  noretval__2sprintf.o(.text)
    __printf                                 0x08006c15   Thumb Code   108  __printf.o(.text)
    _printf_str                              0x08006c81   Thumb Code    82  _printf_str.o(.text)
    strstr                                   0x08006cd3   Thumb Code    40  strstr.o(.text)
    memcmp                                   0x08006cfb   Thumb Code    90  memcmp.o(.text)
    strlen                                   0x08006d55   Thumb Code    62  strlen.o(.text)
    __aeabi_memcpy                           0x08006d99   Thumb Code   130  rt_memcpy.o(.text)
    __rt_memcpy                              0x08006d99   Thumb Code     0  rt_memcpy.o(.text)
    _memset_w                                0x08006e1b   Thumb Code    26  rt_memclr.o(.text)
    _memset                                  0x08006e35   Thumb Code    30  rt_memclr.o(.text)
    __aeabi_memclr                           0x08006e53   Thumb Code     4  rt_memclr.o(.text)
    __rt_memclr                              0x08006e53   Thumb Code     0  rt_memclr.o(.text)
    __aeabi_memclr4                          0x08006e57   Thumb Code     0  rt_memclr.o(.text)
    __aeabi_memclr8                          0x08006e57   Thumb Code     0  rt_memclr.o(.text)
    __rt_memclr_w                            0x08006e57   Thumb Code     4  rt_memclr.o(.text)
    __aeabi_uidiv                            0x08006e5b   Thumb Code     0  aeabi_sdiv.o(.text)
    __aeabi_uidivmod                         0x08006e5b   Thumb Code    20  aeabi_sdiv.o(.text)
    __aeabi_idiv                             0x08006e6f   Thumb Code     0  aeabi_sdiv.o(.text)
    __aeabi_idivmod                          0x08006e6f   Thumb Code   326  aeabi_sdiv.o(.text)
    __aeabi_d2f                              0x08006fb5   Thumb Code     0  d2f.o(.text)
    _d2f                                     0x08006fb5   Thumb Code   120  d2f.o(.text)
    __aeabi_dadd                             0x08007329   Thumb Code     0  daddsub.o(.text)
    _dadd                                    0x08007329   Thumb Code    26  daddsub.o(.text)
    __aeabi_dsub                             0x08007343   Thumb Code     0  daddsub.o(.text)
    _dsub                                    0x08007343   Thumb Code    22  daddsub.o(.text)
    __aeabi_drsub                            0x08007359   Thumb Code     0  daddsub.o(.text)
    _drsb                                    0x08007359   Thumb Code    28  daddsub.o(.text)
    __aeabi_ddiv                             0x08007389   Thumb Code     0  ddiv.o(.text)
    _ddiv                                    0x08007389   Thumb Code  1072  ddiv.o(.text)
    _drdiv                                   0x080077b9   Thumb Code    20  ddiv.o(.text)
    __aeabi_d2iz                             0x080077d1   Thumb Code     0  dfixi.o(.text)
    _dfix                                    0x080077d1   Thumb Code    98  dfixi.o(.text)
    __aeabi_d2uiz                            0x0800783d   Thumb Code     0  dfixui.o(.text)
    _dfixu                                   0x0800783d   Thumb Code    68  dfixui.o(.text)
    __aeabi_i2d_normalise                    0x08007885   Thumb Code    66  dflti.o(.text)
    __aeabi_i2d                              0x080078c7   Thumb Code    16  dflti.o(.text)
    _dflt                                    0x080078c7   Thumb Code     0  dflti.o(.text)
    __aeabi_ui2d                             0x080078d7   Thumb Code     6  dflti.o(.text)
    _dfltu                                   0x080078d7   Thumb Code     0  dflti.o(.text)
    __aeabi_dmul                             0x080078dd   Thumb Code     0  dmul.o(.text)
    _dmul                                    0x080078dd   Thumb Code   558  dmul.o(.text)
    __aeabi_f2d                              0x08007b25   Thumb Code     0  f2d.o(.text)
    _f2d                                     0x08007b25   Thumb Code    80  f2d.o(.text)
    __aeabi_fdiv                             0x08007b79   Thumb Code     0  fdiv.o(.text)
    _fdiv                                    0x08007b79   Thumb Code   334  fdiv.o(.text)
    _frdiv                                   0x08007cc7   Thumb Code     8  fdiv.o(.text)
    __aeabi_f2iz                             0x08007cd9   Thumb Code     0  ffixi.o(.text)
    _ffix                                    0x08007cd9   Thumb Code    76  ffixi.o(.text)
    __aeabi_i2f_normalise                    0x08007d25   Thumb Code    72  fflti.o(.text)
    __aeabi_i2f                              0x08007d6d   Thumb Code    16  fflti.o(.text)
    _fflt                                    0x08007d6d   Thumb Code     0  fflti.o(.text)
    __aeabi_ui2f                             0x08007d7d   Thumb Code     6  fflti.o(.text)
    _ffltu                                   0x08007d7d   Thumb Code     0  fflti.o(.text)
    __read_errno                             0x08007d83   Thumb Code    10  _rserrno.o(.text)
    __set_errno                              0x08007d8d   Thumb Code    12  _rserrno.o(.text)
    _printf_char_common                      0x08007da3   Thumb Code    32  _printf_char_common.o(.text)
    _sputc                                   0x08007dc9   Thumb Code    10  _sputc.o(.text)
    _printf_cs_common                        0x08007dd3   Thumb Code    22  _printf_char.o(.text)
    _printf_char                             0x08007de9   Thumb Code    16  _printf_char.o(.text)
    _printf_string                           0x08007df9   Thumb Code     8  _printf_char.o(.text)
    __fpl_dcmp_InfNaN                        0x08007e01   Thumb Code   140  dcmpin.o(.text)
    __ARM_scalbn                             0x08007e91   Thumb Code    84  dscalbn.o(.text)
    _dsqrt                                   0x08007ef1   Thumb Code   248  dsqrt.o(.text)
    __fpl_fcmp_InfNaN                        0x08007ff1   Thumb Code    96  fcmpin.o(.text)
    __aeabi_errno_addr                       0x08008055   Thumb Code     8  rt_errno_addr_intlibspace.o(.text)
    __errno$intlibspace                      0x08008055   Thumb Code     0  rt_errno_addr_intlibspace.o(.text)
    __rt_errno_addr$intlibspace              0x08008055   Thumb Code     0  rt_errno_addr_intlibspace.o(.text)
    __fpl_cmpreturn                          0x0800805d   Thumb Code    46  cmpret.o(.text)
    __fpl_dcheck_NaN2                        0x0800808d   Thumb Code    14  dnan2.o(.text)
    __fpl_fcheck_NaN2                        0x080080a1   Thumb Code    10  fnan2.o(.text)
    __user_libspace                          0x080080b1   Thumb Code     8  libspace.o(.text)
    __user_perproc_libspace                  0x080080b1   Thumb Code     0  libspace.o(.text)
    __user_perthread_libspace                0x080080b1   Thumb Code     0  libspace.o(.text)
    __user_setup_stackheap                   0x080080b9   Thumb Code    62  sys_stackheap_outer.o(.text)
    exit                                     0x080080f7   Thumb Code    16  exit.o(.text)
    __fpl_return_NaN                         0x08008107   Thumb Code    94  retnan.o(.text)
    Reset_Handler                            0x08008165   Thumb Code     8  startup_stm32f0xx.o(.text)
    ADC1_COMP_IRQHandler                     0x08008177   Thumb Code     0  startup_stm32f0xx.o(.text)
    CEC_IRQHandler                           0x08008177   Thumb Code     0  startup_stm32f0xx.o(.text)
    DMA1_Channel1_IRQHandler                 0x08008177   Thumb Code     0  startup_stm32f0xx.o(.text)
    DMA1_Channel2_3_IRQHandler               0x08008177   Thumb Code     0  startup_stm32f0xx.o(.text)
    DMA1_Channel4_5_IRQHandler               0x08008177   Thumb Code     0  startup_stm32f0xx.o(.text)
    EXTI0_1_IRQHandler                       0x08008177   Thumb Code     0  startup_stm32f0xx.o(.text)
    EXTI2_3_IRQHandler                       0x08008177   Thumb Code     0  startup_stm32f0xx.o(.text)
    FLASH_IRQHandler                         0x08008177   Thumb Code     0  startup_stm32f0xx.o(.text)
    I2C1_IRQHandler                          0x08008177   Thumb Code     0  startup_stm32f0xx.o(.text)
    PVD_IRQHandler                           0x08008177   Thumb Code     0  startup_stm32f0xx.o(.text)
    RCC_IRQHandler                           0x08008177   Thumb Code     0  startup_stm32f0xx.o(.text)
    RTC_IRQHandler                           0x08008177   Thumb Code     0  startup_stm32f0xx.o(.text)
    SPI1_IRQHandler                          0x08008177   Thumb Code     0  startup_stm32f0xx.o(.text)
    SPI2_IRQHandler                          0x08008177   Thumb Code     0  startup_stm32f0xx.o(.text)
    TIM14_IRQHandler                         0x08008177   Thumb Code     0  startup_stm32f0xx.o(.text)
    TIM15_IRQHandler                         0x08008177   Thumb Code     0  startup_stm32f0xx.o(.text)
    TIM16_IRQHandler                         0x08008177   Thumb Code     0  startup_stm32f0xx.o(.text)
    TIM17_IRQHandler                         0x08008177   Thumb Code     0  startup_stm32f0xx.o(.text)
    TIM1_BRK_UP_TRG_COM_IRQHandler           0x08008177   Thumb Code     0  startup_stm32f0xx.o(.text)
    TIM1_CC_IRQHandler                       0x08008177   Thumb Code     0  startup_stm32f0xx.o(.text)
    TIM2_IRQHandler                          0x08008177   Thumb Code     0  startup_stm32f0xx.o(.text)
    TIM3_IRQHandler                          0x08008177   Thumb Code     0  startup_stm32f0xx.o(.text)
    TIM6_DAC_IRQHandler                      0x08008177   Thumb Code     0  startup_stm32f0xx.o(.text)
    TS_IRQHandler                            0x08008177   Thumb Code     0  startup_stm32f0xx.o(.text)
    WWDG_IRQHandler                          0x08008177   Thumb Code     0  startup_stm32f0xx.o(.text)
    __user_initial_stackheap                 0x08008179   Thumb Code     0  startup_stm32f0xx.o(.text)
    SetSysClock                              0x0800819d   Thumb Code   206  system_stm32f0xx.o(.text)
    SystemInit                               0x0800826b   Thumb Code   110  system_stm32f0xx.o(.text)
    SystemCoreClockUpdate                    0x080082d9   Thumb Code   154  system_stm32f0xx.o(.text)
    _sys_exit                                0x08008395   Thumb Code     8  sys_exit.o(.text)
    __use_two_region_memory                  0x080083a1   Thumb Code     2  heapauxi.o(.text)
    __rt_heap_escrow$2region                 0x080083a3   Thumb Code     2  heapauxi.o(.text)
    __rt_heap_expand$2region                 0x080083a5   Thumb Code     2  heapauxi.o(.text)
    __I$use$semihosting                      0x080083a7   Thumb Code     0  use_no_semi.o(.text)
    __use_no_semihosting_swi                 0x080083a7   Thumb Code     2  use_no_semi.o(.text)
    __decompress                             0x080083a9   Thumb Code     0  __dczerorl2.o(.text)
    __decompress1                            0x080083a9   Thumb Code    86  __dczerorl2.o(.text)
    __semihosting_library_function           0x080083a9   Thumb Code     0  indicate_semi.o(.text)
    __ARM_common_ll_muluu                    0x080083ff   Thumb Code    50  rred.o(i.__ARM_common_ll_muluu)
    __ARM_common_switch8                     0x08008431   Thumb Code    28  gpio.o(i.__ARM_common_switch8)
    __ARM_fpclassify                         0x0800844d   Thumb Code    40  fpclassify.o(i.__ARM_fpclassify)
    __ieee754_rem_pio2                       0x08008479   Thumb Code   838  rred.o(i.__ieee754_rem_pio2)
    __kernel_cos                             0x08008815   Thumb Code   224  cos_i.o(i.__kernel_cos)
    __kernel_poly                            0x08008909   Thumb Code   172  poly.o(i.__kernel_poly)
    __kernel_sin                             0x080089b5   Thumb Code   222  sin_i.o(i.__kernel_sin)
    __mathlib_dbl_divzero                    0x08008aa1   Thumb Code    16  dunder.o(i.__mathlib_dbl_divzero)
    __mathlib_dbl_infnan                     0x08008ab5   Thumb Code    10  dunder.o(i.__mathlib_dbl_infnan)
    __mathlib_dbl_infnan2                    0x08008abf   Thumb Code     8  dunder.o(i.__mathlib_dbl_infnan2)
    __mathlib_dbl_invalid                    0x08008ac7   Thumb Code    16  dunder.o(i.__mathlib_dbl_invalid)
    __mathlib_dbl_overflow                   0x08008ad9   Thumb Code    16  dunder.o(i.__mathlib_dbl_overflow)
    __mathlib_dbl_underflow                  0x08008aed   Thumb Code    14  dunder.o(i.__mathlib_dbl_underflow)
    atan                                     0x08008b01   Thumb Code   472  atan.o(i.atan)
    atan2                                    0x08008d1d   Thumb Code   334  atan2.o(i.atan2)
    cos                                      0x08008e95   Thumb Code   142  cos.o(i.cos)
    main                                     0x08008f2d   Thumb Code    94  main.o(i.main)
    pow                                      0x08008f8d   Thumb Code  2548  pow.o(i.pow)
    sin                                      0x08009989   Thumb Code   146  sin.o(i.sin)
    sqrt                                     0x08009a25   Thumb Code    66  sqrt.o(i.sqrt)
    __aeabi_cdcmple                          0x08009a6d   Thumb Code     0  dlef.o(x$fpl$dleqf)
    _dcmple                                  0x08009a6d   Thumb Code    94  dlef.o(x$fpl$dleqf)
    __aeabi_cdrcmple                         0x08009ad1   Thumb Code     0  drlef.o(x$fpl$drleqf)
    _drcmple                                 0x08009ad1   Thumb Code   100  drlef.o(x$fpl$drleqf)
    __aeabi_fadd                             0x08009b39   Thumb Code     0  faddsub.o(x$fpl$fadd)
    _fadd                                    0x08009b39   Thumb Code   134  faddsub.o(x$fpl$fadd)
    __aeabi_cfcmpeq                          0x08009bc5   Thumb Code     0  feqf.o(x$fpl$feqf)
    _fcmpeq                                  0x08009bc5   Thumb Code    78  feqf.o(x$fpl$feqf)
    __aeabi_cfcmple                          0x08009c19   Thumb Code     0  flef.o(x$fpl$fleqf)
    _fcmple                                  0x08009c19   Thumb Code    78  flef.o(x$fpl$fleqf)
    __aeabi_fmul                             0x08009c6d   Thumb Code     0  fmul.o(x$fpl$fmul)
    _fmul                                    0x08009c6d   Thumb Code   172  fmul.o(x$fpl$fmul)
    __aeabi_cfrcmple                         0x08009d1d   Thumb Code     0  frlef.o(x$fpl$frleqf)
    _frcmple                                 0x08009d1d   Thumb Code    84  frlef.o(x$fpl$frleqf)
    __aeabi_fsub                             0x08009d75   Thumb Code     0  faddsub.o(x$fpl$fsub)
    _fsub                                    0x08009d75   Thumb Code   204  faddsub.o(x$fpl$fsub)
    __I$use$fp                               0x08009e44   Number         0  usenofp.o(x$fpl$usenofp)
    __mathlib_zero                           0x0800a058   Data           8  qnan.o(.constdata)
    Region$$Table$$Base                      0x0800a150   Number         0  anon$$obj.o(Region$$Table)
    Region$$Table$$Limit                     0x0800a170   Number         0  anon$$obj.o(Region$$Table)
    DataLen                                  0x20000000   Data           1  txrx.o(.data)
    DataLen_BC                               0x20000001   Data           1  txrx.o(.data)
    RFTxOccupied                             0x20000002   Data           1  txrx.o(.data)
    RFRxOccupied                             0x20000003   Data           1  txrx.o(.data)
    RFLqi                                    0x20000004   Data           1  txrx.o(.data)
    RSSI                                     0x20000005   Data           1  txrx.o(.data)
    RSSI_BC                                  0x20000006   Data           1  txrx.o(.data)
    RFRssi_temp                              0x20000007   Data           1  txrx.o(.data)
    rssi                                     0x20000008   Data           1  txrx.o(.data)
    RFTxState                                0x20000009   Data           1  txrx.o(.data)
    RFRxState                                0x2000000a   Data           1  txrx.o(.data)
    RFReceived                               0x2000000b   Data           1  txrx.o(.data)
    RFReceivedAutoNet                        0x2000000c   Data           1  txrx.o(.data)
    RFSleepState                             0x2000000d   Data           1  txrx.o(.data)
    TimeoutFlag                              0x2000000e   Data           1  txrx.o(.data)
    lightState                               0x2000000f   Data           1  txrx.o(.data)
    DataLen_temp                             0x20000010   Data           1  txrx.o(.data)
    numOfIR                                  0x20000014   Data           1  autonetapis.o(.data)
    CommanderID                              0x20000015   Data           1  autonetapis.o(.data)
    _Addr                                    0x20000016   Data           2  autonetapis.o(.data)
    _Type                                    0x20000018   Data           1  autonetapis.o(.data)
    _radioChannel                            0x20000019   Data           1  autonetapis.o(.data)
    _radioPanID                              0x2000001a   Data           2  autonetapis.o(.data)
    BeaconEnabled                            0x2000001c   Data           4  autonetapis.o(.data)
    num                                      0x20000020   Data           4  autonetapis.o(.data)
    i                                        0x20000024   Data           4  autonetapis.o(.data)
    j                                        0x20000028   Data           4  autonetapis.o(.data)
    k                                        0x2000002c   Data           4  autonetapis.o(.data)
    gps_m                                    0x20000030   Data           4  autonetapis.o(.data)
    CheckTime                                0x20000034   Data           4  autonetapis.o(.data)
    ConfirmGroupTime                         0x20000038   Data           4  autonetapis.o(.data)
    TimObj                                   0x2000003c   Data          36  st.o(.data)
    NbrOfDataToTransfer                      0x20000060   Data           1  com.o(.data)
    NbrOfDataToRead                          0x20000061   Data           1  com.o(.data)
    UartTxCount                              0x20000062   Data           1  com.o(.data)
    UartRxCount                              0x20000064   Data           2  com.o(.data)
    UartRxCount2                             0x20000066   Data           2  com.o(.data)
    UartTxState                              0x20000068   Data           1  com.o(.data)
    UartRxState                              0x20000069   Data           1  com.o(.data)
    function                                 0x2000006c   Data           4  stm32f0xx_it.o(.data)
    Timer_Connect_Flag_Beacon                0x20000070   Data           4  stm32f0xx_it.o(.data)
    timer_ticks_Beacon                       0x20000074   Data           4  stm32f0xx_it.o(.data)
    timer_period_Beacon                      0x20000078   Data           4  stm32f0xx_it.o(.data)
    BeaconTimerFlag                          0x2000007c   Data           4  stm32f0xx_it.o(.data)
    Timer_Connect_Flag_IR_Beacon             0x20000080   Data           4  stm32f0xx_it.o(.data)
    timer_ticks_IR_Beacon                    0x20000084   Data           4  stm32f0xx_it.o(.data)
    timer_period_IR_Beacon                   0x20000088   Data           4  stm32f0xx_it.o(.data)
    IR_BeaconTimerFlag                       0x2000008c   Data           4  stm32f0xx_it.o(.data)
    timer_flag                               0x20000090   Data           8  stm32f0xx_it.o(.data)
    BufferLen                                0x20000098   Data           2  us2400apis.o(.data)
    SerialNumber                             0x2000009a   Data           1  us2400apis.o(.data)
    GPS_ResetFlag                            0x200000a0   Data           1  sensor.o(.data)
    GPS_ResetCount                           0x200000a1   Data           1  sensor.o(.data)
    GPS_ResetMax                             0x200000a2   Data           1  sensor.o(.data)
    sum_MagX                                 0x200000a3   Data           1  sensor.o(.data)
    Speed                                    0x200000a4   Data           2  sensor.o(.data)
    AK8975MagX                               0x200000a6   Data           2  sensor.o(.data)
    AK8975MagY                               0x200000a8   Data           2  sensor.o(.data)
    AK8975MagZ                               0x200000aa   Data           2  sensor.o(.data)
    MPU6050AccX                              0x200000ac   Data           2  sensor.o(.data)
    MPU6050AccY                              0x200000ae   Data           2  sensor.o(.data)
    MPU6050AccZ                              0x200000b0   Data           2  sensor.o(.data)
    MPU6050GyroX                             0x200000b2   Data           2  sensor.o(.data)
    MPU6050GyroY                             0x200000b4   Data           2  sensor.o(.data)
    MPU6050GyroZ                             0x200000b6   Data           2  sensor.o(.data)
    Mag3110MagX                              0x200000b8   Data           2  sensor.o(.data)
    Mag3110MagY                              0x200000ba   Data           2  sensor.o(.data)
    Mag3110MagZ                              0x200000bc   Data           2  sensor.o(.data)
    buffer_MagX                              0x200000be   Data           2  sensor.o(.data)
    max_x                                    0x200000c0   Data           2  sensor.o(.data)
    min_x                                    0x200000c2   Data           2  sensor.o(.data)
    max_y                                    0x200000c4   Data           2  sensor.o(.data)
    min_y                                    0x200000c6   Data           2  sensor.o(.data)
    max_z                                    0x200000c8   Data           2  sensor.o(.data)
    min_z                                    0x200000ca   Data           2  sensor.o(.data)
    time                                     0x200000cc   Data           4  sensor.o(.data)
    flat_heading                             0x200000d0   Data           4  sensor.o(.data)
    tilt_heading                             0x200000d4   Data           4  sensor.o(.data)
    Speed_x                                  0x200000d8   Data           4  sensor.o(.data)
    Speed_y                                  0x200000dc   Data           4  sensor.o(.data)
    Speed_z                                  0x200000e0   Data           4  sensor.o(.data)
    PI                                       0x200000e8   Data           8  sensor.o(.data)
    flat_headingH                            0x200000f0   Data           1  sensor.o(.data)
    flat_headingL                            0x200000f1   Data           1  sensor.o(.data)
    RealspeedH                               0x200000f2   Data           1  sensor.o(.data)
    RealspeedL                               0x200000f3   Data           1  sensor.o(.data)
    Lat                                      0x200000f4   Data           1  sensor.o(.data)
    Long                                     0x200000f5   Data           1  sensor.o(.data)
    Lat_deg                                  0x200000f6   Data           1  sensor.o(.data)
    Lat_min                                  0x200000f7   Data           1  sensor.o(.data)
    Lat_sec                                  0x200000f8   Data           1  sensor.o(.data)
    Lat_dir                                  0x200000f9   Data           1  sensor.o(.data)
    Long_deg                                 0x200000fa   Data           1  sensor.o(.data)
    Long_min                                 0x200000fb   Data           1  sensor.o(.data)
    Long_sec                                 0x200000fc   Data           1  sensor.o(.data)
    Long_dir                                 0x200000fd   Data           1  sensor.o(.data)
    CommandTxBuffer                          0x200000fe   Data          64  mcp2120apis.o(.data)
    CommandTxBuffer_BC                       0x2000013e   Data          64  mcp2120apis.o(.data)
    CommandRxBufferLen                       0x2000017e   Data           1  mcp2120apis.o(.data)
    CommandRxBufferLen2                      0x2000017f   Data           1  mcp2120apis.o(.data)
    CommandRxBufferLen_BC                    0x20000180   Data           1  mcp2120apis.o(.data)
    CommandRxBufferLen2_BC                   0x20000181   Data           1  mcp2120apis.o(.data)
    IRTxState                                0x20000182   Data           1  mcp2120apis.o(.data)
    IRRxState                                0x20000183   Data           1  mcp2120apis.o(.data)
    count                                    0x20000184   Data           1  mcp2120apis.o(.data)
    alive_flag_MPU6050                       0x20000198   Data           1  mpu6050apis.o(.data)
    true_x                                   0x2000019c   Data           4  mpu6050apis.o(.data)
    true_y                                   0x200001a0   Data           4  mpu6050apis.o(.data)
    true_z                                   0x200001a4   Data           4  mpu6050apis.o(.data)
    ax_offset                                0x200001a8   Data           2  mpu6050apis.o(.data)
    ay_offset                                0x200001aa   Data           2  mpu6050apis.o(.data)
    az_offset                                0x200001ac   Data           2  mpu6050apis.o(.data)
    mean_ax                                  0x200001ae   Data           2  mpu6050apis.o(.data)
    mean_ay                                  0x200001b0   Data           2  mpu6050apis.o(.data)
    mean_az                                  0x200001b2   Data           2  mpu6050apis.o(.data)
    initial                                  0x200001b4   Data           4  mpu6050apis.o(.data)
    state                                    0x200001b8   Data           4  mpu6050apis.o(.data)
    buffersize                               0x200001bc   Data           4  mpu6050apis.o(.data)
    acel_deadzone                            0x200001c0   Data           4  mpu6050apis.o(.data)
    Temp                                     0x200001c4   Data           1  lea6sapis.o(.data)
    TempBufferCount                          0x200001c5   Data           1  lea6sapis.o(.data)
    GPSDataReady                             0x200001c6   Data           1  lea6sapis.o(.data)
    p                                        0x200001c8   Data           4  lea6sapis.o(.data)
    SystemCoreClock                          0x200001cc   Data           4  system_stm32f0xx.o(.data)
    AHBPrescTable                            0x200001d0   Data          16  system_stm32f0xx.o(.data)
    RxData                                   0x200001e0   Data         128  txrx.o(.bss)
    Data                                     0x20000260   Data         128  txrx.o(.bss)
    RFTxBuffer                               0x200002e0   Data         255  txrx.o(.bss)
    table                                    0x200003e0   Data         480  autonetapis.o(.bss)
    IR_table                                 0x200005c0   Data         192  autonetapis.o(.bss)
    myAttribute                              0x20000680   Data          30  autonetapis.o(.bss)
    myReadableAttribute                      0x200006a0   Data          12  autonetapis.o(.bss)
    readabletable                            0x200006ac   Data         192  autonetapis.o(.bss)
    TimForTable                              0x20000770   Data          80  autonetapis.o(.bss)
    TimForIRTable                            0x200007c0   Data         160  autonetapis.o(.bss)
    Group                                    0x20000860   Data          16  autonetapis.o(.bss)
    pTxData                                  0x20000870   Data         128  autonetapis.o(.bss)
    pRxData                                  0x200008f0   Data         128  autonetapis.o(.bss)
    UartTxBuffer                             0x20000970   Data          64  com.o(.bss)
    UartRxBuffer                             0x200009b0   Data          64  com.o(.bss)
    UartRxBuffer2                            0x200009f0   Data          64  com.o(.bss)
    Timer_Connect_Flag                       0x20000a30   Data          32  stm32f0xx_it.o(.bss)
    timer_ticks                              0x20000a50   Data          32  stm32f0xx_it.o(.bss)
    timer_period                             0x20000a70   Data          32  stm32f0xx_it.o(.bss)
    Buffer                                   0x20000a90   Data         256  us2400apis.o(.bss)
    Value                                    0x20000b90   Data         256  us2400apis.o(.bss)
    TxBuff                                   0x20000c90   Data         256  us2400apis.o(.bss)
    RxBuff                                   0x20000d90   Data         256  us2400apis.o(.bss)
    TxTempBuff                               0x20000e90   Data         256  us2400apis.o(.bss)
    CommandRxBuffer                          0x20000f90   Data          64  mcp2120apis.o(.bss)
    CommandRxBuffer2                         0x20000fd0   Data          64  mcp2120apis.o(.bss)
    CommandRxBuffer_BC                       0x20001010   Data          64  mcp2120apis.o(.bss)
    CommandRxBuffer2_BC                      0x20001050   Data          64  mcp2120apis.o(.bss)
    TempBuffer                               0x20001090   Data          64  lea6sapis.o(.bss)
    __libspace_start                         0x200010d0   Data          96  libspace.o(.bss)
    __temporary_stack_top$libspace           0x20001130   Data           0  libspace.o(.bss)



==============================================================================

Memory Map of the image

  Image Entry point : 0x080000c1

  Load Region LR_IROM1 (Base: 0x08000000, Size: 0x0000a350, Max: 0x00010000, ABSOLUTE, COMPRESSED[0x0000a1cc])

    Execution Region ER_IROM1 (Base: 0x08000000, Size: 0x0000a170, Max: 0x00010000, ABSOLUTE)

    Base Addr    Size         Type   Attr      Idx    E Section Name        Object

    0x08000000   0x000000c0   Data   RO         1360    RESET               AutoNet.lib(startup_stm32f0xx.o)
    0x080000c0   0x00000008   Code   RO         1154  * !!!main             c_p.l(__main.o)
    0x080000c8   0x0000003c   Code   RO         1522    !!!scatter          c_p.l(__scatter.o)
    0x08000104   0x0000001c   Code   RO         1524    !!handler_zi        c_p.l(__scatter_zi.o)
    0x08000120   0x00000002   Code   RO         1137    .ARM.Collect$$_printf_percent$$00000000  c_p.l(_printf_percent.o)
    0x08000122   0x0000000a   Code   RO         1136    .ARM.Collect$$_printf_percent$$00000013  c_p.l(_printf_c.o)
    0x0800012c   0x00000004   Code   RO         1251    .ARM.Collect$$_printf_percent$$00000017  c_p.l(_printf_percent_end.o)
    0x08000130   0x00000002   Code   RO         1355    .ARM.Collect$$libinit$$00000000  c_p.l(libinit.o)
    0x08000132   0x00000000   Code   RO         1375    .ARM.Collect$$libinit$$00000002  c_p.l(libinit2.o)
    0x08000132   0x00000000   Code   RO         1377    .ARM.Collect$$libinit$$00000004  c_p.l(libinit2.o)
    0x08000132   0x00000000   Code   RO         1380    .ARM.Collect$$libinit$$0000000A  c_p.l(libinit2.o)
    0x08000132   0x00000000   Code   RO         1382    .ARM.Collect$$libinit$$0000000C  c_p.l(libinit2.o)
    0x08000132   0x00000000   Code   RO         1384    .ARM.Collect$$libinit$$0000000E  c_p.l(libinit2.o)
    0x08000132   0x00000000   Code   RO         1387    .ARM.Collect$$libinit$$00000011  c_p.l(libinit2.o)
    0x08000132   0x00000000   Code   RO         1389    .ARM.Collect$$libinit$$00000013  c_p.l(libinit2.o)
    0x08000132   0x00000000   Code   RO         1391    .ARM.Collect$$libinit$$00000015  c_p.l(libinit2.o)
    0x08000132   0x00000000   Code   RO         1393    .ARM.Collect$$libinit$$00000017  c_p.l(libinit2.o)
    0x08000132   0x00000000   Code   RO         1395    .ARM.Collect$$libinit$$00000019  c_p.l(libinit2.o)
    0x08000132   0x00000000   Code   RO         1397    .ARM.Collect$$libinit$$0000001B  c_p.l(libinit2.o)
    0x08000132   0x00000000   Code   RO         1399    .ARM.Collect$$libinit$$0000001D  c_p.l(libinit2.o)
    0x08000132   0x00000000   Code   RO         1401    .ARM.Collect$$libinit$$0000001F  c_p.l(libinit2.o)
    0x08000132   0x00000000   Code   RO         1403    .ARM.Collect$$libinit$$00000021  c_p.l(libinit2.o)
    0x08000132   0x00000000   Code   RO         1405    .ARM.Collect$$libinit$$00000023  c_p.l(libinit2.o)
    0x08000132   0x00000000   Code   RO         1407    .ARM.Collect$$libinit$$00000025  c_p.l(libinit2.o)
    0x08000132   0x00000000   Code   RO         1411    .ARM.Collect$$libinit$$0000002C  c_p.l(libinit2.o)
    0x08000132   0x00000000   Code   RO         1413    .ARM.Collect$$libinit$$0000002E  c_p.l(libinit2.o)
    0x08000132   0x00000000   Code   RO         1415    .ARM.Collect$$libinit$$00000030  c_p.l(libinit2.o)
    0x08000132   0x00000000   Code   RO         1417    .ARM.Collect$$libinit$$00000032  c_p.l(libinit2.o)
    0x08000132   0x00000002   Code   RO         1418    .ARM.Collect$$libinit$$00000033  c_p.l(libinit2.o)
    0x08000134   0x00000002   Code   RO         1477    .ARM.Collect$$libshutdown$$00000000  c_p.l(libshutdown.o)
    0x08000136   0x00000000   Code   RO         1503    .ARM.Collect$$libshutdown$$00000002  c_p.l(libshutdown2.o)
    0x08000136   0x00000000   Code   RO         1505    .ARM.Collect$$libshutdown$$00000004  c_p.l(libshutdown2.o)
    0x08000136   0x00000000   Code   RO         1508    .ARM.Collect$$libshutdown$$00000007  c_p.l(libshutdown2.o)
    0x08000136   0x00000000   Code   RO         1511    .ARM.Collect$$libshutdown$$0000000A  c_p.l(libshutdown2.o)
    0x08000136   0x00000000   Code   RO         1513    .ARM.Collect$$libshutdown$$0000000C  c_p.l(libshutdown2.o)
    0x08000136   0x00000000   Code   RO         1516    .ARM.Collect$$libshutdown$$0000000F  c_p.l(libshutdown2.o)
    0x08000136   0x00000002   Code   RO         1517    .ARM.Collect$$libshutdown$$00000010  c_p.l(libshutdown2.o)
    0x08000138   0x00000000   Code   RO         1238    .ARM.Collect$$rtentry$$00000000  c_p.l(__rtentry.o)
    0x08000138   0x00000000   Code   RO         1309    .ARM.Collect$$rtentry$$00000002  c_p.l(__rtentry2.o)
    0x08000138   0x00000006   Code   RO         1321    .ARM.Collect$$rtentry$$00000004  c_p.l(__rtentry4.o)
    0x0800013e   0x00000000   Code   RO         1311    .ARM.Collect$$rtentry$$00000009  c_p.l(__rtentry2.o)
    0x0800013e   0x00000004   Code   RO         1312    .ARM.Collect$$rtentry$$0000000A  c_p.l(__rtentry2.o)
    0x08000142   0x00000000   Code   RO         1314    .ARM.Collect$$rtentry$$0000000C  c_p.l(__rtentry2.o)
    0x08000142   0x00000008   Code   RO         1315    .ARM.Collect$$rtentry$$0000000D  c_p.l(__rtentry2.o)
    0x0800014a   0x00000002   Code   RO         1366    .ARM.Collect$$rtexit$$00000000  c_p.l(rtexit.o)
    0x0800014c   0x00000000   Code   RO         1448    .ARM.Collect$$rtexit$$00000002  c_p.l(rtexit2.o)
    0x0800014c   0x00000004   Code   RO         1449    .ARM.Collect$$rtexit$$00000003  c_p.l(rtexit2.o)
    0x08000150   0x00000006   Code   RO         1450    .ARM.Collect$$rtexit$$00000004  c_p.l(rtexit2.o)
    0x08000156   0x00000002   PAD
    0x08000158   0x00000038   Code   RO         1144    .emb_text           c_p.l(rt_memcpy.o)
    0x08000190   0x000002f0   Code   RO          191    .text               AutoNet.lib(txrx.o)
    0x08000480   0x000000ec   Code   RO          325    .text               AutoNet.lib(gpio.o)
    0x0800056c   0x00000fe8   Code   RO          350    .text               AutoNet.lib(autonetapis.o)
    0x08001554   0x000001f0   Code   RO          462    .text               AutoNet.lib(stm32f0xx_gpio.o)
    0x08001744   0x00000154   Code   RO          482    .text               AutoNet.lib(config.o)
    0x08001898   0x000001c4   Code   RO          509    .text               AutoNet.lib(spi.o)
    0x08001a5c   0x00000270   Code   RO          532    .text               AutoNet.lib(i2c.o)
    0x08001ccc   0x000000d8   Code   RO          555    .text               AutoNet.lib(st.o)
    0x08001da4   0x000002b0   Code   RO          581    .text               AutoNet.lib(com.o)
    0x08002054   0x00000610   Code   RO          605    .text               AutoNet.lib(stm32f0xx_it.o)
    0x08002664   0x000006d8   Code   RO          646    .text               AutoNet.lib(us2400apis.o)
    0x08002d3c   0x00000244   Code   RO          686    .text               AutoNet.lib(stm32f0xx_lp_modes.o)
    0x08002f80   0x00000930   Code   RO          709    .text               AutoNet.lib(sensor.o)
    0x080038b0   0x00000046   Code   RO          736    .text               AutoNet.lib(tmp75apis.o)
    0x080038f6   0x00000002   PAD
    0x080038f8   0x000003d0   Code   RO          762    .text               AutoNet.lib(mcp2120apis.o)
    0x08003cc8   0x00000170   Code   RO          793    .text               AutoNet.lib(stm32f0xx_dma.o)
    0x08003e38   0x000000f8   Code   RO          813    .text               AutoNet.lib(stm32f0xx_exti.o)
    0x08003f30   0x00000496   Code   RO          833    .text               AutoNet.lib(stm32f0xx_i2c.o)
    0x080043c6   0x00000002   PAD
    0x080043c8   0x000000b4   Code   RO          853    .text               AutoNet.lib(stm32f0xx_misc.o)
    0x0800447c   0x0000013c   Code   RO          873    .text               AutoNet.lib(stm32f0xx_pwr.o)
    0x080045b8   0x000005f8   Code   RO          893    .text               AutoNet.lib(stm32f0xx_rcc.o)
    0x08004bb0   0x00000b88   Code   RO          915    .text               AutoNet.lib(stm32f0xx_rtc.o)
    0x08005738   0x000003bc   Code   RO          935    .text               AutoNet.lib(stm32f0xx_spi.o)
    0x08005af4   0x000000f0   Code   RO          955    .text               AutoNet.lib(stm32f0xx_syscfg.o)
    0x08005be4   0x0000054c   Code   RO          975    .text               AutoNet.lib(stm32f0xx_usart.o)
    0x08006130   0x0000064c   Code   RO          995    .text               AutoNet.lib(mpu6050apis.o)
    0x0800677c   0x00000328   Code   RO         1025    .text               AutoNet.lib(lea6sapis.o)
    0x08006aa4   0x0000005c   Code   RO         1056    .text               AutoNet.lib(bh1750fviapis.o)
    0x08006b00   0x000000ec   Code   RO         1082    .text               AutoNet.lib(ak8975apis.o)
    0x08006bec   0x00000028   Code   RO         1110    .text               c_p.l(noretval__2sprintf.o)
    0x08006c14   0x0000006c   Code   RO         1112    .text               c_p.l(__printf.o)
    0x08006c80   0x00000052   Code   RO         1114    .text               c_p.l(_printf_str.o)
    0x08006cd2   0x00000028   Code   RO         1138    .text               c_p.l(strstr.o)
    0x08006cfa   0x0000005a   Code   RO         1140    .text               c_p.l(memcmp.o)
    0x08006d54   0x00000044   Code   RO         1142    .text               c_p.l(strlen.o)
    0x08006d98   0x00000082   Code   RO         1145    .text               c_p.l(rt_memcpy.o)
    0x08006e1a   0x00000040   Code   RO         1148    .text               c_p.l(rt_memclr.o)
    0x08006e5a   0x0000015a   Code   RO         1150    .text               c_p.l(aeabi_sdiv.o)
    0x08006fb4   0x0000007c   Code   RO         1156    .text               fz_ps.l(d2f.o)
    0x08007030   0x00000358   Code   RO         1158    .text               fz_ps.l(daddsub.o)
    0x08007388   0x00000448   Code   RO         1160    .text               fz_ps.l(ddiv.o)
    0x080077d0   0x0000006c   Code   RO         1163    .text               fz_ps.l(dfixi.o)
    0x0800783c   0x00000048   Code   RO         1165    .text               fz_ps.l(dfixui.o)
    0x08007884   0x00000058   Code   RO         1167    .text               fz_ps.l(dflti.o)
    0x080078dc   0x00000248   Code   RO         1171    .text               fz_ps.l(dmul.o)
    0x08007b24   0x00000054   Code   RO         1173    .text               fz_ps.l(f2d.o)
    0x08007b78   0x00000160   Code   RO         1181    .text               fz_ps.l(fdiv.o)
    0x08007cd8   0x0000004c   Code   RO         1186    .text               fz_ps.l(ffixi.o)
    0x08007d24   0x0000005e   Code   RO         1188    .text               fz_ps.l(fflti.o)
    0x08007d82   0x00000016   Code   RO         1243    .text               c_p.l(_rserrno.o)
    0x08007d98   0x00000030   Code   RO         1245    .text               c_p.l(_printf_char_common.o)
    0x08007dc8   0x0000000a   Code   RO         1247    .text               c_p.l(_sputc.o)
    0x08007dd2   0x0000002e   Code   RO         1249    .text               c_p.l(_printf_char.o)
    0x08007e00   0x00000090   Code   RO         1252    .text               fz_ps.l(dcmpin.o)
    0x08007e90   0x00000060   Code   RO         1256    .text               fz_ps.l(dscalbn.o)
    0x08007ef0   0x00000100   Code   RO         1258    .text               fz_ps.l(dsqrt.o)
    0x08007ff0   0x00000064   Code   RO         1260    .text               fz_ps.l(fcmpin.o)
    0x08008054   0x00000008   Code   RO         1328    .text               c_p.l(rt_errno_addr_intlibspace.o)
    0x0800805c   0x0000002e   Code   RO         1332    .text               fz_ps.l(cmpret.o)
    0x0800808a   0x00000002   PAD
    0x0800808c   0x00000014   Code   RO         1334    .text               fz_ps.l(dnan2.o)
    0x080080a0   0x00000010   Code   RO         1336    .text               fz_ps.l(fnan2.o)
    0x080080b0   0x00000008   Code   RO         1338    .text               c_p.l(libspace.o)
    0x080080b8   0x0000003e   Code   RO         1341    .text               c_p.l(sys_stackheap_outer.o)
    0x080080f6   0x00000010   Code   RO         1344    .text               c_p.l(exit.o)
    0x08008106   0x0000005e   Code   RO         1356    .text               fz_ps.l(retnan.o)
    0x08008164   0x00000038   Code   RO         1361    .text               AutoNet.lib(startup_stm32f0xx.o)
    0x0800819c   0x000001f8   Code   RO         1421    .text               AutoNet.lib(system_stm32f0xx.o)
    0x08008394   0x0000000c   Code   RO         1445    .text               c_p.l(sys_exit.o)
    0x080083a0   0x00000006   Code   RO         1458    .text               c_p.l(heapauxi.o)
    0x080083a6   0x00000002   Code   RO         1466    .text               c_p.l(use_no_semi.o)
    0x080083a8   0x00000000   Code   RO         1468    .text               c_p.l(indicate_semi.o)
    0x080083a8   0x00000056   Code   RO         1520    .text               c_p.l(__dczerorl2.o)
    0x080083fe   0x00000032   Code   RO         1300    i.__ARM_common_ll_muluu  m_ps.l(rred.o)
    0x08008430   0x0000001c   Code   RO          340    i.__ARM_common_switch8  AutoNet.lib(gpio.o)
    0x0800844c   0x0000002c   Code   RO         1290    i.__ARM_fpclassify  m_ps.l(fpclassify.o)
    0x08008478   0x0000039c   Code   RO         1295    i.__ieee754_rem_pio2  m_ps.l(rred.o)
    0x08008814   0x000000f4   Code   RO         1273    i.__kernel_cos      m_ps.l(cos_i.o)
    0x08008908   0x000000ac   Code   RO         1292    i.__kernel_poly     m_ps.l(poly.o)
    0x080089b4   0x000000ec   Code   RO         1302    i.__kernel_sin      m_ps.l(sin_i.o)
    0x08008aa0   0x00000014   Code   RO         1276    i.__mathlib_dbl_divzero  m_ps.l(dunder.o)
    0x08008ab4   0x0000000a   Code   RO         1277    i.__mathlib_dbl_infnan  m_ps.l(dunder.o)
    0x08008abe   0x00000008   Code   RO         1278    i.__mathlib_dbl_infnan2  m_ps.l(dunder.o)
    0x08008ac6   0x00000010   Code   RO         1279    i.__mathlib_dbl_invalid  m_ps.l(dunder.o)
    0x08008ad6   0x00000002   PAD
    0x08008ad8   0x00000014   Code   RO         1280    i.__mathlib_dbl_overflow  m_ps.l(dunder.o)
    0x08008aec   0x00000014   Code   RO         1282    i.__mathlib_dbl_underflow  m_ps.l(dunder.o)
    0x08008b00   0x0000021c   Code   RO         1264    i.atan              m_ps.l(atan.o)
    0x08008d1c   0x00000178   Code   RO         1197    i.atan2             m_ps.l(atan2.o)
    0x08008e94   0x00000098   Code   RO         1205    i.cos               m_ps.l(cos.o)
    0x08008f2c   0x0000005e   Code   RO            3    i.main              main.o
    0x08008f8a   0x00000002   PAD
    0x08008f8c   0x000009fc   Code   RO         1213    i.pow               m_ps.l(pow.o)
    0x08009988   0x0000009c   Code   RO         1223    i.sin               m_ps.l(sin.o)
    0x08009a24   0x00000048   Code   RO         1231    i.sqrt              m_ps.l(sqrt.o)
    0x08009a6c   0x00000064   Code   RO         1169    x$fpl$dleqf         fz_ps.l(dlef.o)
    0x08009ad0   0x00000068   Code   RO         1254    x$fpl$drleqf        fz_ps.l(drlef.o)
    0x08009b38   0x0000008c   Code   RO         1175    x$fpl$fadd          fz_ps.l(faddsub.o)
    0x08009bc4   0x00000054   Code   RO         1184    x$fpl$feqf          fz_ps.l(feqf.o)
    0x08009c18   0x00000054   Code   RO         1190    x$fpl$fleqf         fz_ps.l(flef.o)
    0x08009c6c   0x000000b0   Code   RO         1192    x$fpl$fmul          fz_ps.l(fmul.o)
    0x08009d1c   0x00000058   Code   RO         1194    x$fpl$frleqf        fz_ps.l(frlef.o)
    0x08009d74   0x000000d0   Code   RO         1177    x$fpl$fsub          fz_ps.l(faddsub.o)
    0x08009e44   0x00000000   Code   RO         1262    x$fpl$usenofp       fz_ps.l(usenofp.o)
    0x08009e44   0x00000080   Data   RO         1161    .constdata          fz_ps.l(ddiv.o)
    0x08009ec4   0x00000040   Data   RO         1182    .constdata          fz_ps.l(fdiv.o)
    0x08009f04   0x00000004   PAD
    0x08009f08   0x00000088   Data   RO         1214    .constdata          m_ps.l(pow.o)
    0x08009f90   0x00000098   Data   RO         1265    .constdata          m_ps.l(atan.o)
    0x0800a028   0x00000030   Data   RO         1274    .constdata          m_ps.l(cos_i.o)
    0x0800a058   0x00000008   Data   RO         1294    .constdata          m_ps.l(qnan.o)
    0x0800a060   0x000000c8   Data   RO         1297    .constdata          m_ps.l(rred.o)
    0x0800a128   0x00000028   Data   RO         1303    .constdata          m_ps.l(sin_i.o)
    0x0800a150   0x00000020   Data   RO         1518    Region$$Table       anon$$obj.o


    Execution Region RW_IRAM1 (Base: 0x20000000, Size: 0x00001730, Max: 0x00002000, ABSOLUTE, COMPRESSED[0x0000005c])

    Base Addr    Size         Type   Attr      Idx    E Section Name        Object

    0x20000000   0x00000011   Data   RW          193    .data               AutoNet.lib(txrx.o)
    0x20000011   0x00000003   PAD
    0x20000014   0x00000028   Data   RW          352    .data               AutoNet.lib(autonetapis.o)
    0x2000003c   0x00000024   Data   RW          556    .data               AutoNet.lib(st.o)
    0x20000060   0x0000000a   Data   RW          583    .data               AutoNet.lib(com.o)
    0x2000006a   0x00000002   PAD
    0x2000006c   0x0000002c   Data   RW          607    .data               AutoNet.lib(stm32f0xx_it.o)
    0x20000098   0x00000003   Data   RW          648    .data               AutoNet.lib(us2400apis.o)
    0x2000009b   0x00000005   PAD
    0x200000a0   0x0000005e   Data   RW          710    .data               AutoNet.lib(sensor.o)
    0x200000fe   0x00000087   Data   RW          764    .data               AutoNet.lib(mcp2120apis.o)
    0x20000185   0x00000010   Data   RW          894    .data               AutoNet.lib(stm32f0xx_rcc.o)
    0x20000195   0x00000003   PAD
    0x20000198   0x0000002c   Data   RW          996    .data               AutoNet.lib(mpu6050apis.o)
    0x200001c4   0x00000008   Data   RW         1027    .data               AutoNet.lib(lea6sapis.o)
    0x200001cc   0x00000014   Data   RW         1422    .data               AutoNet.lib(system_stm32f0xx.o)
    0x200001e0   0x000001ff   Zero   RW          192    .bss                AutoNet.lib(txrx.o)
    0x200003df   0x00000001   PAD
    0x200003e0   0x00000590   Zero   RW          351    .bss                AutoNet.lib(autonetapis.o)
    0x20000970   0x000000c0   Zero   RW          582    .bss                AutoNet.lib(com.o)
    0x20000a30   0x00000060   Zero   RW          606    .bss                AutoNet.lib(stm32f0xx_it.o)
    0x20000a90   0x00000500   Zero   RW          647    .bss                AutoNet.lib(us2400apis.o)
    0x20000f90   0x00000100   Zero   RW          763    .bss                AutoNet.lib(mcp2120apis.o)
    0x20001090   0x00000040   Zero   RW         1026    .bss                AutoNet.lib(lea6sapis.o)
    0x200010d0   0x00000060   Zero   RW         1339    .bss                c_p.l(libspace.o)
    0x20001130   0x00000200   Zero   RW         1359    HEAP                AutoNet.lib(startup_stm32f0xx.o)
    0x20001330   0x00000400   Zero   RW         1358    STACK               AutoNet.lib(startup_stm32f0xx.o)


==============================================================================

Image component sizes


      Code (inc. data)   RO Data    RW Data    ZI Data      Debug   Object Name

        94          0          0          0          0       5307   main.o

    ----------------------------------------------------------------------
        96          0         32          0          0       5307   Object Totals
         0          0         32          0          0          0   (incl. Generated)
         2          0          0          0          0          0   (incl. Padding)

    ----------------------------------------------------------------------

      Code (inc. data)   RO Data    RW Data    ZI Data      Debug   Library Member Name

       236          0          0          0          0        859   ak8975apis.o
      4072        292          0         40       1424     102319   autonetapis.o
        92         10          0          0          0        812   bh1750fviapis.o
       688         34          0         10        192       3056   com.o
       340         10          0          0          0       1042   config.o
       264         24          0          0          0       1143   gpio.o
       624         14          0          0          0       2035   i2c.o
       808         48          0          8         64       2724   lea6sapis.o
       976         50          0        135        256       4549   mcp2120apis.o
      1612        104          0         44          0       4402   mpu6050apis.o
      2352        160          0         94          0       6322   sensor.o
       452         16          0          0          0       1277   spi.o
       216         20          0         36          0       7110   st.o
        56         26        192          0       1536        708   startup_stm32f0xx.o
       368         12          0          0          0       3454   stm32f0xx_dma.o
       248         12          0          0          0       2239   stm32f0xx_exti.o
       496         22          0          0          0       3709   stm32f0xx_gpio.o
      1174         24          0          0          0       9838   stm32f0xx_i2c.o
      1552        170          0         44         96       5251   stm32f0xx_it.o
       580         22          0          0          0       1827   stm32f0xx_lp_modes.o
       180         14          0          0          0       1392   stm32f0xx_misc.o
       316         10          0          0          0       2166   stm32f0xx_pwr.o
      1528         42          0         16          0       8522   stm32f0xx_rcc.o
      2952         52          0          0          0      12964   stm32f0xx_rtc.o
       956         42          0          0          0       7635   stm32f0xx_spi.o
       240          4          0          0          0       2010   stm32f0xx_syscfg.o
      1356         16          0          0          0      11838   stm32f0xx_usart.o
       504         34          0         20          0       1595   system_stm32f0xx.o
        70          0          0          0          0       1149   tmp75apis.o
       752         68          0         17        511     151090   txrx.o
      1752         48          0          3       1280       5101   us2400apis.o
        86          0          0          0          0          0   __dczerorl2.o
         8          0          0          0          0         68   __main.o
       108          0          0          0          0         76   __printf.o
         0          0          0          0          0          0   __rtentry.o
        12          0          0          0          0          0   __rtentry2.o
         6          0          0          0          0          0   __rtentry4.o
        60          8          0          0          0          0   __scatter.o
        28          0          0          0          0          0   __scatter_zi.o
        10          0          0          0          0          0   _printf_c.o
        46          0          0          0          0        100   _printf_char.o
        48          6          0          0          0         88   _printf_char_common.o
         2          0          0          0          0          0   _printf_percent.o
         4          0          0          0          0          0   _printf_percent_end.o
        82          0          0          0          0         72   _printf_str.o
        22          0          0          0          0         92   _rserrno.o
        10          0          0          0          0         60   _sputc.o
       346          0          0          0          0         92   aeabi_sdiv.o
        16          0          0          0          0         68   exit.o
         6          0          0          0          0        136   heapauxi.o
         0          0          0          0          0          0   indicate_semi.o
         2          0          0          0          0          0   libinit.o
         2          0          0          0          0          0   libinit2.o
         2          0          0          0          0          0   libshutdown.o
         2          0          0          0          0          0   libshutdown2.o
         8          4          0          0         96         68   libspace.o
        90          0          0          0          0         68   memcmp.o
        40          4          0          0          0         84   noretval__2sprintf.o
         8          4          0          0          0         68   rt_errno_addr_intlibspace.o
        64          0          0          0          0        108   rt_memclr.o
       186          0          0          0          0        144   rt_memcpy.o
         2          0          0          0          0          0   rtexit.o
        10          0          0          0          0          0   rtexit2.o
        68          6          0          0          0         72   strlen.o
        40          0          0          0          0         72   strstr.o
        12          4          0          0          0         60   sys_exit.o
        62          0          0          0          0         80   sys_stackheap_outer.o
         2          0          0          0          0         68   use_no_semi.o
        46          0          0          0          0         60   cmpret.o
       124          4          0          0          0         72   d2f.o
       856         20          0          0          0        208   daddsub.o
       144          4          0          0          0         76   dcmpin.o
      1096         26        128          0          0        112   ddiv.o
       108         10          0          0          0         72   dfixi.o
        72          4          0          0          0         68   dfixui.o
        88          0          0          0          0         92   dflti.o
       100          4          0          0          0         92   dlef.o
       584         26          0          0          0         84   dmul.o
        20          6          0          0          0         68   dnan2.o
       104          4          0          0          0        104   drlef.o
        96         12          0          0          0         72   dscalbn.o
       256          8          0          0          0         76   dsqrt.o
        84          4          0          0          0         60   f2d.o
       348          8          0          0          0        160   faddsub.o
       100          4          0          0          0         68   fcmpin.o
       352         10         64          0          0         92   fdiv.o
        84          4          0          0          0         76   feqf.o
        76          0          0          0          0         68   ffixi.o
        94          0          0          0          0         92   fflti.o
        84          4          0          0          0         76   flef.o
       176          4          0          0          0         80   fmul.o
        16          6          0          0          0         68   fnan2.o
        88          4          0          0          0         76   frlef.o
        94          0          0          0          0         68   retnan.o
         0          0          0          0          0          0   usenofp.o
       540         68        152          0          0        112   atan.o
       376         42          0          0          0        144   atan2.o
       152         10          0          0          0        104   cos.o
       244         20         48          0          0         92   cos_i.o
        94         14          0          0          0        408   dunder.o
        44          4          0          0          0         60   fpclassify.o
       172          0          0          0          0         76   poly.o
      2556        196        136          0          0        240   pow.o
         0          0          8          0          0          0   qnan.o
       974         86        200          0          0        200   rred.o
       156         10          0          0          0        104   sin.o
       236         14         40          0          0        100   sin_i.o
        72          6          0          0          0         76   sqrt.o

    ----------------------------------------------------------------------
     40228       2082        972        480       5456     375838   Library Totals
        10          0          4         13          1          0   (incl. Padding)

    ----------------------------------------------------------------------

      Code (inc. data)   RO Data    RW Data    ZI Data      Debug   Library Name

     27812       1400        192        467       5359     370138   AutoNet.lib
      1500         36          0          0         96       1744   c_p.l
      5290        176        192          0          0       2240   fz_ps.l
      5616        470        584          0          0       1716   m_ps.l

    ----------------------------------------------------------------------
     40228       2082        972        480       5456     375838   Library Totals

    ----------------------------------------------------------------------

==============================================================================


      Code (inc. data)   RO Data    RW Data    ZI Data      Debug   

     40324       2082       1004        480       5456     375645   Grand Totals
     40324       2082       1004         92       5456     375645   ELF Image Totals (compressed)
     40324       2082       1004         92          0          0   ROM Totals

==============================================================================

    Total RO  Size (Code + RO Data)                41328 (  40.36kB)
    Total RW  Size (RW Data + ZI Data)              5936 (   5.80kB)
    Total ROM Size (Code + RO Data + RW Data)      41420 (  40.45kB)

==============================================================================

