Component: ARM Compiler 5.06 update 1 (build 61) Tool: armlink [4d35a8]

==============================================================================

Section Cross References

    main.o(i.main) refers to _printf_percent.o(.ARM.Collect$$_printf_percent$$00000000) for _printf_percent
    main.o(i.main) refers to _printf_d.o(.ARM.Collect$$_printf_percent$$00000009) for _printf_d
    main.o(i.main) refers to _printf_dec.o(.text) for _printf_int_dec
    main.o(i.main) refers to autonetapis.o(.text) for Initial
    main.o(i.main) refers to txrx.o(.text) for RF_Rx
    main.o(i.main) refers to noretval__2sprintf.o(.text) for __2sprintf
    main.o(i.main) refers to com.o(.text) for COM2_Tx
    main.o(i.main) refers to switch.o(.text) for getSwitchState
    txrx.o(.text) refers to us2400apis.o(.text) for Us2400Tx
    txrx.o(.text) refers to rt_memcpy.o(.text) for __aeabi_memcpy
    txrx.o(.text) refers to st.o(.data) for TimObj
    txrx.o(.text) refers to txrx.o(.data) for TimeoutFlag
    txrx.o(.text) refers to txrx.o(.bss) for Data
    txrx.o(.text) refers to autonetapis.o(.bss) for pRxData
    com.o(.text) refers to stm32f0xx_misc.o(.text) for NVIC_Init
    com.o(.text) refers to stm32f0xx_usart.o(.text) for USART_DeInit
    com.o(.text) refers to stm32f0xx_rcc.o(.text) for RCC_AHBPeriphClockCmd
    com.o(.text) refers to stm32f0xx_gpio.o(.text) for GPIO_PinAFConfig
    com.o(.text) refers to rt_memcpy.o(.text) for __aeabi_memcpy
    com.o(.text) refers to com.o(.data) for UartTxState
    com.o(.text) refers to com.o(.bss) for UartTxBuffer
    switch.o(.text) refers to stm32f0xx_gpio.o(.text) for GPIO_ReadInputDataBit
    autonetapis.o(.text) refers to stm32f0xx_it.o(.text) for Timer_Beacon
    autonetapis.o(.text) refers to config.o(.text) for GPIO_Configuration
    autonetapis.o(.text) refers to st.o(.text) for ST_Configuration
    autonetapis.o(.text) refers to com.o(.text) for COM1_Configuration
    autonetapis.o(.text) refers to spi.o(.text) for SPI_Configuration
    autonetapis.o(.text) refers to i2c.o(.text) for I2C_Configuration
    autonetapis.o(.text) refers to stm32f0xx_lp_modes.o(.text) for SleepMode_config
    autonetapis.o(.text) refers to us2400apis.o(.text) for Us2400Init
    autonetapis.o(.text) refers to sensor.o(.text) for Sensor_Configuration
    autonetapis.o(.text) refers to txrx.o(.text) for RF_Tx
    autonetapis.o(.text) refers to tmp75apis.o(.text) for Tmp75ReadTemperature
    autonetapis.o(.text) refers to fflti.o(.text) for __aeabi_ui2f
    autonetapis.o(.text) refers to f2d.o(.text) for __aeabi_f2d
    autonetapis.o(.text) refers to dmul.o(.text) for __aeabi_dmul
    autonetapis.o(.text) refers to d2f.o(.text) for __aeabi_d2f
    autonetapis.o(.text) refers to autonetapis.o(.data) for BeaconEnabled
    autonetapis.o(.text) refers to autonetapis.o(.bss) for table
    autonetapis.o(.text) refers to sensor.o(.data) for Lat_deg
    autonetapis.o(.text) refers to dflti.o(.text) for __aeabi_ui2d
    autonetapis.o(.text) refers to daddsub.o(.text) for __aeabi_dadd
    autonetapis.o(.text) refers to dfixui.o(.text) for __aeabi_d2uiz
    autonetapis.o(.text) refers to mcp2120apis.o(.text) for IR_broadcast_read
    autonetapis.o(.text) refers to mcp2120apis.o(.bss) for CommandRxBuffer_BC
    autonetapis.o(.text) refers to mcp2120apis.o(.data) for CommandRxBufferLen_BC
    autonetapis.o(.text) refers to txrx.o(.data) for RSSI_BC
    autonetapis.o(.text) refers to stm32f0xx_it.o(.data) for BeaconTimerFlag
    autonetapis.o(.text) refers to feqf.o(x$fpl$feqf) for __aeabi_cfcmpeq
    autonetapis.o(.text) refers to faddsub.o(x$fpl$fsub) for __aeabi_fsub
    autonetapis.o(.text) refers to ffixi.o(.text) for __aeabi_f2iz
    autonetapis.o(.text) refers to flef.o(x$fpl$fleqf) for __aeabi_cfcmple
    autonetapis.o(.text) refers to frlef.o(x$fpl$frleqf) for __aeabi_cfrcmple
    autonetapis.o(.text) refers to st.o(.data) for TimObj
    autonetapis.o(.text) refers to dlef.o(x$fpl$dleqf) for __aeabi_cdcmple
    autonetapis.o(.text) refers to autonetapis.o(i.__ARM_common_switch8) for __ARM_common_switch8
    autonetapis.o(.text) refers to strlen.o(.text) for strlen
    autonetapis.o(.text) refers to rt_memclr.o(.text) for __aeabi_memclr
    stm32f0xx_gpio.o(.text) refers to stm32f0xx_rcc.o(.text) for RCC_AHBPeriphResetCmd
    stm32f0xx_rcc.o(.text) refers to aeabi_sdiv.o(.text) for __aeabi_uidivmod
    stm32f0xx_rcc.o(.text) refers to stm32f0xx_rcc.o(.data) for APBAHBPrescTable
    stm32f0xx_usart.o(.text) refers to stm32f0xx_rcc.o(.text) for RCC_APB2PeriphResetCmd
    stm32f0xx_usart.o(.text) refers to aeabi_sdiv.o(.text) for __aeabi_uidivmod
    config.o(.text) refers to stm32f0xx_rcc.o(.text) for RCC_AHBPeriphClockCmd
    config.o(.text) refers to stm32f0xx_gpio.o(.text) for GPIO_Init
    config.o(.text) refers to stm32f0xx_syscfg.o(.text) for SYSCFG_EXTILineConfig
    config.o(.text) refers to stm32f0xx_exti.o(.text) for EXTI_Init
    config.o(.text) refers to stm32f0xx_misc.o(.text) for NVIC_Init
[...]
    getSeqNum                                0x080016f9   Thumb Code    20  autonetapis.o(.text)
    getFrameControl                          0x0800170d   Thumb Code    24  autonetapis.o(.text)
    getPayload                               0x08001725   Thumb Code    36  autonetapis.o(.text)
    getPayloadLength                         0x08001749   Thumb Code     6  autonetapis.o(.text)
    GPIO_DeInit                              0x08001775   Thumb Code   132  stm32f0xx_gpio.o(.text)
    GPIO_Init                                0x080017f9   Thumb Code   144  stm32f0xx_gpio.o(.text)
    GPIO_StructInit                          0x08001889   Thumb Code    20  stm32f0xx_gpio.o(.text)
    GPIO_PinLockConfig                       0x0800189d   Thumb Code    34  stm32f0xx_gpio.o(.text)
    GPIO_ReadInputDataBit                    0x080018bf   Thumb Code    20  stm32f0xx_gpio.o(.text)
    GPIO_ReadInputData                       0x080018d3   Thumb Code     6  stm32f0xx_gpio.o(.text)
    GPIO_ReadOutputDataBit                   0x080018d9   Thumb Code    20  stm32f0xx_gpio.o(.text)
    GPIO_ReadOutputData                      0x080018ed   Thumb Code     6  stm32f0xx_gpio.o(.text)
    GPIO_SetBits                             0x080018f3   Thumb Code     4  stm32f0xx_gpio.o(.text)
    GPIO_ResetBits                           0x080018f7   Thumb Code     4  stm32f0xx_gpio.o(.text)
    GPIO_WriteBit                            0x080018fb   Thumb Code    12  stm32f0xx_gpio.o(.text)
    GPIO_Write                               0x08001907   Thumb Code     4  stm32f0xx_gpio.o(.text)
    GPIO_PinAFConfig                         0x0800190b   Thumb Code    68  stm32f0xx_gpio.o(.text)
    NVIC_Init                                0x08001965   Thumb Code   106  stm32f0xx_misc.o(.text)
    NVIC_SystemLPConfig                      0x080019cf   Thumb Code    28  stm32f0xx_misc.o(.text)
    SysTick_CLKSourceConfig                  0x080019eb   Thumb Code    32  stm32f0xx_misc.o(.text)
    RCC_DeInit                               0x08001a19   Thumb Code   104  stm32f0xx_rcc.o(.text)
    RCC_HSEConfig                            0x08001a81   Thumb Code    12  stm32f0xx_rcc.o(.text)
    RCC_GetFlagStatus                        0x08001a8d   Thumb Code    68  stm32f0xx_rcc.o(.text)
    RCC_WaitForHSEStartUp                    0x08001ad1   Thumb Code    60  stm32f0xx_rcc.o(.text)
    RCC_AdjustHSICalibrationValue            0x08001b0d   Thumb Code    26  stm32f0xx_rcc.o(.text)
    RCC_HSICmd                               0x08001b27   Thumb Code    32  stm32f0xx_rcc.o(.text)
    RCC_AdjustHSI14CalibrationValue          0x08001b47   Thumb Code    26  stm32f0xx_rcc.o(.text)
    RCC_HSI14Cmd                             0x08001b61   Thumb Code    32  stm32f0xx_rcc.o(.text)
    RCC_HSI14ADCRequestCmd                   0x08001b81   Thumb Code    32  stm32f0xx_rcc.o(.text)
    RCC_LSEConfig                            0x08001ba1   Thumb Code    34  stm32f0xx_rcc.o(.text)
    RCC_LSEDriveConfig                       0x08001bc3   Thumb Code    22  stm32f0xx_rcc.o(.text)
    RCC_LSICmd                               0x08001bd9   Thumb Code    32  stm32f0xx_rcc.o(.text)
    RCC_PLLConfig                            0x08001bf9   Thumb Code    30  stm32f0xx_rcc.o(.text)
    RCC_PLLCmd                               0x08001c17   Thumb Code    36  stm32f0xx_rcc.o(.text)
    RCC_PREDIV1Config                        0x08001c3b   Thumb Code    24  stm32f0xx_rcc.o(.text)
    RCC_ClockSecuritySystemCmd               0x08001c53   Thumb Code    36  stm32f0xx_rcc.o(.text)
    RCC_MCOConfig                            0x08001c77   Thumb Code     6  stm32f0xx_rcc.o(.text)
    RCC_SYSCLKConfig                         0x08001c7d   Thumb Code    24  stm32f0xx_rcc.o(.text)
    RCC_GetSYSCLKSource                      0x08001c95   Thumb Code    10  stm32f0xx_rcc.o(.text)
    RCC_HCLKConfig                           0x08001c9f   Thumb Code    28  stm32f0xx_rcc.o(.text)
    RCC_PCLKConfig                           0x08001cbb   Thumb Code    30  stm32f0xx_rcc.o(.text)
    RCC_ADCCLKConfig                         0x08001cd9   Thumb Code    52  stm32f0xx_rcc.o(.text)
    RCC_CECCLKConfig                         0x08001d0d   Thumb Code    22  stm32f0xx_rcc.o(.text)
    RCC_I2CCLKConfig                         0x08001d23   Thumb Code    22  stm32f0xx_rcc.o(.text)
    RCC_USARTCLKConfig                       0x08001d39   Thumb Code    22  stm32f0xx_rcc.o(.text)
    RCC_GetClocksFreq                        0x08001d4f   Thumb Code   368  stm32f0xx_rcc.o(.text)
    RCC_RTCCLKConfig                         0x08001ebf   Thumb Code    12  stm32f0xx_rcc.o(.text)
    RCC_RTCCLKCmd                            0x08001ecb   Thumb Code    36  stm32f0xx_rcc.o(.text)
    RCC_BackupResetCmd                       0x08001eef   Thumb Code    36  stm32f0xx_rcc.o(.text)
    RCC_AHBPeriphClockCmd                    0x08001f13   Thumb Code    28  stm32f0xx_rcc.o(.text)
    RCC_APB2PeriphClockCmd                   0x08001f2f   Thumb Code    28  stm32f0xx_rcc.o(.text)
    RCC_APB1PeriphClockCmd                   0x08001f4b   Thumb Code    28  stm32f0xx_rcc.o(.text)
    RCC_AHBPeriphResetCmd                    0x08001f67   Thumb Code    28  stm32f0xx_rcc.o(.text)
    RCC_APB2PeriphResetCmd                   0x08001f83   Thumb Code    28  stm32f0xx_rcc.o(.text)
    RCC_APB1PeriphResetCmd                   0x08001f9f   Thumb Code    28  stm32f0xx_rcc.o(.text)
    RCC_ITConfig                             0x08001fbb   Thumb Code    28  stm32f0xx_rcc.o(.text)
    RCC_ClearFlag                            0x08001fd7   Thumb Code    16  stm32f0xx_rcc.o(.text)
    RCC_GetITStatus                          0x08001fe7   Thumb Code    22  stm32f0xx_rcc.o(.text)
    RCC_ClearITPendingBit                    0x08001ffd   Thumb Code     6  stm32f0xx_rcc.o(.text)
    USART_DeInit                             0x08002011   Thumb Code    56  stm32f0xx_usart.o(.text)
    USART_Init                               0x08002049   Thumb Code   202  stm32f0xx_usart.o(.text)
    USART_StructInit                         0x08002113   Thumb Code    24  stm32f0xx_usart.o(.text)
    USART_ClockInit                          0x0800212b   Thumb Code    36  stm32f0xx_usart.o(.text)
    USART_ClockStructInit                    0x0800214f   Thumb Code    12  stm32f0xx_usart.o(.text)
    USART_Cmd                                0x0800215b   Thumb Code    24  stm32f0xx_usart.o(.text)
    USART_DirectionModeCmd                   0x08002173   Thumb Code    20  stm32f0xx_usart.o(.text)
    USART_OverSampling8Cmd                   0x08002187   Thumb Code    28  stm32f0xx_usart.o(.text)
    USART_OneBitMethodCmd                    0x080021a3   Thumb Code    28  stm32f0xx_usart.o(.text)
    USART_MSBFirstCmd                        0x080021bf   Thumb Code    28  stm32f0xx_usart.o(.text)
    USART_DataInvCmd                         0x080021db   Thumb Code    28  stm32f0xx_usart.o(.text)
    USART_InvPinCmd                          0x080021f7   Thumb Code    20  stm32f0xx_usart.o(.text)
    USART_SWAPPinCmd                         0x0800220b   Thumb Code    28  stm32f0xx_usart.o(.text)
    USART_ReceiverTimeOutCmd                 0x08002227   Thumb Code    28  stm32f0xx_usart.o(.text)
    USART_SetReceiverTimeOut                 0x08002243   Thumb Code    16  stm32f0xx_usart.o(.text)
    USART_SetPrescaler                       0x08002253   Thumb Code    18  stm32f0xx_usart.o(.text)
    USART_STOPModeCmd                        0x08002265   Thumb Code    24  stm32f0xx_usart.o(.text)
    USART_StopModeWakeUpSourceConfig         0x0800227d   Thumb Code    18  stm32f0xx_usart.o(.text)
    USART_AutoBaudRateCmd                    0x0800228f   Thumb Code    28  stm32f0xx_usart.o(.text)
    USART_AutoBaudRateConfig                 0x080022ab   Thumb Code    18  stm32f0xx_usart.o(.text)
    USART_SendData                           0x080022bd   Thumb Code     8  stm32f0xx_usart.o(.text)
    USART_ReceiveData                        0x080022c5   Thumb Code    10  stm32f0xx_usart.o(.text)
    USART_SetAddress                         0x080022cf   Thumb Code    18  stm32f0xx_usart.o(.text)
    USART_MuteModeCmd                        0x080022e1   Thumb Code    28  stm32f0xx_usart.o(.text)
    USART_MuteModeWakeUpConfig               0x080022fd   Thumb Code    18  stm32f0xx_usart.o(.text)
    USART_AddressDetectionConfig             0x0800230f   Thumb Code    16  stm32f0xx_usart.o(.text)
    USART_LINBreakDetectLengthConfig         0x0800231f   Thumb Code    16  stm32f0xx_usart.o(.text)
    USART_LINCmd                             0x0800232f   Thumb Code    28  stm32f0xx_usart.o(.text)
    USART_HalfDuplexCmd                      0x0800234b   Thumb Code    24  stm32f0xx_usart.o(.text)
    USART_SetGuardTime                       0x08002363   Thumb Code    16  stm32f0xx_usart.o(.text)
    USART_SmartCardCmd                       0x08002373   Thumb Code    24  stm32f0xx_usart.o(.text)
    USART_SmartCardNACKCmd                   0x0800238b   Thumb Code    24  stm32f0xx_usart.o(.text)
    USART_SetAutoRetryCount                  0x080023a3   Thumb Code    20  stm32f0xx_usart.o(.text)
    USART_SetBlockLength                     0x080023b7   Thumb Code    18  stm32f0xx_usart.o(.text)
    USART_IrDAConfig                         0x080023c9   Thumb Code    16  stm32f0xx_usart.o(.text)
    USART_IrDACmd                            0x080023d9   Thumb Code    40  stm32f0xx_usart.o(.text)
    USART_DECmd                              0x08002401   Thumb Code    28  stm32f0xx_usart.o(.text)
    USART_DEPolarityConfig                   0x0800241d   Thumb Code    18  stm32f0xx_usart.o(.text)
    USART_SetDEAssertionTime                 0x0800242f   Thumb Code    20  stm32f0xx_usart.o(.text)
    USART_SetDEDeassertionTime               0x08002443   Thumb Code    20  stm32f0xx_usart.o(.text)
    USART_DMACmd                             0x08002457   Thumb Code    20  stm32f0xx_usart.o(.text)
    USART_DMAReceptionErrorConfig            0x0800246b   Thumb Code    18  stm32f0xx_usart.o(.text)
    USART_ITConfig                           0x0800247d   Thumb Code    66  stm32f0xx_usart.o(.text)
    USART_RequestCmd                         0x080024bf   Thumb Code    20  stm32f0xx_usart.o(.text)
    USART_OverrunDetectionConfig             0x080024d3   Thumb Code    18  stm32f0xx_usart.o(.text)
    USART_GetFlagStatus                      0x080024e5   Thumb Code    20  stm32f0xx_usart.o(.text)
    USART_ClearFlag                          0x080024f9   Thumb Code     4  stm32f0xx_usart.o(.text)
    USART_GetITStatus                        0x080024fd   Thumb Code    78  stm32f0xx_usart.o(.text)
    USART_ClearITPendingBit                  0x0800254b   Thumb Code    18  stm32f0xx_usart.o(.text)
    EXTI_Configuration                       0x0800255d   Thumb Code    98  config.o(.text)
    GPIO_Configuration                       0x080025bf   Thumb Code   208  config.o(.text)
    RF_WakeUp                                0x0800268f   Thumb Code    24  config.o(.text)
    SPI_Configuration                        0x080026b1   Thumb Code   222  spi.o(.text)
    SPI_Proc                                 0x0800278f   Thumb Code   214  spi.o(.text)
    I2C_Configuration                        0x08002875   Thumb Code   136  i2c.o(.text)
    I2C_Read                                 0x080028fd   Thumb Code   234  i2c.o(.text)
    I2C_Write                                0x080029e7   Thumb Code   240  i2c.o(.text)
    ST_Configuration                         0x08002ae5   Thumb Code    64  st.o(.text)
    ST_Proc                                  0x08002b25   Thumb Code     2  st.o(.text)
    Delay                                    0x08002b27   Thumb Code    20  st.o(.text)
    Timer_Beacon                             0x08002bbd   Thumb Code    22  stm32f0xx_it.o(.text)
    Timer_IR_Beacon                          0x08002bd3   Thumb Code    22  stm32f0xx_it.o(.text)
    setTimer                                 0x08002be9   Thumb Code    82  stm32f0xx_it.o(.text)
    checkTimer                               0x08002c3b   Thumb Code    24  stm32f0xx_it.o(.text)
    NMI_Handler                              0x08002c53   Thumb Code     2  stm32f0xx_it.o(.text)
    HardFault_Handler                        0x08002c55   Thumb Code     4  stm32f0xx_it.o(.text)
    SVC_Handler                              0x08002c59   Thumb Code     2  stm32f0xx_it.o(.text)
    PendSV_Handler                           0x08002c5b   Thumb Code     2  stm32f0xx_it.o(.text)
    SysTick_Handler                          0x08002c5d   Thumb Code   538  stm32f0xx_it.o(.text)
    USART1_IRQHandler                        0x08002e77   Thumb Code   214  stm32f0xx_it.o(.text)
    USART2_IRQHandler                        0x08002f4d   Thumb Code   338  stm32f0xx_it.o(.text)
    EXTI4_15_IRQHandler                      0x0800309f   Thumb Code    84  stm32f0xx_it.o(.text)
    I2C2_IRQHandler                          0x080030f3   Thumb Code   168  stm32f0xx_it.o(.text)
    Us2400WriteShortReg                      0x080031cd   Thumb Code    46  us2400apis.o(.text)
    Us2400WriteLongReg                       0x080031fb   Thumb Code    66  us2400apis.o(.text)
    Us2400ReadLongReg                        0x0800323d   Thumb Code    66  us2400apis.o(.text)
    Us2400ReadShortReg                       0x0800327f   Thumb Code    44  us2400apis.o(.text)
    Us2400Init                               0x080032ab   Thumb Code   474  us2400apis.o(.text)
    Us2400Tx                                 0x08003523   Thumb Code   238  us2400apis.o(.text)
    Us2400Rx                                 0x08003611   Thumb Code    88  us2400apis.o(.text)
    Us2400RxFIFODump                         0x08003669   Thumb Code    46  us2400apis.o(.text)
    Us2400IntoDeepSleep                      0x080036cb   Thumb Code   104  us2400apis.o(.text)
    Us2400Resume                             0x08003733   Thumb Code    64  us2400apis.o(.text)
    Us2400SetTxPower                         0x08003773   Thumb Code    80  us2400apis.o(.text)
    Us2400SingleTone                         0x080037c3   Thumb Code    76  us2400apis.o(.text)
    Us2400ContinueWave                       0x0800380f   Thumb Code   134  us2400apis.o(.text)
    SleepMode_config                         0x080038a5   Thumb Code    30  stm32f0xx_lp_modes.o(.text)
    StopMode_Measure                         0x080038c3   Thumb Code   314  stm32f0xx_lp_modes.o(.text)
    StandbyMode_Measure                      0x080039fd   Thumb Code    38  stm32f0xx_lp_modes.o(.text)
    StandbyRTCMode_Measure                   0x08003a23   Thumb Code   176  stm32f0xx_lp_modes.o(.text)
    Sensor_Configuration                     0x08003ae9   Thumb Code    46  sensor.o(.text)
    get_brightness                           0x08003b17   Thumb Code    30  sensor.o(.text)
    get_temperature                          0x08003b35   Thumb Code    68  sensor.o(.text)
    get_gps_value                            0x08003b79   Thumb Code    46  sensor.o(.text)
    Pir_StatusCheck                          0x08003ba7   Thumb Code    20  sensor.o(.text)
    get_motion_status                        0x08003bbb   Thumb Code     8  sensor.o(.text)
    Mag_flatsurface                          0x08003bc3   Thumb Code   128  sensor.o(.text)
    Mag_Error_Handle                         0x08003c43   Thumb Code   966  sensor.o(.text)
    get_direction                            0x08004009   Thumb Code   278  sensor.o(.text)
    getcompasscourse                         0x0800411f   Thumb Code   504  sensor.o(.text)
    updateGPS                                0x08004317   Thumb Code   124  sensor.o(.text)
    get_velocity                             0x08004393   Thumb Code     6  sensor.o(.text)
    Tmp75Init                                0x08004419   Thumb Code    22  tmp75apis.o(.text)
    Tmp75ReadTemperature                     0x0800442f   Thumb Code    48  tmp75apis.o(.text)
    Mcp2120Init                              0x08004461   Thumb Code     2  mcp2120apis.o(.text)
    Mcp2120Tx                                0x08004485   Thumb Code   106  mcp2120apis.o(.text)
    IR_write                                 0x080044ef   Thumb Code   106  mcp2120apis.o(.text)
    IR_broadcast                             0x08004559   Thumb Code   102  mcp2120apis.o(.text)
    Mcp2120Proc                              0x080045bf   Thumb Code   158  mcp2120apis.o(.text)
    IRheaderCheck_AutoNet                    0x0800465d   Thumb Code    22  mcp2120apis.o(.text)
    IR_read                                  0x08004673   Thumb Code   196  mcp2120apis.o(.text)
    IR_broadcast_read                        0x08004737   Thumb Code   200  mcp2120apis.o(.text)
    DMA_DeInit                               0x08004831   Thumb Code   152  stm32f0xx_dma.o(.text)
    DMA_Init                                 0x080048c9   Thumb Code    58  stm32f0xx_dma.o(.text)
    DMA_StructInit                           0x08004903   Thumb Code    26  stm32f0xx_dma.o(.text)
    DMA_Cmd                                  0x0800491d   Thumb Code    24  stm32f0xx_dma.o(.text)
    DMA_SetCurrDataCounter                   0x08004935   Thumb Code     4  stm32f0xx_dma.o(.text)
    DMA_GetCurrDataCounter                   0x08004939   Thumb Code     8  stm32f0xx_dma.o(.text)
    DMA_ITConfig                             0x08004941   Thumb Code    20  stm32f0xx_dma.o(.text)
    DMA_GetFlagStatus                        0x08004955   Thumb Code    24  stm32f0xx_dma.o(.text)
    DMA_ClearFlag                            0x0800496d   Thumb Code     8  stm32f0xx_dma.o(.text)
    DMA_GetITStatus                          0x08004975   Thumb Code    24  stm32f0xx_dma.o(.text)
    DMA_ClearITPendingBit                    0x0800498d   Thumb Code     8  stm32f0xx_dma.o(.text)
    EXTI_DeInit                              0x080049a1   Thumb Code    20  stm32f0xx_exti.o(.text)
    EXTI_Init                                0x080049b5   Thumb Code   132  stm32f0xx_exti.o(.text)
    EXTI_StructInit                          0x08004a39   Thumb Code    16  stm32f0xx_exti.o(.text)
    EXTI_GenerateSWInterrupt                 0x08004a49   Thumb Code    12  stm32f0xx_exti.o(.text)
    EXTI_GetFlagStatus                       0x08004a55   Thumb Code    22  stm32f0xx_exti.o(.text)
    EXTI_ClearFlag                           0x08004a6b   Thumb Code     6  stm32f0xx_exti.o(.text)
    EXTI_GetITStatus                         0x08004a71   Thumb Code    22  stm32f0xx_exti.o(.text)
    EXTI_ClearITPendingBit                   0x08004a87   Thumb Code     6  stm32f0xx_exti.o(.text)
    I2C_DeInit                               0x08004a99   Thumb Code    50  stm32f0xx_i2c.o(.text)
    I2C_Init                                 0x08004acb   Thumb Code    98  stm32f0xx_i2c.o(.text)
    I2C_StructInit                           0x08004b2d   Thumb Code    24  stm32f0xx_i2c.o(.text)
    I2C_Cmd                                  0x08004b45   Thumb Code    24  stm32f0xx_i2c.o(.text)
    I2C_SoftwareResetCmd                     0x08004b5d   Thumb Code    20  stm32f0xx_i2c.o(.text)
    I2C_ITConfig                             0x08004b71   Thumb Code    20  stm32f0xx_i2c.o(.text)
    I2C_StretchClockCmd                      0x08004b85   Thumb Code    28  stm32f0xx_i2c.o(.text)
    I2C_StopModeCmd                          0x08004ba1   Thumb Code    28  stm32f0xx_i2c.o(.text)
    I2C_DualAddressCmd                       0x08004bbd   Thumb Code    28  stm32f0xx_i2c.o(.text)
    I2C_OwnAddress2Config                    0x08004bd9   Thumb Code    32  stm32f0xx_i2c.o(.text)
    I2C_GeneralCallCmd                       0x08004bf9   Thumb Code    28  stm32f0xx_i2c.o(.text)
    I2C_SlaveByteControlCmd                  0x08004c15   Thumb Code    28  stm32f0xx_i2c.o(.text)
    I2C_SlaveAddressConfig                   0x08004c31   Thumb Code    20  stm32f0xx_i2c.o(.text)
    I2C_10BitAddressingModeCmd               0x08004c45   Thumb Code    28  stm32f0xx_i2c.o(.text)
    I2C_AutoEndCmd                           0x08004c61   Thumb Code    28  stm32f0xx_i2c.o(.text)
    I2C_ReloadCmd                            0x08004c7d   Thumb Code    28  stm32f0xx_i2c.o(.text)
    I2C_NumberOfBytesConfig                  0x08004c99   Thumb Code    28  stm32f0xx_i2c.o(.text)
    I2C_MasterRequestConfig                  0x08004cb5   Thumb Code    28  stm32f0xx_i2c.o(.text)
    I2C_GenerateSTART                        0x08004cd1   Thumb Code    28  stm32f0xx_i2c.o(.text)
    I2C_GenerateSTOP                         0x08004ced   Thumb Code    28  stm32f0xx_i2c.o(.text)
    I2C_10BitAddressHeaderCmd                0x08004d09   Thumb Code    28  stm32f0xx_i2c.o(.text)
    I2C_AcknowledgeConfig                    0x08004d25   Thumb Code    28  stm32f0xx_i2c.o(.text)
    I2C_GetAddressMatched                    0x08004d41   Thumb Code    14  stm32f0xx_i2c.o(.text)
    I2C_GetTransferDirection                 0x08004d4f   Thumb Code    30  stm32f0xx_i2c.o(.text)
    I2C_TransferHandling                     0x08004d6d   Thumb Code    38  stm32f0xx_i2c.o(.text)
    I2C_SMBusAlertCmd                        0x08004d93   Thumb Code    28  stm32f0xx_i2c.o(.text)
    I2C_ClockTimeoutCmd                      0x08004daf   Thumb Code    28  stm32f0xx_i2c.o(.text)
    I2C_ExtendedClockTimeoutCmd              0x08004dcb   Thumb Code    26  stm32f0xx_i2c.o(.text)
    I2C_IdleClockTimeoutCmd                  0x08004de5   Thumb Code    28  stm32f0xx_i2c.o(.text)
    I2C_TimeoutAConfig                       0x08004e01   Thumb Code    20  stm32f0xx_i2c.o(.text)
    I2C_TimeoutBConfig                       0x08004e15   Thumb Code    26  stm32f0xx_i2c.o(.text)
    I2C_CalculatePEC                         0x08004e2f   Thumb Code    28  stm32f0xx_i2c.o(.text)
    I2C_PECRequestCmd                        0x08004e4b   Thumb Code    28  stm32f0xx_i2c.o(.text)
    I2C_GetPEC                               0x08004e67   Thumb Code     8  stm32f0xx_i2c.o(.text)
    I2C_ReadRegister                         0x08004e6f   Thumb Code    46  stm32f0xx_i2c.o(.text)
    I2C_SendData                             0x08004e9d   Thumb Code     4  stm32f0xx_i2c.o(.text)
    I2C_ReceiveData                          0x08004ea1   Thumb Code     8  stm32f0xx_i2c.o(.text)
    I2C_DMACmd                               0x08004ea9   Thumb Code    20  stm32f0xx_i2c.o(.text)
    I2C_GetFlagStatus                        0x08004ebd   Thumb Code    28  stm32f0xx_i2c.o(.text)
    I2C_ClearFlag                            0x08004ed9   Thumb Code     4  stm32f0xx_i2c.o(.text)
    I2C_GetITStatus                          0x08004edd   Thumb Code    78  stm32f0xx_i2c.o(.text)
    I2C_ClearITPendingBit                    0x08004f2b   Thumb Code     4  stm32f0xx_i2c.o(.text)
    PWR_DeInit                               0x08004f31   Thumb Code    22  stm32f0xx_pwr.o(.text)
    PWR_BackupAccessCmd                      0x08004f47   Thumb Code    36  stm32f0xx_pwr.o(.text)
    PWR_PVDLevelConfig                       0x08004f6b   Thumb Code    28  stm32f0xx_pwr.o(.text)
    PWR_PVDCmd                               0x08004f87   Thumb Code    32  stm32f0xx_pwr.o(.text)
    PWR_WakeUpPinCmd                         0x08004fa7   Thumb Code    28  stm32f0xx_pwr.o(.text)
    PWR_EnterSleepMode                       0x08004fc3   Thumb Code    24  stm32f0xx_pwr.o(.text)
    PWR_EnterSTOPMode                        0x08004fdb   Thumb Code    60  stm32f0xx_pwr.o(.text)
    PWR_EnterSTANDBYMode                     0x08005017   Thumb Code    40  stm32f0xx_pwr.o(.text)
    PWR_GetFlagStatus                        0x0800503f   Thumb Code    22  stm32f0xx_pwr.o(.text)
    PWR_ClearFlag                            0x08005055   Thumb Code    14  stm32f0xx_pwr.o(.text)
    RTC_WaitForSynchro                       0x0800506d   Thumb Code   104  stm32f0xx_rtc.o(.text)
    RTC_EnterInitMode                        0x080050d5   Thumb Code    82  stm32f0xx_rtc.o(.text)
    RTC_DeInit                               0x08005127   Thumb Code    94  stm32f0xx_rtc.o(.text)
    RTC_ExitInitMode                         0x08005185   Thumb Code    14  stm32f0xx_rtc.o(.text)
    RTC_Init                                 0x08005193   Thumb Code    84  stm32f0xx_rtc.o(.text)
    RTC_StructInit                           0x080051e7   Thumb Code    14  stm32f0xx_rtc.o(.text)
    RTC_WriteProtectionCmd                   0x080051f5   Thumb Code    24  stm32f0xx_rtc.o(.text)
    RTC_RefClockCmd                          0x0800520d   Thumb Code    72  stm32f0xx_rtc.o(.text)
    RTC_BypassShadowCmd                      0x08005255   Thumb Code    48  stm32f0xx_rtc.o(.text)
    RTC_SetTime                              0x080052bb   Thumb Code   208  stm32f0xx_rtc.o(.text)
    RTC_TimeStructInit                       0x0800538b   Thumb Code    12  stm32f0xx_rtc.o(.text)
    RTC_GetTime                              0x08005397   Thumb Code    84  stm32f0xx_rtc.o(.text)
    RTC_GetSubSecond                         0x080053eb   Thumb Code    10  stm32f0xx_rtc.o(.text)
    RTC_SetDate                              0x080053f5   Thumb Code   216  stm32f0xx_rtc.o(.text)
    RTC_DateStructInit                       0x080054cd   Thumb Code    14  stm32f0xx_rtc.o(.text)
    RTC_GetDate                              0x080054db   Thumb Code    88  stm32f0xx_rtc.o(.text)
    RTC_SetAlarm                             0x08005533   Thumb Code   210  stm32f0xx_rtc.o(.text)
    RTC_AlarmStructInit                      0x08005605   Thumb Code    22  stm32f0xx_rtc.o(.text)
    RTC_GetAlarm                             0x0800561b   Thumb Code   112  stm32f0xx_rtc.o(.text)
    RTC_AlarmCmd                             0x0800568b   Thumb Code   106  stm32f0xx_rtc.o(.text)
    RTC_AlarmSubSecondConfig                 0x080056f5   Thumb Code    34  stm32f0xx_rtc.o(.text)
    RTC_GetAlarmSubSecond                    0x08005717   Thumb Code    16  stm32f0xx_rtc.o(.text)
    RTC_DayLightSavingConfig                 0x08005727   Thumb Code    44  stm32f0xx_rtc.o(.text)
    RTC_GetStoreOperation                    0x08005753   Thumb Code    12  stm32f0xx_rtc.o(.text)
    RTC_OutputConfig                         0x0800575f   Thumb Code    44  stm32f0xx_rtc.o(.text)
    RTC_CalibOutputCmd                       0x0800578b   Thumb Code    52  stm32f0xx_rtc.o(.text)
    RTC_CalibOutputConfig                    0x080057bf   Thumb Code    38  stm32f0xx_rtc.o(.text)
    RTC_SmoothCalibConfig                    0x080057e5   Thumb Code    92  stm32f0xx_rtc.o(.text)
    RTC_TimeStampCmd                         0x08005841   Thumb Code    74  stm32f0xx_rtc.o(.text)
    RTC_GetTimeStamp                         0x0800588b   Thumb Code   152  stm32f0xx_rtc.o(.text)
    RTC_GetTimeStampSubSecond                0x08005923   Thumb Code     6  stm32f0xx_rtc.o(.text)
    RTC_TamperTriggerConfig                  0x08005929   Thumb Code    40  stm32f0xx_rtc.o(.text)
    RTC_TamperCmd                            0x08005951   Thumb Code    36  stm32f0xx_rtc.o(.text)
    RTC_TamperFilterConfig                   0x08005975   Thumb Code    28  stm32f0xx_rtc.o(.text)
    RTC_TamperSamplingFreqConfig             0x08005991   Thumb Code    28  stm32f0xx_rtc.o(.text)
    RTC_TamperPinsPrechargeDuration          0x080059ad   Thumb Code    28  stm32f0xx_rtc.o(.text)
    RTC_TimeStampOnTamperDetectionCmd        0x080059c9   Thumb Code    40  stm32f0xx_rtc.o(.text)
    RTC_TamperPullUpCmd                      0x080059f1   Thumb Code    44  stm32f0xx_rtc.o(.text)
    RTC_WriteBackupRegister                  0x08005a1d   Thumb Code    26  stm32f0xx_rtc.o(.text)
    RTC_ReadBackupRegister                   0x08005a37   Thumb Code    28  stm32f0xx_rtc.o(.text)
    RTC_OutputTypeConfig                     0x08005a53   Thumb Code    28  stm32f0xx_rtc.o(.text)
    RTC_SynchroShiftConfig                   0x08005a6f   Thumb Code   118  stm32f0xx_rtc.o(.text)
    RTC_ITConfig                             0x08005ae5   Thumb Code    94  stm32f0xx_rtc.o(.text)
    RTC_GetFlagStatus                        0x08005b43   Thumb Code    34  stm32f0xx_rtc.o(.text)
    RTC_ClearFlag                            0x08005b65   Thumb Code    26  stm32f0xx_rtc.o(.text)
    RTC_GetITStatus                          0x08005b7f   Thumb Code    70  stm32f0xx_rtc.o(.text)
    RTC_ClearITPendingBit                    0x08005bc5   Thumb Code    30  stm32f0xx_rtc.o(.text)
    SPI_I2S_DeInit                           0x08005bf5   Thumb Code    52  stm32f0xx_spi.o(.text)
    SPI_StructInit                           0x08005c29   Thumb Code    30  stm32f0xx_spi.o(.text)
    SPI_Init                                 0x08005c47   Thumb Code    76  stm32f0xx_spi.o(.text)
    I2S_StructInit                           0x08005c93   Thumb Code    20  stm32f0xx_spi.o(.text)
    I2S_Init                                 0x08005ca7   Thumb Code   228  stm32f0xx_spi.o(.text)
    SPI_Cmd                                  0x08005d8b   Thumb Code    26  stm32f0xx_spi.o(.text)
    SPI_TIModeCmd                            0x08005da5   Thumb Code    26  stm32f0xx_spi.o(.text)
    I2S_Cmd                                  0x08005dbf   Thumb Code    26  stm32f0xx_spi.o(.text)
    SPI_DataSizeConfig                       0x08005dd9   Thumb Code    20  stm32f0xx_spi.o(.text)
    SPI_RxFIFOThresholdConfig                0x08005ded   Thumb Code    16  stm32f0xx_spi.o(.text)
    SPI_BiDirectionalLineConfig              0x08005dfd   Thumb Code    28  stm32f0xx_spi.o(.text)
    SPI_NSSInternalSoftwareConfig            0x08005e19   Thumb Code    32  stm32f0xx_spi.o(.text)
    SPI_SSOutputCmd                          0x08005e39   Thumb Code    24  stm32f0xx_spi.o(.text)
    SPI_NSSPulseModeCmd                      0x08005e51   Thumb Code    26  stm32f0xx_spi.o(.text)
    SPI_SendData8                            0x08005e6b   Thumb Code    10  stm32f0xx_spi.o(.text)
    SPI_I2S_SendData16                       0x08005e75   Thumb Code     4  stm32f0xx_spi.o(.text)
    SPI_ReceiveData8                         0x08005e79   Thumb Code    12  stm32f0xx_spi.o(.text)
    SPI_I2S_ReceiveData16                    0x08005e85   Thumb Code     6  stm32f0xx_spi.o(.text)
    SPI_CRCLengthConfig                      0x08005e8b   Thumb Code    16  stm32f0xx_spi.o(.text)
    SPI_CalculateCRC                         0x08005e9b   Thumb Code    26  stm32f0xx_spi.o(.text)
    SPI_TransmitCRC                          0x08005eb5   Thumb Code    12  stm32f0xx_spi.o(.text)
    SPI_GetCRC                               0x08005ec1   Thumb Code    16  stm32f0xx_spi.o(.text)
    SPI_GetCRCPolynomial                     0x08005ed1   Thumb Code     6  stm32f0xx_spi.o(.text)
    SPI_I2S_DMACmd                           0x08005ed7   Thumb Code    20  stm32f0xx_spi.o(.text)
    SPI_LastDMATransferCmd                   0x08005eeb   Thumb Code    16  stm32f0xx_spi.o(.text)
    SPI_I2S_ITConfig                         0x08005efb   Thumb Code    34  stm32f0xx_spi.o(.text)
    SPI_GetTransmissionFIFOStatus            0x08005f1d   Thumb Code    12  stm32f0xx_spi.o(.text)
    SPI_GetReceptionFIFOStatus               0x08005f29   Thumb Code    12  stm32f0xx_spi.o(.text)
    SPI_I2S_GetFlagStatus                    0x08005f35   Thumb Code    20  stm32f0xx_spi.o(.text)
    SPI_I2S_ClearFlag                        0x08005f49   Thumb Code     6  stm32f0xx_spi.o(.text)
    SPI_I2S_GetITStatus                      0x08005f4f   Thumb Code    56  stm32f0xx_spi.o(.text)
    SYSCFG_DeInit                            0x08005fb1   Thumb Code    40  stm32f0xx_syscfg.o(.text)
    SYSCFG_MemoryRemapConfig                 0x08005fd9   Thumb Code    24  stm32f0xx_syscfg.o(.text)
    SYSCFG_DMAChannelRemapConfig             0x08005ff1   Thumb Code    28  stm32f0xx_syscfg.o(.text)
    SYSCFG_I2CFastModePlusConfig             0x0800600d   Thumb Code    28  stm32f0xx_syscfg.o(.text)
    SYSCFG_EXTILineConfig                    0x08006029   Thumb Code    66  stm32f0xx_syscfg.o(.text)
    SYSCFG_BreakConfig                       0x0800606b   Thumb Code    12  stm32f0xx_syscfg.o(.text)
    SYSCFG_GetFlagStatus                     0x08006077   Thumb Code    26  stm32f0xx_syscfg.o(.text)
    SYSCFG_ClearFlag                         0x08006091   Thumb Code    12  stm32f0xx_syscfg.o(.text)
    Mpu6050Init                              0x080060a1   Thumb Code   120  mpu6050apis.o(.text)
    Mpu6050ReadAccel                         0x08006119   Thumb Code   136  mpu6050apis.o(.text)
    meansensors                              0x080061a1   Thumb Code   140  mpu6050apis.o(.text)
    calibration                              0x0800622d   Thumb Code   190  mpu6050apis.o(.text)
    loop                                     0x080062eb   Thumb Code    70  mpu6050apis.o(.text)
    Calculate_Speed                          0x08006331   Thumb Code   562  mpu6050apis.o(.text)
    kalmanFilter                             0x08006563   Thumb Code    86  mpu6050apis.o(.text)
    Mpu6050ReadGyro                          0x080065b9   Thumb Code   112  mpu6050apis.o(.text)
    Estimate_State                           0x08006629   Thumb Code    90  mpu6050apis.o(.text)
    Mpu6050ReadTemp                          0x08006683   Thumb Code    82  mpu6050apis.o(.text)
    Lea6SInit                                0x080066ed   Thumb Code     2  lea6sapis.o(.text)
    Lea6SRead                                0x080066ef   Thumb Code   458  lea6sapis.o(.text)
    Lea6SRead_C                              0x080068b9   Thumb Code   300  lea6sapis.o(.text)
    Bh1750fviInit                            0x08006a15   Thumb Code     2  bh1750fviapis.o(.text)
    Bh1750fviReadLx                          0x08006a17   Thumb Code    80  bh1750fviapis.o(.text)
    Ak8975Init                               0x08006a71   Thumb Code    66  ak8975apis.o(.text)
    Ak8975ReadMag                            0x08006ab3   Thumb Code   170  ak8975apis.o(.text)
    __2sprintf                               0x08006b5d   Thumb Code    36  noretval__2sprintf.o(.text)
    __printf                                 0x08006b85   Thumb Code   108  __printf.o(.text)
    _printf_str                              0x08006bf1   Thumb Code    82  _printf_str.o(.text)
    _printf_int_dec                          0x08006c45   Thumb Code    90  _printf_dec.o(.text)
    strstr                                   0x08006cb1   Thumb Code    40  strstr.o(.text)
    memcmp                                   0x08006cd9   Thumb Code    90  memcmp.o(.text)
    strlen                                   0x08006d35   Thumb Code    62  strlen.o(.text)
    __aeabi_memcpy                           0x08006d79   Thumb Code   130  rt_memcpy.o(.text)
    __rt_memcpy                              0x08006d79   Thumb Code     0  rt_memcpy.o(.text)
    _memset_w                                0x08006dfb   Thumb Code    26  rt_memclr.o(.text)
    _memset                                  0x08006e15   Thumb Code    30  rt_memclr.o(.text)
    __aeabi_memclr                           0x08006e33   Thumb Code     4  rt_memclr.o(.text)
    __rt_memclr                              0x08006e33   Thumb Code     0  rt_memclr.o(.text)
    __aeabi_memclr4                          0x08006e37   Thumb Code     0  rt_memclr.o(.text)
    __aeabi_memclr8                          0x08006e37   Thumb Code     0  rt_memclr.o(.text)
    __rt_memclr_w                            0x08006e37   Thumb Code     4  rt_memclr.o(.text)
    __aeabi_uidiv                            0x08006e3b   Thumb Code     0  aeabi_sdiv.o(.text)
    __aeabi_uidivmod                         0x08006e3b   Thumb Code    20  aeabi_sdiv.o(.text)
    __aeabi_idiv                             0x08006e4f   Thumb Code     0  aeabi_sdiv.o(.text)
    __aeabi_idivmod                          0x08006e4f   Thumb Code   326  aeabi_sdiv.o(.text)
    __aeabi_d2f                              0x08006f95   Thumb Code     0  d2f.o(.text)
    _d2f                                     0x08006f95   Thumb Code   120  d2f.o(.text)
    __aeabi_dadd                             0x08007309   Thumb Code     0  daddsub.o(.text)
    _dadd                                    0x08007309   Thumb Code    26  daddsub.o(.text)
    __aeabi_dsub                             0x08007323   Thumb Code     0  daddsub.o(.text)
    _dsub                                    0x08007323   Thumb Code    22  daddsub.o(.text)
    __aeabi_drsub                            0x08007339   Thumb Code     0  daddsub.o(.text)
    _drsb                                    0x08007339   Thumb Code    28  daddsub.o(.text)
    __aeabi_ddiv                             0x08007369   Thumb Code     0  ddiv.o(.text)
    _ddiv                                    0x08007369   Thumb Code  1072  ddiv.o(.text)
    _drdiv                                   0x08007799   Thumb Code    20  ddiv.o(.text)
    __aeabi_d2iz                             0x080077b1   Thumb Code     0  dfixi.o(.text)
    _dfix                                    0x080077b1   Thumb Code    98  dfixi.o(.text)
    __aeabi_d2uiz                            0x0800781d   Thumb Code     0  dfixui.o(.text)
    _dfixu                                   0x0800781d   Thumb Code    68  dfixui.o(.text)
    __aeabi_i2d_normalise                    0x08007865   Thumb Code    66  dflti.o(.text)
    __aeabi_i2d                              0x080078a7   Thumb Code    16  dflti.o(.text)
    _dflt                                    0x080078a7   Thumb Code     0  dflti.o(.text)
    __aeabi_ui2d                             0x080078b7   Thumb Code     6  dflti.o(.text)
    _dfltu                                   0x080078b7   Thumb Code     0  dflti.o(.text)
    __aeabi_dmul                             0x080078bd   Thumb Code     0  dmul.o(.text)
    _dmul                                    0x080078bd   Thumb Code   558  dmul.o(.text)
    __aeabi_f2d                              0x08007b05   Thumb Code     0  f2d.o(.text)
    _f2d                                     0x08007b05   Thumb Code    80  f2d.o(.text)
    __aeabi_fdiv                             0x08007b59   Thumb Code     0  fdiv.o(.text)
    _fdiv                                    0x08007b59   Thumb Code   334  fdiv.o(.text)
    _frdiv                                   0x08007ca7   Thumb Code     8  fdiv.o(.text)
    __aeabi_f2iz                             0x08007cb9   Thumb Code     0  ffixi.o(.text)
    _ffix                                    0x08007cb9   Thumb Code    76  ffixi.o(.text)
    __aeabi_i2f_normalise                    0x08007d05   Thumb Code    72  fflti.o(.text)
    __aeabi_i2f                              0x08007d4d   Thumb Code    16  fflti.o(.text)
    _fflt                                    0x08007d4d   Thumb Code     0  fflti.o(.text)
    __aeabi_ui2f                             0x08007d5d   Thumb Code     6  fflti.o(.text)
    _ffltu                                   0x08007d5d   Thumb Code     0  fflti.o(.text)
    __read_errno                             0x08007d63   Thumb Code    10  _rserrno.o(.text)
    __set_errno                              0x08007d6d   Thumb Code    12  _rserrno.o(.text)
    _printf_int_common                       0x08007d79   Thumb Code   176  _printf_intcommon.o(.text)
    _printf_char_common                      0x08007e33   Thumb Code    32  _printf_char_common.o(.text)
    _sputc                                   0x08007e59   Thumb Code    10  _sputc.o(.text)
    _printf_cs_common                        0x08007e63   Thumb Code    22  _printf_char.o(.text)
    _printf_char                             0x08007e79   Thumb Code    16  _printf_char.o(.text)
    _printf_string                           0x08007e89   Thumb Code     8  _printf_char.o(.text)
    __rt_udiv10                              0x08007e91   Thumb Code    40  rtudiv10.o(.text)
    __fpl_dcmp_InfNaN                        0x08007eb9   Thumb Code   140  dcmpin.o(.text)
    __ARM_scalbn                             0x08007f49   Thumb Code    84  dscalbn.o(.text)
    _dsqrt                                   0x08007fa9   Thumb Code   248  dsqrt.o(.text)
    __fpl_fcmp_InfNaN                        0x080080a9   Thumb Code    96  fcmpin.o(.text)
    __aeabi_errno_addr                       0x0800810d   Thumb Code     8  rt_errno_addr_intlibspace.o(.text)
    __errno$intlibspace                      0x0800810d   Thumb Code     0  rt_errno_addr_intlibspace.o(.text)
    __rt_errno_addr$intlibspace              0x0800810d   Thumb Code     0  rt_errno_addr_intlibspace.o(.text)
    __fpl_cmpreturn                          0x08008115   Thumb Code    46  cmpret.o(.text)
    __fpl_dcheck_NaN2                        0x08008145   Thumb Code    14  dnan2.o(.text)
    __fpl_fcheck_NaN2                        0x08008159   Thumb Code    10  fnan2.o(.text)
    __user_libspace                          0x08008169   Thumb Code     8  libspace.o(.text)
    __user_perproc_libspace                  0x08008169   Thumb Code     0  libspace.o(.text)
    __user_perthread_libspace                0x08008169   Thumb Code     0  libspace.o(.text)
    __user_setup_stackheap                   0x08008171   Thumb Code    62  sys_stackheap_outer.o(.text)
    exit                                     0x080081af   Thumb Code    16  exit.o(.text)
    __fpl_return_NaN                         0x080081bf   Thumb Code    94  retnan.o(.text)
    Reset_Handler                            0x0800821d   Thumb Code     8  startup_stm32f0xx.o(.text)
    ADC1_COMP_IRQHandler                     0x0800822f   Thumb Code     0  startup_stm32f0xx.o(.text)
    CEC_IRQHandler                           0x0800822f   Thumb Code     0  startup_stm32f0xx.o(.text)
    DMA1_Channel1_IRQHandler                 0x0800822f   Thumb Code     0  startup_stm32f0xx.o(.text)
    DMA1_Channel2_3_IRQHandler               0x0800822f   Thumb Code     0  startup_stm32f0xx.o(.text)
    DMA1_Channel4_5_IRQHandler               0x0800822f   Thumb Code     0  startup_stm32f0xx.o(.text)
    EXTI0_1_IRQHandler                       0x0800822f   Thumb Code     0  startup_stm32f0xx.o(.text)
    EXTI2_3_IRQHandler                       0x0800822f   Thumb Code     0  startup_stm32f0xx.o(.text)
    FLASH_IRQHandler                         0x0800822f   Thumb Code     0  startup_stm32f0xx.o(.text)
    I2C1_IRQHandler                          0x0800822f   Thumb Code     0  startup_stm32f0xx.o(.text)
    PVD_IRQHandler                           0x0800822f   Thumb Code     0  startup_stm32f0xx.o(.text)
    RCC_IRQHandler                           0x0800822f   Thumb Code     0  startup_stm32f0xx.o(.text)
    RTC_IRQHandler                           0x0800822f   Thumb Code     0  startup_stm32f0xx.o(.text)
    SPI1_IRQHandler                          0x0800822f   Thumb Code     0  startup_stm32f0xx.o(.text)
    SPI2_IRQHandler                          0x0800822f   Thumb Code     0  startup_stm32f0xx.o(.text)
    TIM14_IRQHandler                         0x0800822f   Thumb Code     0  startup_stm32f0xx.o(.text)
    TIM15_IRQHandler                         0x0800822f   Thumb Code     0  startup_stm32f0xx.o(.text)
    TIM16_IRQHandler                         0x0800822f   Thumb Code     0  startup_stm32f0xx.o(.text)
    TIM17_IRQHandler                         0x0800822f   Thumb Code     0  startup_stm32f0xx.o(.text)
    TIM1_BRK_UP_TRG_COM_IRQHandler           0x0800822f   Thumb Code     0  startup_stm32f0xx.o(.text)
    TIM1_CC_IRQHandler                       0x0800822f   Thumb Code     0  startup_stm32f0xx.o(.text)
    TIM2_IRQHandler                          0x0800822f   Thumb Code     0  startup_stm32f0xx.o(.text)
    TIM3_IRQHandler                          0x0800822f   Thumb Code     0  startup_stm32f0xx.o(.text)
    TIM6_DAC_IRQHandler                      0x0800822f   Thumb Code     0  startup_stm32f0xx.o(.text)
    TS_IRQHandler                            0x0800822f   Thumb Code     0  startup_stm32f0xx.o(.text)
    WWDG_IRQHandler                          0x0800822f   Thumb Code     0  startup_stm32f0xx.o(.text)
    __user_initial_stackheap                 0x08008231   Thumb Code     0  startup_stm32f0xx.o(.text)
    SetSysClock                              0x08008255   Thumb Code   206  system_stm32f0xx.o(.text)
    SystemInit                               0x08008323   Thumb Code   110  system_stm32f0xx.o(.text)
    SystemCoreClockUpdate                    0x08008391   Thumb Code   154  system_stm32f0xx.o(.text)
    _sys_exit                                0x0800844d   Thumb Code     8  sys_exit.o(.text)
    __use_two_region_memory                  0x08008459   Thumb Code     2  heapauxi.o(.text)
    __rt_heap_escrow$2region                 0x0800845b   Thumb Code     2  heapauxi.o(.text)
    __rt_heap_expand$2region                 0x0800845d   Thumb Code     2  heapauxi.o(.text)
    __I$use$semihosting                      0x0800845f   Thumb Code     0  use_no_semi.o(.text)
    __use_no_semihosting_swi                 0x0800845f   Thumb Code     2  use_no_semi.o(.text)
    __decompress                             0x08008461   Thumb Code     0  __dczerorl.o(.text)
    __decompress0                            0x08008461   Thumb Code    58  __dczerorl.o(.text)
    __semihosting_library_function           0x08008461   Thumb Code     0  indicate_semi.o(.text)
    __ARM_common_ll_muluu                    0x0800849b   Thumb Code    50  rred.o(i.__ARM_common_ll_muluu)
    __ARM_common_switch8                     0x080084cd   Thumb Code    28  autonetapis.o(i.__ARM_common_switch8)
    __ARM_fpclassify                         0x080084e9   Thumb Code    40  fpclassify.o(i.__ARM_fpclassify)
    __ieee754_rem_pio2                       0x08008515   Thumb Code   838  rred.o(i.__ieee754_rem_pio2)
    __kernel_cos                             0x080088b1   Thumb Code   224  cos_i.o(i.__kernel_cos)
    __kernel_poly                            0x080089a5   Thumb Code   172  poly.o(i.__kernel_poly)
    __kernel_sin                             0x08008a51   Thumb Code   222  sin_i.o(i.__kernel_sin)
    __mathlib_dbl_divzero                    0x08008b3d   Thumb Code    16  dunder.o(i.__mathlib_dbl_divzero)
    __mathlib_dbl_infnan                     0x08008b51   Thumb Code    10  dunder.o(i.__mathlib_dbl_infnan)
    __mathlib_dbl_infnan2                    0x08008b5b   Thumb Code     8  dunder.o(i.__mathlib_dbl_infnan2)
    __mathlib_dbl_invalid                    0x08008b63   Thumb Code    16  dunder.o(i.__mathlib_dbl_invalid)
    __mathlib_dbl_overflow                   0x08008b75   Thumb Code    16  dunder.o(i.__mathlib_dbl_overflow)
    __mathlib_dbl_underflow                  0x08008b89   Thumb Code    14  dunder.o(i.__mathlib_dbl_underflow)
    atan                                     0x08008b9d   Thumb Code   472  atan.o(i.atan)
    atan2                                    0x08008db9   Thumb Code   334  atan2.o(i.atan2)
    cos                                      0x08008f31   Thumb Code   142  cos.o(i.cos)
    main                                     0x08008fc9   Thumb Code   122  main.o(i.main)
    pow                                      0x08009051   Thumb Code  2548  pow.o(i.pow)
    sin                                      0x08009a4d   Thumb Code   146  sin.o(i.sin)
    sqrt                                     0x08009ae9   Thumb Code    66  sqrt.o(i.sqrt)
    __aeabi_cdcmple                          0x08009b31   Thumb Code     0  dlef.o(x$fpl$dleqf)
    _dcmple                                  0x08009b31   Thumb Code    94  dlef.o(x$fpl$dleqf)
    __aeabi_cdrcmple                         0x08009b95   Thumb Code     0  drlef.o(x$fpl$drleqf)
    _drcmple                                 0x08009b95   Thumb Code   100  drlef.o(x$fpl$drleqf)
    __aeabi_fadd                             0x08009bfd   Thumb Code     0  faddsub.o(x$fpl$fadd)
    _fadd                                    0x08009bfd   Thumb Code   134  faddsub.o(x$fpl$fadd)
    __aeabi_cfcmpeq                          0x08009c89   Thumb Code     0  feqf.o(x$fpl$feqf)
    _fcmpeq                                  0x08009c89   Thumb Code    78  feqf.o(x$fpl$feqf)
    __aeabi_cfcmple                          0x08009cdd   Thumb Code     0  flef.o(x$fpl$fleqf)
    _fcmple                                  0x08009cdd   Thumb Code    78  flef.o(x$fpl$fleqf)
    __aeabi_fmul                             0x08009d31   Thumb Code     0  fmul.o(x$fpl$fmul)
    _fmul                                    0x08009d31   Thumb Code   172  fmul.o(x$fpl$fmul)
    __aeabi_cfrcmple                         0x08009de1   Thumb Code     0  frlef.o(x$fpl$frleqf)
    _frcmple                                 0x08009de1   Thumb Code    84  frlef.o(x$fpl$frleqf)
    __aeabi_fsub                             0x08009e39   Thumb Code     0  faddsub.o(x$fpl$fsub)
    _fsub                                    0x08009e39   Thumb Code   204  faddsub.o(x$fpl$fsub)
    __I$use$fp                               0x08009f08   Number         0  usenofp.o(x$fpl$usenofp)
    __mathlib_zero                           0x0800a118   Data           8  qnan.o(.constdata)
    Region$$Table$$Base                      0x0800a210   Number         0  anon$$obj.o(Region$$Table)
    Region$$Table$$Limit                     0x0800a230   Number         0  anon$$obj.o(Region$$Table)
    DataLen                                  0x20000000   Data           1  txrx.o(.data)
    DataLen_BC                               0x20000001   Data           1  txrx.o(.data)
    RFTxOccupied                             0x20000002   Data           1  txrx.o(.data)
    RFRxOccupied                             0x20000003   Data           1  txrx.o(.data)
    RFLqi                                    0x20000004   Data           1  txrx.o(.data)
    RSSI                                     0x20000005   Data           1  txrx.o(.data)
    RSSI_BC                                  0x20000006   Data           1  txrx.o(.data)
    RFRssi_temp                              0x20000007   Data           1  txrx.o(.data)
    rssi                                     0x20000008   Data           1  txrx.o(.data)
    RFTxState                                0x20000009   Data           1  txrx.o(.data)
    RFRxState                                0x2000000a   Data           1  txrx.o(.data)
    RFReceived                               0x2000000b   Data           1  txrx.o(.data)
    RFReceivedAutoNet                        0x2000000c   Data           1  txrx.o(.data)
    RFSleepState                             0x2000000d   Data           1  txrx.o(.data)
    TimeoutFlag                              0x2000000e   Data           1  txrx.o(.data)
    lightState                               0x2000000f   Data           1  txrx.o(.data)
    DataLen_temp                             0x20000010   Data           1  txrx.o(.data)
    NbrOfDataToTransfer                      0x20000012   Data           1  com.o(.data)
    NbrOfDataToRead                          0x20000013   Data           1  com.o(.data)
    UartTxCount                              0x20000014   Data           1  com.o(.data)
    UartRxCount                              0x20000016   Data           2  com.o(.data)
    UartRxCount2                             0x20000018   Data           2  com.o(.data)
    UartTxState                              0x2000001a   Data           1  com.o(.data)
    UartRxState                              0x2000001b   Data           1  com.o(.data)
    numOfIR                                  0x2000001c   Data           1  autonetapis.o(.data)
    CommanderID                              0x2000001d   Data           1  autonetapis.o(.data)
    _Addr                                    0x2000001e   Data           2  autonetapis.o(.data)
    _Type                                    0x20000020   Data           1  autonetapis.o(.data)
    _radioChannel                            0x20000021   Data           1  autonetapis.o(.data)
    _radioPanID                              0x20000022   Data           2  autonetapis.o(.data)
    BeaconEnabled                            0x20000024   Data           4  autonetapis.o(.data)
    num                                      0x20000028   Data           4  autonetapis.o(.data)
    i                                        0x2000002c   Data           4  autonetapis.o(.data)
    j                                        0x20000030   Data           4  autonetapis.o(.data)
    k                                        0x20000034   Data           4  autonetapis.o(.data)
    gps_m                                    0x20000038   Data           4  autonetapis.o(.data)
    CheckTime                                0x2000003c   Data           4  autonetapis.o(.data)
    ConfirmGroupTime                         0x20000040   Data           4  autonetapis.o(.data)
    TimObj                                   0x20000054   Data          36  st.o(.data)
    function                                 0x20000078   Data           4  stm32f0xx_it.o(.data)
    Timer_Connect_Flag_Beacon                0x2000007c   Data           4  stm32f0xx_it.o(.data)
    timer_ticks_Beacon                       0x20000080   Data           4  stm32f0xx_it.o(.data)
    timer_period_Beacon                      0x20000084   Data           4  stm32f0xx_it.o(.data)
    BeaconTimerFlag                          0x20000088   Data           4  stm32f0xx_it.o(.data)
    Timer_Connect_Flag_IR_Beacon             0x2000008c   Data           4  stm32f0xx_it.o(.data)
    timer_ticks_IR_Beacon                    0x20000090   Data           4  stm32f0xx_it.o(.data)
    timer_period_IR_Beacon                   0x20000094   Data           4  stm32f0xx_it.o(.data)
    IR_BeaconTimerFlag                       0x20000098   Data           4  stm32f0xx_it.o(.data)
    timer_flag                               0x2000009c   Data           8  stm32f0xx_it.o(.data)
    BufferLen                                0x200000a4   Data           2  us2400apis.o(.data)
    SerialNumber                             0x200000a6   Data           1  us2400apis.o(.data)
    GPS_ResetFlag                            0x200000a8   Data           1  sensor.o(.data)
    GPS_ResetCount                           0x200000a9   Data           1  sensor.o(.data)
    GPS_ResetMax                             0x200000aa   Data           1  sensor.o(.data)
    sum_MagX                                 0x200000ab   Data           1  sensor.o(.data)
    Speed                                    0x200000ac   Data           2  sensor.o(.data)
    AK8975MagX                               0x200000ae   Data           2  sensor.o(.data)
    AK8975MagY                               0x200000b0   Data           2  sensor.o(.data)
    AK8975MagZ                               0x200000b2   Data           2  sensor.o(.data)
    MPU6050AccX                              0x200000b4   Data           2  sensor.o(.data)
    MPU6050AccY                              0x200000b6   Data           2  sensor.o(.data)
    MPU6050AccZ                              0x200000b8   Data           2  sensor.o(.data)
    MPU6050GyroX                             0x200000ba   Data           2  sensor.o(.data)
    MPU6050GyroY                             0x200000bc   Data           2  sensor.o(.data)
    MPU6050GyroZ                             0x200000be   Data           2  sensor.o(.data)
    Mag3110MagX                              0x200000c0   Data           2  sensor.o(.data)
    Mag3110MagY                              0x200000c2   Data           2  sensor.o(.data)
    Mag3110MagZ                              0x200000c4   Data           2  sensor.o(.data)
    buffer_MagX                              0x200000c6   Data           2  sensor.o(.data)
    max_x                                    0x200000c8   Data           2  sensor.o(.data)
    min_x                                    0x200000ca   Data           2  sensor.o(.data)
    max_y                                    0x200000cc   Data           2  sensor.o(.data)
    min_y                                    0x200000ce   Data           2  sensor.o(.data)
    max_z                                    0x200000d0   Data           2  sensor.o(.data)
    min_z                                    0x200000d2   Data           2  sensor.o(.data)
    time                                     0x200000d4   Data           4  sensor.o(.data)
    flat_heading                             0x200000d8   Data           4  sensor.o(.data)
    tilt_heading                             0x200000dc   Data           4  sensor.o(.data)
    Speed_x                                  0x200000e0   Data           4  sensor.o(.data)
    Speed_y                                  0x200000e4   Data           4  sensor.o(.data)
    Speed_z                                  0x200000e8   Data           4  sensor.o(.data)
    PI                                       0x200000f0   Data           8  sensor.o(.data)
    flat_headingH                            0x200000f8   Data           1  sensor.o(.data)
    flat_headingL                            0x200000f9   Data           1  sensor.o(.data)
    RealspeedH                               0x200000fa   Data           1  sensor.o(.data)
    RealspeedL                               0x200000fb   Data           1  sensor.o(.data)
    Lat                                      0x200000fc   Data           1  sensor.o(.data)
    Long                                     0x200000fd   Data           1  sensor.o(.data)
    Lat_deg                                  0x200000fe   Data           1  sensor.o(.data)
    Lat_min                                  0x200000ff   Data           1  sensor.o(.data)
    Lat_sec                                  0x20000100   Data           1  sensor.o(.data)
    Lat_dir                                  0x20000101   Data           1  sensor.o(.data)
    Long_deg                                 0x20000102   Data           1  sensor.o(.data)
    Long_min                                 0x20000103   Data           1  sensor.o(.data)
    Long_sec                                 0x20000104   Data           1  sensor.o(.data)
    Long_dir                                 0x20000105   Data           1  sensor.o(.data)
    CommandTxBuffer                          0x20000106   Data          64  mcp2120apis.o(.data)
    CommandTxBuffer_BC                       0x20000146   Data          64  mcp2120apis.o(.data)
    CommandRxBufferLen                       0x20000186   Data           1  mcp2120apis.o(.data)
    CommandRxBufferLen2                      0x20000187   Data           1  mcp2120apis.o(.data)
    CommandRxBufferLen_BC                    0x20000188   Data           1  mcp2120apis.o(.data)
    CommandRxBufferLen2_BC                   0x20000189   Data           1  mcp2120apis.o(.data)
    IRTxState                                0x2000018a   Data           1  mcp2120apis.o(.data)
    IRRxState                                0x2000018b   Data           1  mcp2120apis.o(.data)
    count                                    0x2000018c   Data           1  mcp2120apis.o(.data)
    alive_flag_MPU6050                       0x20000190   Data           1  mpu6050apis.o(.data)
    true_x                                   0x20000194   Data           4  mpu6050apis.o(.data)
    true_y                                   0x20000198   Data           4  mpu6050apis.o(.data)
    true_z                                   0x2000019c   Data           4  mpu6050apis.o(.data)
    ax_offset                                0x200001a0   Data           2  mpu6050apis.o(.data)
    ay_offset                                0x200001a2   Data           2  mpu6050apis.o(.data)
    az_offset                                0x200001a4   Data           2  mpu6050apis.o(.data)
    mean_ax                                  0x200001a6   Data           2  mpu6050apis.o(.data)
    mean_ay                                  0x200001a8   Data           2  mpu6050apis.o(.data)
    mean_az                                  0x200001aa   Data           2  mpu6050apis.o(.data)
    initial                                  0x200001ac   Data           4  mpu6050apis.o(.data)
    state                                    0x200001b0   Data           4  mpu6050apis.o(.data)
    buffersize                               0x200001b4   Data           4  mpu6050apis.o(.data)
    acel_deadzone                            0x200001b8   Data           4  mpu6050apis.o(.data)
    Temp                                     0x200001bc   Data           1  lea6sapis.o(.data)
    TempBufferCount                          0x200001bd   Data           1  lea6sapis.o(.data)
    GPSDataReady                             0x200001be   Data           1  lea6sapis.o(.data)
    p                                        0x200001c0   Data           4  lea6sapis.o(.data)
    SystemCoreClock                          0x200001c4   Data           4  system_stm32f0xx.o(.data)
    AHBPrescTable                            0x200001c8   Data          16  system_stm32f0xx.o(.data)
    RxData                                   0x200001d8   Data         128  txrx.o(.bss)
    Data                                     0x20000258   Data         128  txrx.o(.bss)
    RFTxBuffer                               0x200002d8   Data         255  txrx.o(.bss)
    UartTxBuffer                             0x200003d7   Data          64  com.o(.bss)
    UartRxBuffer                             0x20000417   Data          64  com.o(.bss)
    UartRxBuffer2                            0x20000457   Data          64  com.o(.bss)
    table                                    0x20000498   Data         480  autonetapis.o(.bss)
    IR_table                                 0x20000678   Data         192  autonetapis.o(.bss)
    myAttribute                              0x20000738   Data          30  autonetapis.o(.bss)
    myReadableAttribute                      0x20000758   Data          12  autonetapis.o(.bss)
    readabletable                            0x20000764   Data         192  autonetapis.o(.bss)
    TimForTable                              0x20000828   Data          80  autonetapis.o(.bss)
    TimForIRTable                            0x20000878   Data         160  autonetapis.o(.bss)
    Group                                    0x20000918   Data          16  autonetapis.o(.bss)
    pTxData                                  0x20000928   Data         128  autonetapis.o(.bss)
    pRxData                                  0x200009a8   Data         128  autonetapis.o(.bss)
    Timer_Connect_Flag                       0x20000a28   Data          32  stm32f0xx_it.o(.bss)
    timer_ticks                              0x20000a48   Data          32  stm32f0xx_it.o(.bss)
    timer_period                             0x20000a68   Data          32  stm32f0xx_it.o(.bss)
    Buffer                                   0x20000a88   Data         256  us2400apis.o(.bss)
    Value                                    0x20000b88   Data         256  us2400apis.o(.bss)
    TxBuff                                   0x20000c88   Data         256  us2400apis.o(.bss)
    RxBuff                                   0x20000d88   Data         256  us2400apis.o(.bss)
    TxTempBuff                               0x20000e88   Data         256  us2400apis.o(.bss)
    CommandRxBuffer                          0x20000f88   Data          64  mcp2120apis.o(.bss)
    CommandRxBuffer2                         0x20000fc8   Data          64  mcp2120apis.o(.bss)
    CommandRxBuffer_BC                       0x20001008   Data          64  mcp2120apis.o(.bss)
    CommandRxBuffer2_BC                      0x20001048   Data          64  mcp2120apis.o(.bss)
    TempBuffer                               0x20001088   Data          64  lea6sapis.o(.bss)
    __libspace_start                         0x200010c8   Data          96  libspace.o(.bss)
    __temporary_stack_top$libspace           0x20001128   Data           0  libspace.o(.bss)



==============================================================================

Memory Map of the image

  Image Entry point : 0x080000c1

  Load Region LR_IROM1 (Base: 0x08000000, Size: 0x0000a408, Max: 0x00010000, ABSOLUTE, COMPRESSED[0x0000a294])

    Execution Region ER_IROM1 (Base: 0x08000000, Size: 0x0000a230, Max: 0x00010000, ABSOLUTE)

    Base Addr    Size         Type   Attr      Idx    E Section Name        Object

    0x08000000   0x000000c0   Data   RO         1391    RESET               AutoNet.lib(startup_stm32f0xx.o)
    0x080000c0   0x00000008   Code   RO         1181  * !!!main             c_p.l(__main.o)
    0x080000c8   0x0000003c   Code   RO         1553    !!!scatter          c_p.l(__scatter.o)
    0x08000104   0x0000001c   Code   RO         1555    !!handler_zi        c_p.l(__scatter_zi.o)
    0x08000120   0x00000002   Code   RO         1164    .ARM.Collect$$_printf_percent$$00000000  c_p.l(_printf_percent.o)
    0x08000122   0x0000000a   Code   RO         1163    .ARM.Collect$$_printf_percent$$00000009  c_p.l(_printf_d.o)
    0x0800012c   0x0000000a   Code   RO         1162    .ARM.Collect$$_printf_percent$$00000013  c_p.l(_printf_c.o)
    0x08000136   0x00000004   Code   RO         1280    .ARM.Collect$$_printf_percent$$00000017  c_p.l(_printf_percent_end.o)
    0x0800013a   0x00000002   Code   RO         1386    .ARM.Collect$$libinit$$00000000  c_p.l(libinit.o)
    0x0800013c   0x00000000   Code   RO         1406    .ARM.Collect$$libinit$$00000002  c_p.l(libinit2.o)
    0x0800013c   0x00000000   Code   RO         1408    .ARM.Collect$$libinit$$00000004  c_p.l(libinit2.o)
    0x0800013c   0x00000000   Code   RO         1411    .ARM.Collect$$libinit$$0000000A  c_p.l(libinit2.o)
    0x0800013c   0x00000000   Code   RO         1413    .ARM.Collect$$libinit$$0000000C  c_p.l(libinit2.o)
    0x0800013c   0x00000000   Code   RO         1415    .ARM.Collect$$libinit$$0000000E  c_p.l(libinit2.o)
    0x0800013c   0x00000000   Code   RO         1418    .ARM.Collect$$libinit$$00000011  c_p.l(libinit2.o)
    0x0800013c   0x00000000   Code   RO         1420    .ARM.Collect$$libinit$$00000013  c_p.l(libinit2.o)
    0x0800013c   0x00000000   Code   RO         1422    .ARM.Collect$$libinit$$00000015  c_p.l(libinit2.o)
    0x0800013c   0x00000000   Code   RO         1424    .ARM.Collect$$libinit$$00000017  c_p.l(libinit2.o)
    0x0800013c   0x00000000   Code   RO         1426    .ARM.Collect$$libinit$$00000019  c_p.l(libinit2.o)
    0x0800013c   0x00000000   Code   RO         1428    .ARM.Collect$$libinit$$0000001B  c_p.l(libinit2.o)
    0x0800013c   0x00000000   Code   RO         1430    .ARM.Collect$$libinit$$0000001D  c_p.l(libinit2.o)
    0x0800013c   0x00000000   Code   RO         1432    .ARM.Collect$$libinit$$0000001F  c_p.l(libinit2.o)
    0x0800013c   0x00000000   Code   RO         1434    .ARM.Collect$$libinit$$00000021  c_p.l(libinit2.o)
    0x0800013c   0x00000000   Code   RO         1436    .ARM.Collect$$libinit$$00000023  c_p.l(libinit2.o)
    0x0800013c   0x00000000   Code   RO         1438    .ARM.Collect$$libinit$$00000025  c_p.l(libinit2.o)
    0x0800013c   0x00000000   Code   RO         1442    .ARM.Collect$$libinit$$0000002C  c_p.l(libinit2.o)
    0x0800013c   0x00000000   Code   RO         1444    .ARM.Collect$$libinit$$0000002E  c_p.l(libinit2.o)
    0x0800013c   0x00000000   Code   RO         1446    .ARM.Collect$$libinit$$00000030  c_p.l(libinit2.o)
    0x0800013c   0x00000000   Code   RO         1448    .ARM.Collect$$libinit$$00000032  c_p.l(libinit2.o)
    0x0800013c   0x00000002   Code   RO         1449    .ARM.Collect$$libinit$$00000033  c_p.l(libinit2.o)
    0x0800013e   0x00000002   Code   RO         1508    .ARM.Collect$$libshutdown$$00000000  c_p.l(libshutdown.o)
    0x08000140   0x00000000   Code   RO         1534    .ARM.Collect$$libshutdown$$00000002  c_p.l(libshutdown2.o)
    0x08000140   0x00000000   Code   RO         1536    .ARM.Collect$$libshutdown$$00000004  c_p.l(libshutdown2.o)
    0x08000140   0x00000000   Code   RO         1539    .ARM.Collect$$libshutdown$$00000007  c_p.l(libshutdown2.o)
    0x08000140   0x00000000   Code   RO         1542    .ARM.Collect$$libshutdown$$0000000A  c_p.l(libshutdown2.o)
    0x08000140   0x00000000   Code   RO         1544    .ARM.Collect$$libshutdown$$0000000C  c_p.l(libshutdown2.o)
    0x08000140   0x00000000   Code   RO         1547    .ARM.Collect$$libshutdown$$0000000F  c_p.l(libshutdown2.o)
    0x08000140   0x00000002   Code   RO         1548    .ARM.Collect$$libshutdown$$00000010  c_p.l(libshutdown2.o)
    0x08000142   0x00000000   Code   RO         1265    .ARM.Collect$$rtentry$$00000000  c_p.l(__rtentry.o)
    0x08000142   0x00000000   Code   RO         1340    .ARM.Collect$$rtentry$$00000002  c_p.l(__rtentry2.o)
    0x08000142   0x00000006   Code   RO         1352    .ARM.Collect$$rtentry$$00000004  c_p.l(__rtentry4.o)
    0x08000148   0x00000000   Code   RO         1342    .ARM.Collect$$rtentry$$00000009  c_p.l(__rtentry2.o)
    0x08000148   0x00000004   Code   RO         1343    .ARM.Collect$$rtentry$$0000000A  c_p.l(__rtentry2.o)
    0x0800014c   0x00000000   Code   RO         1345    .ARM.Collect$$rtentry$$0000000C  c_p.l(__rtentry2.o)
    0x0800014c   0x00000008   Code   RO         1346    .ARM.Collect$$rtentry$$0000000D  c_p.l(__rtentry2.o)
    0x08000154   0x00000002   Code   RO         1397    .ARM.Collect$$rtexit$$00000000  c_p.l(rtexit.o)
    0x08000156   0x00000000   Code   RO         1479    .ARM.Collect$$rtexit$$00000002  c_p.l(rtexit2.o)
    0x08000156   0x00000004   Code   RO         1480    .ARM.Collect$$rtexit$$00000003  c_p.l(rtexit2.o)
    0x0800015a   0x00000006   Code   RO         1481    .ARM.Collect$$rtexit$$00000004  c_p.l(rtexit2.o)
    0x08000160   0x00000038   Code   RO         1171    .emb_text           c_p.l(rt_memcpy.o)
    0x08000198   0x000002f0   Code   RO          191    .text               AutoNet.lib(txrx.o)
    0x08000488   0x000002b0   Code   RO          325    .text               AutoNet.lib(com.o)
    0x08000738   0x00000054   Code   RO          349    .text               AutoNet.lib(switch.o)
    0x0800078c   0x00000fe8   Code   RO          455    .text               AutoNet.lib(autonetapis.o)
    0x08001774   0x000001f0   Code   RO          510    .text               AutoNet.lib(stm32f0xx_gpio.o)
    0x08001964   0x000000b4   Code   RO          530    .text               AutoNet.lib(stm32f0xx_misc.o)
    0x08001a18   0x000005f8   Code   RO          550    .text               AutoNet.lib(stm32f0xx_rcc.o)
    0x08002010   0x0000054c   Code   RO          572    .text               AutoNet.lib(stm32f0xx_usart.o)
    0x0800255c   0x00000154   Code   RO          592    .text               AutoNet.lib(config.o)
    0x080026b0   0x000001c4   Code   RO          619    .text               AutoNet.lib(spi.o)
    0x08002874   0x00000270   Code   RO          642    .text               AutoNet.lib(i2c.o)
    0x08002ae4   0x000000d8   Code   RO          665    .text               AutoNet.lib(st.o)
    0x08002bbc   0x00000610   Code   RO          691    .text               AutoNet.lib(stm32f0xx_it.o)
    0x080031cc   0x000006d8   Code   RO          732    .text               AutoNet.lib(us2400apis.o)
    0x080038a4   0x00000244   Code   RO          772    .text               AutoNet.lib(stm32f0xx_lp_modes.o)
    0x08003ae8   0x00000930   Code   RO          795    .text               AutoNet.lib(sensor.o)
    0x08004418   0x00000046   Code   RO          822    .text               AutoNet.lib(tmp75apis.o)
    0x0800445e   0x00000002   PAD
    0x08004460   0x000003d0   Code   RO          848    .text               AutoNet.lib(mcp2120apis.o)
    0x08004830   0x00000170   Code   RO          879    .text               AutoNet.lib(stm32f0xx_dma.o)
    0x080049a0   0x000000f8   Code   RO          899    .text               AutoNet.lib(stm32f0xx_exti.o)
    0x08004a98   0x00000496   Code   RO          919    .text               AutoNet.lib(stm32f0xx_i2c.o)
    0x08004f2e   0x00000002   PAD
    0x08004f30   0x0000013c   Code   RO          939    .text               AutoNet.lib(stm32f0xx_pwr.o)
    0x0800506c   0x00000b88   Code   RO          959    .text               AutoNet.lib(stm32f0xx_rtc.o)
    0x08005bf4   0x000003bc   Code   RO          979    .text               AutoNet.lib(stm32f0xx_spi.o)
    0x08005fb0   0x000000f0   Code   RO          999    .text               AutoNet.lib(stm32f0xx_syscfg.o)
    0x080060a0   0x0000064c   Code   RO         1019    .text               AutoNet.lib(mpu6050apis.o)
    0x080066ec   0x00000328   Code   RO         1049    .text               AutoNet.lib(lea6sapis.o)
    0x08006a14   0x0000005c   Code   RO         1080    .text               AutoNet.lib(bh1750fviapis.o)
    0x08006a70   0x000000ec   Code   RO         1106    .text               AutoNet.lib(ak8975apis.o)
    0x08006b5c   0x00000028   Code   RO         1134    .text               c_p.l(noretval__2sprintf.o)
    0x08006b84   0x0000006c   Code   RO         1136    .text               c_p.l(__printf.o)
    0x08006bf0   0x00000052   Code   RO         1138    .text               c_p.l(_printf_str.o)
    0x08006c42   0x00000002   PAD
    0x08006c44   0x0000006c   Code   RO         1140    .text               c_p.l(_printf_dec.o)
    0x08006cb0   0x00000028   Code   RO         1165    .text               c_p.l(strstr.o)
    0x08006cd8   0x0000005a   Code   RO         1167    .text               c_p.l(memcmp.o)
    0x08006d32   0x00000002   PAD
    0x08006d34   0x00000044   Code   RO         1169    .text               c_p.l(strlen.o)
    0x08006d78   0x00000082   Code   RO         1172    .text               c_p.l(rt_memcpy.o)
    0x08006dfa   0x00000040   Code   RO         1175    .text               c_p.l(rt_memclr.o)
    0x08006e3a   0x0000015a   Code   RO         1177    .text               c_p.l(aeabi_sdiv.o)
    0x08006f94   0x0000007c   Code   RO         1183    .text               fz_ps.l(d2f.o)
    0x08007010   0x00000358   Code   RO         1185    .text               fz_ps.l(daddsub.o)
    0x08007368   0x00000448   Code   RO         1187    .text               fz_ps.l(ddiv.o)
    0x080077b0   0x0000006c   Code   RO         1190    .text               fz_ps.l(dfixi.o)
    0x0800781c   0x00000048   Code   RO         1192    .text               fz_ps.l(dfixui.o)
    0x08007864   0x00000058   Code   RO         1194    .text               fz_ps.l(dflti.o)
    0x080078bc   0x00000248   Code   RO         1198    .text               fz_ps.l(dmul.o)
    0x08007b04   0x00000054   Code   RO         1200    .text               fz_ps.l(f2d.o)
    0x08007b58   0x00000160   Code   RO         1208    .text               fz_ps.l(fdiv.o)
    0x08007cb8   0x0000004c   Code   RO         1213    .text               fz_ps.l(ffixi.o)
    0x08007d04   0x0000005e   Code   RO         1215    .text               fz_ps.l(fflti.o)
    0x08007d62   0x00000016   Code   RO         1270    .text               c_p.l(_rserrno.o)
    0x08007d78   0x000000b0   Code   RO         1272    .text               c_p.l(_printf_intcommon.o)
    0x08007e28   0x00000030   Code   RO         1274    .text               c_p.l(_printf_char_common.o)
    0x08007e58   0x0000000a   Code   RO         1276    .text               c_p.l(_sputc.o)
    0x08007e62   0x0000002e   Code   RO         1278    .text               c_p.l(_printf_char.o)
    0x08007e90   0x00000028   Code   RO         1281    .text               c_p.l(rtudiv10.o)
    0x08007eb8   0x00000090   Code   RO         1283    .text               fz_ps.l(dcmpin.o)
    0x08007f48   0x00000060   Code   RO         1287    .text               fz_ps.l(dscalbn.o)
    0x08007fa8   0x00000100   Code   RO         1289    .text               fz_ps.l(dsqrt.o)
    0x080080a8   0x00000064   Code   RO         1291    .text               fz_ps.l(fcmpin.o)
    0x0800810c   0x00000008   Code   RO         1359    .text               c_p.l(rt_errno_addr_intlibspace.o)
    0x08008114   0x0000002e   Code   RO         1363    .text               fz_ps.l(cmpret.o)
    0x08008142   0x00000002   PAD
    0x08008144   0x00000014   Code   RO         1365    .text               fz_ps.l(dnan2.o)
    0x08008158   0x00000010   Code   RO         1367    .text               fz_ps.l(fnan2.o)
    0x08008168   0x00000008   Code   RO         1369    .text               c_p.l(libspace.o)
    0x08008170   0x0000003e   Code   RO         1372    .text               c_p.l(sys_stackheap_outer.o)
    0x080081ae   0x00000010   Code   RO         1375    .text               c_p.l(exit.o)
    0x080081be   0x0000005e   Code   RO         1387    .text               fz_ps.l(retnan.o)
    0x0800821c   0x00000038   Code   RO         1392    .text               AutoNet.lib(startup_stm32f0xx.o)
    0x08008254   0x000001f8   Code   RO         1452    .text               AutoNet.lib(system_stm32f0xx.o)
    0x0800844c   0x0000000c   Code   RO         1476    .text               c_p.l(sys_exit.o)
    0x08008458   0x00000006   Code   RO         1489    .text               c_p.l(heapauxi.o)
    0x0800845e   0x00000002   Code   RO         1497    .text               c_p.l(use_no_semi.o)
    0x08008460   0x00000000   Code   RO         1499    .text               c_p.l(indicate_semi.o)
    0x08008460   0x0000003a   Code   RO         1551    .text               c_p.l(__dczerorl.o)
    0x0800849a   0x00000032   Code   RO         1331    i.__ARM_common_ll_muluu  m_ps.l(rred.o)
    0x080084cc   0x0000001c   Code   RO          474    i.__ARM_common_switch8  AutoNet.lib(autonetapis.o)
    0x080084e8   0x0000002c   Code   RO         1321    i.__ARM_fpclassify  m_ps.l(fpclassify.o)
    0x08008514   0x0000039c   Code   RO         1326    i.__ieee754_rem_pio2  m_ps.l(rred.o)
    0x080088b0   0x000000f4   Code   RO         1304    i.__kernel_cos      m_ps.l(cos_i.o)
    0x080089a4   0x000000ac   Code   RO         1323    i.__kernel_poly     m_ps.l(poly.o)
    0x08008a50   0x000000ec   Code   RO         1333    i.__kernel_sin      m_ps.l(sin_i.o)
    0x08008b3c   0x00000014   Code   RO         1307    i.__mathlib_dbl_divzero  m_ps.l(dunder.o)
    0x08008b50   0x0000000a   Code   RO         1308    i.__mathlib_dbl_infnan  m_ps.l(dunder.o)
    0x08008b5a   0x00000008   Code   RO         1309    i.__mathlib_dbl_infnan2  m_ps.l(dunder.o)
    0x08008b62   0x00000010   Code   RO         1310    i.__mathlib_dbl_invalid  m_ps.l(dunder.o)
    0x08008b72   0x00000002   PAD
    0x08008b74   0x00000014   Code   RO         1311    i.__mathlib_dbl_overflow  m_ps.l(dunder.o)
    0x08008b88   0x00000014   Code   RO         1313    i.__mathlib_dbl_underflow  m_ps.l(dunder.o)
    0x08008b9c   0x0000021c   Code   RO         1295    i.atan              m_ps.l(atan.o)
    0x08008db8   0x00000178   Code   RO         1224    i.atan2             m_ps.l(atan2.o)
    0x08008f30   0x00000098   Code   RO         1232    i.cos               m_ps.l(cos.o)
    0x08008fc8   0x00000088   Code   RO            3    i.main              main.o
    0x08009050   0x000009fc   Code   RO         1240    i.pow               m_ps.l(pow.o)
    0x08009a4c   0x0000009c   Code   RO         1250    i.sin               m_ps.l(sin.o)
    0x08009ae8   0x00000048   Code   RO         1258    i.sqrt              m_ps.l(sqrt.o)
    0x08009b30   0x00000064   Code   RO         1196    x$fpl$dleqf         fz_ps.l(dlef.o)
    0x08009b94   0x00000068   Code   RO         1285    x$fpl$drleqf        fz_ps.l(drlef.o)
    0x08009bfc   0x0000008c   Code   RO         1202    x$fpl$fadd          fz_ps.l(faddsub.o)
    0x08009c88   0x00000054   Code   RO         1211    x$fpl$feqf          fz_ps.l(feqf.o)
    0x08009cdc   0x00000054   Code   RO         1217    x$fpl$fleqf         fz_ps.l(flef.o)
    0x08009d30   0x000000b0   Code   RO         1219    x$fpl$fmul          fz_ps.l(fmul.o)
    0x08009de0   0x00000058   Code   RO         1221    x$fpl$frleqf        fz_ps.l(frlef.o)
    0x08009e38   0x000000d0   Code   RO         1204    x$fpl$fsub          fz_ps.l(faddsub.o)
    0x08009f08   0x00000000   Code   RO         1293    x$fpl$usenofp       fz_ps.l(usenofp.o)
    0x08009f08   0x00000080   Data   RO         1188    .constdata          fz_ps.l(ddiv.o)
    0x08009f88   0x00000040   Data   RO         1209    .constdata          fz_ps.l(fdiv.o)
    0x08009fc8   0x00000088   Data   RO         1241    .constdata          m_ps.l(pow.o)
    0x0800a050   0x00000098   Data   RO         1296    .constdata          m_ps.l(atan.o)
    0x0800a0e8   0x00000030   Data   RO         1305    .constdata          m_ps.l(cos_i.o)
    0x0800a118   0x00000008   Data   RO         1325    .constdata          m_ps.l(qnan.o)
    0x0800a120   0x000000c8   Data   RO         1328    .constdata          m_ps.l(rred.o)
    0x0800a1e8   0x00000028   Data   RO         1334    .constdata          m_ps.l(sin_i.o)
    0x0800a210   0x00000020   Data   RO         1549    Region$$Table       anon$$obj.o


    Execution Region RW_IRAM1 (Base: 0x20000000, Size: 0x00001728, Max: 0x00002000, ABSOLUTE, COMPRESSED[0x00000064])

    Base Addr    Size         Type   Attr      Idx    E Section Name        Object

    0x20000000   0x00000011   Data   RW          193    .data               AutoNet.lib(txrx.o)
    0x20000011   0x00000001   PAD
    0x20000012   0x0000000a   Data   RW          327    .data               AutoNet.lib(com.o)
    0x2000001c   0x00000028   Data   RW          457    .data               AutoNet.lib(autonetapis.o)
    0x20000044   0x00000010   Data   RW          551    .data               AutoNet.lib(stm32f0xx_rcc.o)
    0x20000054   0x00000024   Data   RW          666    .data               AutoNet.lib(st.o)
    0x20000078   0x0000002c   Data   RW          693    .data               AutoNet.lib(stm32f0xx_it.o)
    0x200000a4   0x00000003   Data   RW          734    .data               AutoNet.lib(us2400apis.o)
    0x200000a7   0x00000001   PAD
    0x200000a8   0x0000005e   Data   RW          796    .data               AutoNet.lib(sensor.o)
    0x20000106   0x00000087   Data   RW          850    .data               AutoNet.lib(mcp2120apis.o)
    0x2000018d   0x00000003   PAD
    0x20000190   0x0000002c   Data   RW         1020    .data               AutoNet.lib(mpu6050apis.o)
    0x200001bc   0x00000008   Data   RW         1051    .data               AutoNet.lib(lea6sapis.o)
    0x200001c4   0x00000014   Data   RW         1453    .data               AutoNet.lib(system_stm32f0xx.o)
    0x200001d8   0x000001ff   Zero   RW          192    .bss                AutoNet.lib(txrx.o)
    0x200003d7   0x000000c0   Zero   RW          326    .bss                AutoNet.lib(com.o)
    0x20000497   0x00000001   PAD
    0x20000498   0x00000590   Zero   RW          456    .bss                AutoNet.lib(autonetapis.o)
    0x20000a28   0x00000060   Zero   RW          692    .bss                AutoNet.lib(stm32f0xx_it.o)
    0x20000a88   0x00000500   Zero   RW          733    .bss                AutoNet.lib(us2400apis.o)
    0x20000f88   0x00000100   Zero   RW          849    .bss                AutoNet.lib(mcp2120apis.o)
    0x20001088   0x00000040   Zero   RW         1050    .bss                AutoNet.lib(lea6sapis.o)
    0x200010c8   0x00000060   Zero   RW         1370    .bss                c_p.l(libspace.o)
    0x20001128   0x00000200   Zero   RW         1390    HEAP                AutoNet.lib(startup_stm32f0xx.o)
    0x20001328   0x00000400   Zero   RW         1389    STACK               AutoNet.lib(startup_stm32f0xx.o)


==============================================================================

Image component sizes


      Code (inc. data)   RO Data    RW Data    ZI Data      Debug   Object Name

       136         14          0          0          0       5319   main.o

    ----------------------------------------------------------------------
       136         14         32          0          0       5319   Object Totals
         0          0         32          0          0          0   (incl. Generated)
         0          0          0          0          0          0   (incl. Padding)

    ----------------------------------------------------------------------

      Code (inc. data)   RO Data    RW Data    ZI Data      Debug   Library Member Name

       236          0          0          0          0        859   ak8975apis.o
      4100        292          0         40       1424      14103   autonetapis.o
        92         10          0          0          0        812   bh1750fviapis.o
       688         34          0         10        192       3056   com.o
       340         10          0          0          0       1042   config.o
       624         14          0          0          0       2035   i2c.o
       808         48          0          8         64       2724   lea6sapis.o
       976         50          0        135        256       4549   mcp2120apis.o
      1612        104          0         44          0       4402   mpu6050apis.o
      2352        160          0         94          0       6322   sensor.o
       452         16          0          0          0       1277   spi.o
       216         20          0         36          0       7110   st.o
        56         26        192          0       1536        708   startup_stm32f0xx.o
       368         12          0          0          0       3454   stm32f0xx_dma.o
       248         12          0          0          0       2239   stm32f0xx_exti.o
       496         22          0          0          0       3709   stm32f0xx_gpio.o
      1174         24          0          0          0       9838   stm32f0xx_i2c.o
      1552        170          0         44         96       5251   stm32f0xx_it.o
       580         22          0          0          0       1827   stm32f0xx_lp_modes.o
       180         14          0          0          0       1392   stm32f0xx_misc.o
       316         10          0          0          0       2166   stm32f0xx_pwr.o
      1528         42          0         16          0       8522   stm32f0xx_rcc.o
      2952         52          0          0          0      12964   stm32f0xx_rtc.o
       956         42          0          0          0       7635   stm32f0xx_spi.o
       240          4          0          0          0       2010   stm32f0xx_syscfg.o
      1356         16          0          0          0      11838   stm32f0xx_usart.o
        84          6          0          0          0      89177   switch.o
       504         34          0         20          0       1595   system_stm32f0xx.o
        70          0          0          0          0       1149   tmp75apis.o
       752         68          0         17        511     151090   txrx.o
      1752         48          0          3       1280       5101   us2400apis.o
        58          0          0          0          0          0   __dczerorl.o
         8          0          0          0          0         68   __main.o
       108          0          0          0          0         76   __printf.o
         0          0          0          0          0          0   __rtentry.o
        12          0          0          0          0          0   __rtentry2.o
         6          0          0          0          0          0   __rtentry4.o
        60          8          0          0          0          0   __scatter.o
        28          0          0          0          0          0   __scatter_zi.o
        10          0          0          0          0          0   _printf_c.o
        46          0          0          0          0        100   _printf_char.o
        48          6          0          0          0         88   _printf_char_common.o
        10          0          0          0          0          0   _printf_d.o
       108         18          0          0          0         76   _printf_dec.o
       176          0          0          0          0         84   _printf_intcommon.o
         2          0          0          0          0          0   _printf_percent.o
         4          0          0          0          0          0   _printf_percent_end.o
        82          0          0          0          0         72   _printf_str.o
        22          0          0          0          0         92   _rserrno.o
        10          0          0          0          0         60   _sputc.o
       346          0          0          0          0         92   aeabi_sdiv.o
        16          0          0          0          0         68   exit.o
         6          0          0          0          0        136   heapauxi.o
         0          0          0          0          0          0   indicate_semi.o
         2          0          0          0          0          0   libinit.o
         2          0          0          0          0          0   libinit2.o
         2          0          0          0          0          0   libshutdown.o
         2          0          0          0          0          0   libshutdown2.o
         8          4          0          0         96         68   libspace.o
        90          0          0          0          0         68   memcmp.o
        40          4          0          0          0         84   noretval__2sprintf.o
         8          4          0          0          0         68   rt_errno_addr_intlibspace.o
        64          0          0          0          0        108   rt_memclr.o
       186          0          0          0          0        144   rt_memcpy.o
         2          0          0          0          0          0   rtexit.o
        10          0          0          0          0          0   rtexit2.o
        40          0          0          0          0         60   rtudiv10.o
        68          6          0          0          0         72   strlen.o
        40          0          0          0          0         72   strstr.o
        12          4          0          0          0         60   sys_exit.o
        62          0          0          0          0         80   sys_stackheap_outer.o
         2          0          0          0          0         68   use_no_semi.o
        46          0          0          0          0         60   cmpret.o
       124          4          0          0          0         72   d2f.o
       856         20          0          0          0        208   daddsub.o
       144          4          0          0          0         76   dcmpin.o
      1096         26        128          0          0        112   ddiv.o
       108         10          0          0          0         72   dfixi.o
        72          4          0          0          0         68   dfixui.o
        88          0          0          0          0         92   dflti.o
       100          4          0          0          0         92   dlef.o
       584         26          0          0          0         84   dmul.o
        20          6          0          0          0         68   dnan2.o
       104          4          0          0          0        104   drlef.o
        96         12          0          0          0         72   dscalbn.o
       256          8          0          0          0         76   dsqrt.o
        84          4          0          0          0         60   f2d.o
       348          8          0          0          0        160   faddsub.o
       100          4          0          0          0         68   fcmpin.o
       352         10         64          0          0         92   fdiv.o
        84          4          0          0          0         76   feqf.o
        76          0          0          0          0         68   ffixi.o
        94          0          0          0          0         92   fflti.o
        84          4          0          0          0         76   flef.o
       176          4          0          0          0         80   fmul.o
        16          6          0          0          0         68   fnan2.o
        88          4          0          0          0         76   frlef.o
        94          0          0          0          0         68   retnan.o
         0          0          0          0          0          0   usenofp.o
       540         68        152          0          0        112   atan.o
       376         42          0          0          0        144   atan2.o
       152         10          0          0          0        104   cos.o
       244         20         48          0          0         92   cos_i.o
        94         14          0          0          0        408   dunder.o
        44          4          0          0          0         60   fpclassify.o
       172          0          0          0          0         76   poly.o
      2556        196        136          0          0        240   pow.o
         0          0          8          0          0          0   qnan.o
       974         86        200          0          0        200   rred.o
       156         10          0          0          0        104   sin.o
       236         14         40          0          0        100   sin_i.o
        72          6          0          0          0         76   sqrt.o

    ----------------------------------------------------------------------
     40384       2082        968        472       5456     375876   Library Totals
        12          0          0          5          1          0   (incl. Padding)

    ----------------------------------------------------------------------

      Code (inc. data)   RO Data    RW Data    ZI Data      Debug   Library Name

     27660       1382        192        467       5359     369956   AutoNet.lib
      1806         54          0          0         96       1964   c_p.l
      5290        176        192          0          0       2240   fz_ps.l
      5616        470        584          0          0       1716   m_ps.l

    ----------------------------------------------------------------------
     40384       2082        968        472       5456     375876   Library Totals

    ----------------------------------------------------------------------

==============================================================================


      Code (inc. data)   RO Data    RW Data    ZI Data      Debug   

     40520       2096       1000        472       5456     375519   Grand Totals
     40520       2096       1000        100       5456     375519   ELF Image Totals (compressed)
     40520       2096       1000        100          0          0   ROM Totals

==============================================================================

    Total RO  Size (Code + RO Data)                41520 (  40.55kB)
    Total RW  Size (RW Data + ZI Data)              5928 (   5.79kB)
    Total ROM Size (Code + RO Data + RW Data)      41620 (  40.64kB)

==============================================================================

